Archive member included to satisfy reference by file (symbol)

C:/Users/SeigoSakaki/SimplicityStudio/SDKs/gecko_sdk//platform/radio/rail_lib/autogen/librail_release/librail_efr32xg23_gcc_release.a(rail_zwave_rf_hal.o)
                              ./gecko_sdk_4.4.6/platform/radio/rail_lib/plugin/rail_util_protocol/sl_rail_util_protocol.o (RAIL_ZWAVE_REGION_EU)
C:/Users/SeigoSakaki/SimplicityStudio/SDKs/gecko_sdk//platform/radio/rail_lib/autogen/librail_release/librail_efr32xg23_gcc_release.a(rfhal_ircal.o)
                              C:/Users/SeigoSakaki/SimplicityStudio/SDKs/gecko_sdk//platform/radio/rail_lib/autogen/librail_release/librail_efr32xg23_gcc_release.a(rail_zwave_rf_hal.o) (RAILINT_cfa5a467c37a5670581316d9a449dab5)
C:/Users/SeigoSakaki/SimplicityStudio/SDKs/gecko_sdk//platform/radio/rail_lib/autogen/librail_release/librail_efr32xg23_gcc_release.a(rfhal_antenna.o)
                              C:/Users/SeigoSakaki/SimplicityStudio/SDKs/gecko_sdk//platform/radio/rail_lib/autogen/librail_release/librail_efr32xg23_gcc_release.a(rfhal_ircal.o) (RAILINT_7c4474e9c252fd93501bbf7d6298f3d3)
C:/Users/SeigoSakaki/SimplicityStudio/SDKs/gecko_sdk//platform/radio/rail_lib/autogen/librail_release/librail_efr32xg23_gcc_release.a(rfhal_bufc.o)
                              C:/Users/SeigoSakaki/SimplicityStudio/SDKs/gecko_sdk//platform/radio/rail_lib/autogen/librail_release/librail_efr32xg23_gcc_release.a(rfhal_ircal.o) (RAILINT_6281eecc9c4ea6e1ecc523be2e1d48d2)
C:/Users/SeigoSakaki/SimplicityStudio/SDKs/gecko_sdk//platform/radio/rail_lib/autogen/librail_release/librail_efr32xg23_gcc_release.a(rfhal_pa.o)
                              C:/Users/SeigoSakaki/SimplicityStudio/SDKs/gecko_sdk//platform/radio/rail_lib/autogen/librail_release/librail_efr32xg23_gcc_release.a(rail_zwave_rf_hal.o) (RAILINT_4afebab4d21eb082c7788c52f582aebd)
C:/Users/SeigoSakaki/SimplicityStudio/SDKs/gecko_sdk//platform/radio/rail_lib/autogen/librail_release/librail_efr32xg23_gcc_release.a(rfhal_protimer.o)
                              C:/Users/SeigoSakaki/SimplicityStudio/SDKs/gecko_sdk//platform/radio/rail_lib/autogen/librail_release/librail_efr32xg23_gcc_release.a(rfhal_ircal.o) (RAILINT_2223a417874d3df58e7836e188fbd679)
C:/Users/SeigoSakaki/SimplicityStudio/SDKs/gecko_sdk//platform/radio/rail_lib/autogen/librail_release/librail_efr32xg23_gcc_release.a(rfhal_radio.o)
                              C:/Users/SeigoSakaki/SimplicityStudio/SDKs/gecko_sdk//platform/radio/rail_lib/autogen/librail_release/librail_efr32xg23_gcc_release.a(rail_zwave_rf_hal.o) (RAILINT_218cde0c3f45a7d04cd5b221c6c89ad2)
C:/Users/SeigoSakaki/SimplicityStudio/SDKs/gecko_sdk//platform/radio/rail_lib/autogen/librail_release/librail_efr32xg23_gcc_release.a(rfhal_synth.o)
                              C:/Users/SeigoSakaki/SimplicityStudio/SDKs/gecko_sdk//platform/radio/rail_lib/autogen/librail_release/librail_efr32xg23_gcc_release.a(rfhal_ircal.o) (RAILINT_9e306f55d2f3c85a26d2a5212585345f)
C:/Users/SeigoSakaki/SimplicityStudio/SDKs/gecko_sdk//platform/radio/rail_lib/autogen/librail_release/librail_efr32xg23_gcc_release.a(rfhal_timings.o)
                              C:/Users/SeigoSakaki/SimplicityStudio/SDKs/gecko_sdk//platform/radio/rail_lib/autogen/librail_release/librail_efr32xg23_gcc_release.a(rfhal_pa.o) (RAILINT_06b1ea13261364007801a74aa7e1e357)
C:/Users/SeigoSakaki/SimplicityStudio/SDKs/gecko_sdk//platform/radio/rail_lib/autogen/librail_release/librail_efr32xg23_gcc_release.a(seq_globals.o)
                              C:/Users/SeigoSakaki/SimplicityStudio/SDKs/gecko_sdk//platform/radio/rail_lib/autogen/librail_release/librail_efr32xg23_gcc_release.a(rfhal_radio.o) (RAILINT_9743c96ef075be688881e5d1e5667476)
C:/Users/SeigoSakaki/SimplicityStudio/SDKs/gecko_sdk//platform/radio/rail_lib/autogen/librail_release/librail_efr32xg23_gcc_release.a(generic_phy.o)
                              C:/Users/SeigoSakaki/SimplicityStudio/SDKs/gecko_sdk//platform/radio/rail_lib/autogen/librail_release/librail_efr32xg23_gcc_release.a(rail_zwave_rf_hal.o) (RAILINT_e56520736dccfc6b4febe00b533ea27a)
C:/Users/SeigoSakaki/SimplicityStudio/SDKs/gecko_sdk//platform/radio/rail_lib/autogen/librail_release/librail_efr32xg23_gcc_release.a(generic_efr32xg23_release_seq.o)
                              C:/Users/SeigoSakaki/SimplicityStudio/SDKs/gecko_sdk//platform/radio/rail_lib/autogen/librail_release/librail_efr32xg23_gcc_release.a(rfhal_radio.o) (RAILINT_92778c07306e92722c65f3193fdf1096)
C:/Users/SeigoSakaki/SimplicityStudio/SDKs/gecko_sdk//platform/radio/rail_lib/autogen/librail_release/librail_efr32xg23_gcc_release.a(zwave_efr32xg23_configurator_out.o)
                              C:/Users/SeigoSakaki/SimplicityStudio/SDKs/gecko_sdk//platform/radio/rail_lib/autogen/librail_release/librail_efr32xg23_gcc_release.a(rail_zwave_rf_hal.o) (RAILINT_a2d9bf5b318689840b919f604b0e95b4)
[...]
Memory Configuration

Name             Origin             Length             Attributes
FLASH            0x08000000         0x0007e000         xr
RAM              0x20000000         0x00010000         xrw
*default*        0x00000000         0xffffffff

Linker script and memory map

LOAD c:/siliconlabs/simplicitystudio/v5/developer/toolchains/gnu_arm/12.2.rel1_2023.7/bin/../lib/gcc/arm-none-eabi/12.2.1/thumb/v8-m.main+fp/hard/crti.o
LOAD c:/siliconlabs/simplicitystudio/v5/developer/toolchains/gnu_arm/12.2.rel1_2023.7/bin/../lib/gcc/arm-none-eabi/12.2.1/thumb/v8-m.main+fp/hard/crtbegin.o
LOAD c:/siliconlabs/simplicitystudio/v5/developer/toolchains/gnu_arm/12.2.rel1_2023.7/bin/../lib/gcc/arm-none-eabi/12.2.1/thumb/v8-m.main+fp/hard/crt0.o
START GROUP
LOAD ./app_init.o
LOAD ./app_process.o
LOAD ./main.o
LOAD ./autogen/rail_config.o
LOAD ./autogen/sl_device_init_clocks.o
LOAD ./autogen/sl_emlib_gpio_simple_init.o
LOAD ./autogen/sl_event_handler.o
LOAD ./autogen/sl_iostream_handles.o
LOAD ./autogen/sl_iostream_init_eusart_instances.o
LOAD ./autogen/sl_rail_util_callbacks.o
LOAD ./autogen/sl_rail_util_init.o
LOAD ./gecko_sdk_4.4.6/platform/Device/SiliconLabs/EFR32FG23/Source/startup_efr32fg23.o
LOAD ./gecko_sdk_4.4.6/platform/Device/SiliconLabs/EFR32FG23/Source/system_efr32fg23.o
LOAD ./gecko_sdk_4.4.6/platform/common/src/sl_assert.o
LOAD ./gecko_sdk_4.4.6/platform/common/src/sl_slist.o
LOAD ./gecko_sdk_4.4.6/platform/common/src/sl_string.o
LOAD ./gecko_sdk_4.4.6/platform/common/src/sl_syscalls.o
LOAD ./gecko_sdk_4.4.6/platform/common/toolchain/src/sl_memory.o
LOAD ./gecko_sdk_4.4.6/platform/emdrv/dmadrv/src/dmadrv.o
LOAD ./gecko_sdk_4.4.6/platform/emlib/src/em_cmu.o
LOAD ./gecko_sdk_4.4.6/platform/emlib/src/em_core.o
LOAD ./gecko_sdk_4.4.6/platform/emlib/src/em_emu.o
LOAD ./gecko_sdk_4.4.6/platform/emlib/src/em_eusart.o
LOAD ./gecko_sdk_4.4.6/platform/emlib/src/em_gpio.o
LOAD ./gecko_sdk_4.4.6/platform/emlib/src/em_ldma.o
LOAD ./gecko_sdk_4.4.6/platform/emlib/src/em_msc.o
LOAD ./gecko_sdk_4.4.6/platform/emlib/src/em_prs.o
LOAD ./gecko_sdk_4.4.6/platform/emlib/src/em_system.o
LOAD ./gecko_sdk_4.4.6/platform/radio/rail_lib/plugin/pa-conversions/pa_conversions_efr32.o
LOAD ./gecko_sdk_4.4.6/platform/radio/rail_lib/plugin/pa-conversions/pa_curves_efr32.o
LOAD ./gecko_sdk_4.4.6/platform/radio/rail_lib/plugin/rail_util_protocol/sl_rail_util_protocol.o
LOAD ./gecko_sdk_4.4.6/platform/radio/rail_lib/plugin/rail_util_pti/sl_rail_util_pti.o
LOAD ./gecko_sdk_4.4.6/platform/radio/rail_lib/plugin/rail_util_rssi/sl_rail_util_rssi.o
LOAD ./gecko_sdk_4.4.6/platform/service/device_init/src/sl_device_init_dcdc_s2.o
LOAD ./gecko_sdk_4.4.6/platform/service/device_init/src/sl_device_init_emu_s2.o
LOAD ./gecko_sdk_4.4.6/platform/service/device_init/src/sl_device_init_hfxo_s2.o
LOAD ./gecko_sdk_4.4.6/platform/service/device_init/src/sl_device_init_nvic.o
LOAD ./gecko_sdk_4.4.6/platform/service/iostream/src/sl_iostream.o
LOAD ./gecko_sdk_4.4.6/platform/service/iostream/src/sl_iostream_eusart.o
LOAD ./gecko_sdk_4.4.6/platform/service/iostream/src/sl_iostream_retarget_stdio.o
LOAD ./gecko_sdk_4.4.6/platform/service/iostream/src/sl_iostream_uart.o
LOAD ./gecko_sdk_4.4.6/platform/service/mpu/src/sl_mpu.o
LOAD ./gecko_sdk_4.4.6/platform/service/system/src/sl_system_init.o
LOAD ./gecko_sdk_4.4.6/platform/service/system/src/sl_system_process_action.o
LOAD C:/Users/SeigoSakaki/SimplicityStudio/SDKs/gecko_sdk//platform/radio/rail_lib/autogen/librail_release/librail_efr32xg23_gcc_release.a
LOAD c:/siliconlabs/simplicitystudio/v5/developer/toolchains/gnu_arm/12.2.rel1_2023.7/bin/../lib/gcc/arm-none-eabi/12.2.1/thumb/v8-m.main+fp/hard\libgcc.a
LOAD c:/siliconlabs/simplicitystudio/v5/developer/toolchains/gnu_arm/12.2.rel1_2023.7/bin/../lib/gcc/arm-none-eabi/12.2.1/thumb/v8-m.main+fp/hard\libc_nano.a
LOAD c:/siliconlabs/simplicitystudio/v5/developer/toolchains/gnu_arm/12.2.rel1_2023.7/bin/../lib/gcc/arm-none-eabi/12.2.1/thumb/v8-m.main+fp/hard\libm.a
LOAD c:/siliconlabs/simplicitystudio/v5/developer/toolchains/gnu_arm/12.2.rel1_2023.7/bin/../lib/gcc/arm-none-eabi/12.2.1/thumb/v8-m.main+fp/hard\libnosys.a
END GROUP
START GROUP
LOAD c:/siliconlabs/simplicitystudio/v5/developer/toolchains/gnu_arm/12.2.rel1_2023.7/bin/../lib/gcc/arm-none-eabi/12.2.1/thumb/v8-m.main+fp/hard\libgcc.a
LOAD c:/siliconlabs/simplicitystudio/v5/developer/toolchains/gnu_arm/12.2.rel1_2023.7/bin/../lib/gcc/arm-none-eabi/12.2.1/thumb/v8-m.main+fp/hard\libc_nano.a
LOAD c:/siliconlabs/simplicitystudio/v5/developer/toolchains/gnu_arm/12.2.rel1_2023.7/bin/../lib/gcc/arm-none-eabi/12.2.1/thumb/v8-m.main+fp/hard\libnosys.a
END GROUP
START GROUP
LOAD c:/siliconlabs/simplicitystudio/v5/developer/toolchains/gnu_arm/12.2.rel1_2023.7/bin/../lib/gcc/arm-none-eabi/12.2.1/thumb/v8-m.main+fp/hard\libgcc.a
LOAD c:/siliconlabs/simplicitystudio/v5/developer/toolchains/gnu_arm/12.2.rel1_2023.7/bin/../lib/gcc/arm-none-eabi/12.2.1/thumb/v8-m.main+fp/hard\libg_nano.a
LOAD c:/siliconlabs/simplicitystudio/v5/developer/toolchains/gnu_arm/12.2.rel1_2023.7/bin/../lib/gcc/arm-none-eabi/12.2.1/thumb/v8-m.main+fp/hard\libc_nano.a
END GROUP
START GROUP
LOAD c:/siliconlabs/simplicitystudio/v5/developer/toolchains/gnu_arm/12.2.rel1_2023.7/bin/../lib/gcc/arm-none-eabi/12.2.1/thumb/v8-m.main+fp/hard\libgcc.a
LOAD c:/siliconlabs/simplicitystudio/v5/developer/toolchains/gnu_arm/12.2.rel1_2023.7/bin/../lib/gcc/arm-none-eabi/12.2.1/thumb/v8-m.main+fp/hard\libc_nano.a
END GROUP
LOAD c:/siliconlabs/simplicitystudio/v5/developer/toolchains/gnu_arm/12.2.rel1_2023.7/bin/../lib/gcc/arm-none-eabi/12.2.1/thumb/v8-m.main+fp/hard/crtend.o
LOAD c:/siliconlabs/simplicitystudio/v5/developer/toolchains/gnu_arm/12.2.rel1_2023.7/bin/../lib/gcc/arm-none-eabi/12.2.1/thumb/v8-m.main+fp/hard/crtn.o

.text           0x08000000     0xf920
                0x08000000                linker_vectors_begin = .
 *(.vectors)
 .vectors       0x08000000      0x170 ./gecko_sdk_4.4.6/platform/Device/SiliconLabs/EFR32FG23/Source/startup_efr32fg23.o
                0x08000000                __Vectors
                0x08000170                linker_vectors_end = .
                0x08000170                __Vectors_End = .
                0x08000170                __Vectors_Size = (__Vectors_End - __Vectors)
                0x08000170                linker_code_begin = .
 *(SORT_BY_ALIGNMENT(.text*))
 .text.deregister_tm_clones
                0x08000170       0x1c c:/siliconlabs/simplicitystudio/v5/developer/toolchains/gnu_arm/12.2.rel1_2023.7/bin/../lib/gcc/arm-none-eabi/12.2.1/thumb/v8-m.main+fp/hard/crtbegin.o
 .text.register_tm_clones
                0x0800018c       0x28 c:/siliconlabs/simplicitystudio/v5/developer/toolchains/gnu_arm/12.2.rel1_2023.7/bin/../lib/gcc/arm-none-eabi/12.2.1/thumb/v8-m.main+fp/hard/crtbegin.o
 .text.__do_global_dtors_aux
                0x080001b4       0x28 c:/siliconlabs/simplicitystudio/v5/developer/toolchains/gnu_arm/12.2.rel1_2023.7/bin/../lib/gcc/arm-none-eabi/12.2.1/thumb/v8-m.main+fp/hard/crtbegin.o
 .text.frame_dummy
                0x080001dc       0x24 c:/siliconlabs/simplicitystudio/v5/developer/toolchains/gnu_arm/12.2.rel1_2023.7/bin/../lib/gcc/arm-none-eabi/12.2.1/thumb/v8-m.main+fp/hard/crtbegin.o
 .text          0x08000200       0x7c c:/siliconlabs/simplicitystudio/v5/developer/toolchains/gnu_arm/12.2.rel1_2023.7/bin/../lib/gcc/arm-none-eabi/12.2.1/thumb/v8-m.main+fp/hard/crt0.o
                0x08000200                _stack_init
                0x08000208                _start
                0x08000208                _mainCRTStartup
 .text.main     0x0800027c       0x20 ./main.o
                0x0800027c                main
 .text.sl_device_init_clocks
                0x0800029c       0xb0 ./autogen/sl_device_init_clocks.o
                0x0800029c                sl_device_init_clocks
 .text.CHIP_Init
                0x0800034c       0x7c ./autogen/sl_event_handler.o
 .text.sl_iostream_eusart_init_inst
                0x080003c8       0xa8 ./autogen/sl_iostream_init_eusart_instances.o
                0x080003c8                sl_iostream_eusart_init_inst
 .text.EUSART1_TX_IRQHandler
                0x08000470       0x10 ./autogen/sl_iostream_init_eusart_instances.o
                0x08000470                EUSART1_TX_IRQHandler
 .text.EUSART1_RX_IRQHandler
                0x08000480       0x10 ./autogen/sl_iostream_init_eusart_instances.o
                0x08000480                EUSART1_RX_IRQHandler
 .text.sl_rail_util_init_inst0
                0x08000490       0xc0 ./autogen/sl_rail_util_init.o
 .text.sl_rail_util_get_handle
                0x08000550       0x1c ./autogen/sl_rail_util_init.o
                0x08000550                sl_rail_util_get_handle
 .text.CopyRamFuncs
                0x0800056c       0x20 ./gecko_sdk_4.4.6/platform/Device/SiliconLabs/EFR32FG23/Source/startup_efr32fg23.o
                0x0800056c                CopyRamFuncs
 .text.Reset_Handler
                0x0800058c       0x64 ./gecko_sdk_4.4.6/platform/Device/SiliconLabs/EFR32FG23/Source/startup_efr32fg23.o
                0x0800058c                Reset_Handler
 .text.SystemInit
                0x080005f0       0x6c ./gecko_sdk_4.4.6/platform/Device/SiliconLabs/EFR32FG23/Source/system_efr32fg23.o
                0x080005f0                SystemInit
 .text.SystemHFRCODPLLClockGet
                0x0800065c        0xc ./gecko_sdk_4.4.6/platform/Device/SiliconLabs/EFR32FG23/Source/system_efr32fg23.o
                0x0800065c                SystemHFRCODPLLClockGet
 .text.SystemSYSCLKGet
                0x08000668       0x34 ./gecko_sdk_4.4.6/platform/Device/SiliconLabs/EFR32FG23/Source/system_efr32fg23.o
                0x08000668                SystemSYSCLKGet
 .text.SystemHCLKGet
                0x0800069c       0x24 ./gecko_sdk_4.4.6/platform/Device/SiliconLabs/EFR32FG23/Source/system_efr32fg23.o
                0x0800069c                SystemHCLKGet
 .text.SystemMaxCoreClockGet
                0x080006c0        0x8 ./gecko_sdk_4.4.6/platform/Device/SiliconLabs/EFR32FG23/Source/system_efr32fg23.o
                0x080006c0                SystemMaxCoreClockGet
 .text.SystemHFXOClockGet
                0x080006c8        0xc ./gecko_sdk_4.4.6/platform/Device/SiliconLabs/EFR32FG23/Source/system_efr32fg23.o
                0x080006c8                SystemHFXOClockGet
 .text.SystemHFXOClockSet
                0x080006d4       0x24 ./gecko_sdk_4.4.6/platform/Device/SiliconLabs/EFR32FG23/Source/system_efr32fg23.o
                0x080006d4                SystemHFXOClockSet
 .text.SystemFSRCOClockGet
                0x080006f8        0x8 ./gecko_sdk_4.4.6/platform/Device/SiliconLabs/EFR32FG23/Source/system_efr32fg23.o
                0x080006f8                SystemFSRCOClockGet
 .text.SystemHFRCOEM23ClockGet
                0x08000700       0x88 ./gecko_sdk_4.4.6/platform/Device/SiliconLabs/EFR32FG23/Source/system_efr32fg23.o
                0x08000700                SystemHFRCOEM23ClockGet
 .text.SystemLFXOClockGet
                0x08000788        0xc ./gecko_sdk_4.4.6/platform/Device/SiliconLabs/EFR32FG23/Source/system_efr32fg23.o
                0x08000788                SystemLFXOClockGet
 .text.StartTransfer
                0x08000794      0x1c0 ./gecko_sdk_4.4.6/platform/emdrv/dmadrv/src/dmadrv.o
 .text.DMADRV_AllocateChannel
                0x08000954       0x64 ./gecko_sdk_4.4.6/platform/emdrv/dmadrv/src/dmadrv.o
                0x08000954                DMADRV_AllocateChannel
 .text.DMADRV_DeInit
                0x080009b8       0x4c ./gecko_sdk_4.4.6/platform/emdrv/dmadrv/src/dmadrv.o
                0x080009b8                DMADRV_DeInit
 .text.DMADRV_FreeChannel
                0x08000a04       0x54 ./gecko_sdk_4.4.6/platform/emdrv/dmadrv/src/dmadrv.o
                0x08000a04                DMADRV_FreeChannel
 .text.DMADRV_Init
                0x08000a58       0x64 ./gecko_sdk_4.4.6/platform/emdrv/dmadrv/src/dmadrv.o
                0x08000a58                DMADRV_Init
 .text.DMADRV_PauseTransfer
                0x08000abc       0x40 ./gecko_sdk_4.4.6/platform/emdrv/dmadrv/src/dmadrv.o
                0x08000abc                DMADRV_PauseTransfer
 .text.DMADRV_ResumeTransfer
                0x08000afc       0x40 ./gecko_sdk_4.4.6/platform/emdrv/dmadrv/src/dmadrv.o
                0x08000afc                DMADRV_ResumeTransfer
 .text.DMADRV_StopTransfer
                0x08000b3c       0x40 ./gecko_sdk_4.4.6/platform/emdrv/dmadrv/src/dmadrv.o
                0x08000b3c                DMADRV_StopTransfer
 .text.DMADRV_TransferCompletePending
                0x08000b7c       0x5c ./gecko_sdk_4.4.6/platform/emdrv/dmadrv/src/dmadrv.o
                0x08000b7c                DMADRV_TransferCompletePending
 .text.DMADRV_TransferDone
                0x08000bd8       0x48 ./gecko_sdk_4.4.6/platform/emdrv/dmadrv/src/dmadrv.o
                0x08000bd8                DMADRV_TransferDone
 .text.LDMA_IRQHandler
                0x08000c20       0x78 ./gecko_sdk_4.4.6/platform/emdrv/dmadrv/src/dmadrv.o
                0x08000c20                LDMA_IRQHandler
 .text.rhclkPrescMax
                0x08000c98       0x10 ./gecko_sdk_4.4.6/platform/emlib/src/em_cmu.o
 .text.em01GrpaClkGet
                0x08000ca8       0x68 ./gecko_sdk_4.4.6/platform/emlib/src/em_cmu.o
 .text.em01GrpcClkGet
                0x08000d10       0x64 ./gecko_sdk_4.4.6/platform/emlib/src/em_cmu.o
 .text.iadcClkGet
                0x08000d74       0x54 ./gecko_sdk_4.4.6/platform/emlib/src/em_cmu.o
 .text.lesenseHFClkGet
                0x08000dc8       0x3c ./gecko_sdk_4.4.6/platform/emlib/src/em_cmu.o
 .text.eusart0ClkGet
                0x08000e04       0x68 ./gecko_sdk_4.4.6/platform/emlib/src/em_cmu.o
 .text.em23GrpaClkGet
                0x08000e6c       0x4c ./gecko_sdk_4.4.6/platform/emlib/src/em_cmu.o
 .text.vdac0ClkGet
                0x08000eb8       0x64 ./gecko_sdk_4.4.6/platform/emlib/src/em_cmu.o
 .text.pcnt0ClkGet
                0x08000f1c       0x44 ./gecko_sdk_4.4.6/platform/emlib/src/em_cmu.o
 .text.wdog0ClkGet
                0x08000f60       0x58 ./gecko_sdk_4.4.6/platform/emlib/src/em_cmu.o
 .text.wdog1ClkGet
                0x08000fb8       0x58 ./gecko_sdk_4.4.6/platform/emlib/src/em_cmu.o
 .text.sysrtcClkGet
                0x08001010       0x4c ./gecko_sdk_4.4.6/platform/emlib/src/em_cmu.o
 .text.lcdClkGet
                0x0800105c       0x48 ./gecko_sdk_4.4.6/platform/emlib/src/em_cmu.o
 .text.em4GrpaClkGet
                0x080010a4       0x4c ./gecko_sdk_4.4.6/platform/emlib/src/em_cmu.o
 .text.dpllRefClkGet
                0x080010f0       0x4c ./gecko_sdk_4.4.6/platform/emlib/src/em_cmu.o
 .text.CMU_ClockDivGet
                0x0800113c       0x5c ./gecko_sdk_4.4.6/platform/emlib/src/em_cmu.o
                0x0800113c                CMU_ClockDivGet
 .text.flashWaitStateControl
                0x08001198       0x74 ./gecko_sdk_4.4.6/platform/emlib/src/em_cmu.o
 .text.CMU_ClockEnable
                0x0800120c       0x3c ./gecko_sdk_4.4.6/platform/emlib/src/em_cmu.o
                0x0800120c                CMU_ClockEnable
 .text.rhclkPrescOptimize
                0x08001248       0x20 ./gecko_sdk_4.4.6/platform/emlib/src/em_cmu.o
 .text.CMU_ClockSelectGet
                0x08001268      0x1b8 ./gecko_sdk_4.4.6/platform/emlib/src/em_cmu.o
                0x08001268                CMU_ClockSelectGet
 .text.sli_em_cmu_HFXOSetForceEnable
                0x08001420       0x1c ./gecko_sdk_4.4.6/platform/emlib/src/em_cmu.o
                0x08001420                sli_em_cmu_HFXOSetForceEnable
 .text.CMU_HFXOInit
                0x0800143c      0x1b4 ./gecko_sdk_4.4.6/platform/emlib/src/em_cmu.o
                0x0800143c                CMU_HFXOInit
 .text.CMU_HFXOCTuneDeltaGet
                0x080015f0        0xc ./gecko_sdk_4.4.6/platform/emlib/src/em_cmu.o
                0x080015f0                CMU_HFXOCTuneDeltaGet
 .text.CMU_HFXOPrecisionSet
                0x080015fc        0xc ./gecko_sdk_4.4.6/platform/emlib/src/em_cmu.o
                0x080015fc                CMU_HFXOPrecisionSet
 .text.CMU_ClockDivSet
                0x08001608       0xb4 ./gecko_sdk_4.4.6/platform/emlib/src/em_cmu.o
                0x08001608                CMU_ClockDivSet
 .text.pclkDivOptimize
                0x080016bc       0x24 ./gecko_sdk_4.4.6/platform/emlib/src/em_cmu.o
 .text.sli_em_cmu_SYSCLKInitPostClockSelect
                0x080016e0       0x3c ./gecko_sdk_4.4.6/platform/emlib/src/em_cmu.o
                0x080016e0                sli_em_cmu_SYSCLKInitPostClockSelect
 .text.EMU_EM4Init
                0x0800171c       0x14 ./gecko_sdk_4.4.6/platform/emlib/src/em_emu.o
                0x0800171c                EMU_EM4Init
 .text.EMU_VScaleEM01
                0x08001730       0x8c ./gecko_sdk_4.4.6/platform/emlib/src/em_emu.o
                0x08001730                EMU_VScaleEM01
 .text.EMU_VScaleEM01ByClock
                0x080017bc       0x38 ./gecko_sdk_4.4.6/platform/emlib/src/em_emu.o
                0x080017bc                EMU_VScaleEM01ByClock
 .text.EMU_DCDCModeSet
                0x080017f4       0xd0 ./gecko_sdk_4.4.6/platform/emlib/src/em_emu.o
                0x080017f4                EMU_DCDCModeSet
 .text.EMU_DCDCInit
                0x080018c4       0x7c ./gecko_sdk_4.4.6/platform/emlib/src/em_emu.o
                0x080018c4                EMU_DCDCInit
 .text.EMU_DCDCSetPFMXModePeakCurrent
                0x08001940       0x64 ./gecko_sdk_4.4.6/platform/emlib/src/em_emu.o
                0x08001940                EMU_DCDCSetPFMXModePeakCurrent
 .text.EMU_DCDCSetPFMXTimeoutMaxCtrl
                0x080019a4       0x60 ./gecko_sdk_4.4.6/platform/emlib/src/em_emu.o
                0x080019a4                EMU_DCDCSetPFMXTimeoutMaxCtrl
 .text.EUSART_ClockGet
                0x08001a04       0x2c ./gecko_sdk_4.4.6/platform/emlib/src/em_eusart.o
 .text.EUSART_Reset
                0x08001a30       0x58 ./gecko_sdk_4.4.6/platform/emlib/src/em_eusart.o
                0x08001a30                EUSART_Reset
 .text.EUSART_BaudrateSet
                0x08001a88       0xd4 ./gecko_sdk_4.4.6/platform/emlib/src/em_eusart.o
                0x08001a88                EUSART_BaudrateSet
 .text.EUSART_AsyncInitCommon
                0x08001b5c      0x220 ./gecko_sdk_4.4.6/platform/emlib/src/em_eusart.o
 .text.GPIO_PinModeSet
                0x08001d7c       0xa0 ./gecko_sdk_4.4.6/platform/emlib/src/em_gpio.o
                0x08001d7c                GPIO_PinModeSet
 .text.LDMA_DeInit
                0x08001e1c       0x3c ./gecko_sdk_4.4.6/platform/emlib/src/em_ldma.o
                0x08001e1c                LDMA_DeInit
 .text.LDMA_EnableChannelRequest
                0x08001e58       0x1c ./gecko_sdk_4.4.6/platform/emlib/src/em_ldma.o
                0x08001e58                LDMA_EnableChannelRequest
 .text.LDMA_Init
                0x08001e74       0x64 ./gecko_sdk_4.4.6/platform/emlib/src/em_ldma.o
                0x08001e74                LDMA_Init
 .text.LDMA_StartTransfer
                0x08001ed8       0x94 ./gecko_sdk_4.4.6/platform/emlib/src/em_ldma.o
                0x08001ed8                LDMA_StartTransfer
 .text.LDMA_StopTransfer
                0x08001f6c       0x24 ./gecko_sdk_4.4.6/platform/emlib/src/em_ldma.o
                0x08001f6c                LDMA_StopTransfer
 .text.LDMA_TransferDone
                0x08001f90       0x34 ./gecko_sdk_4.4.6/platform/emlib/src/em_ldma.o
                0x08001f90                LDMA_TransferDone
 .text.SYSTEM_ChipRevisionGet
                0x08001fc4       0x24 ./gecko_sdk_4.4.6/platform/emlib/src/em_system.o
                0x08001fc4                SYSTEM_ChipRevisionGet
 .text.RAIL_InitTxPowerCurvesAlt
                0x08001fe8       0x28 ./gecko_sdk_4.4.6/platform/radio/rail_lib/plugin/pa-conversions/pa_conversions_efr32.o
                0x08001fe8                RAIL_InitTxPowerCurvesAlt
 .text.RAIL_ConvertDbmToRaw
                0x08002010      0x120 ./gecko_sdk_4.4.6/platform/radio/rail_lib/plugin/pa-conversions/pa_conversions_efr32.o
                0x08002010                RAIL_ConvertDbmToRaw
 .text.RAIL_ConvertRawToDbm
                0x08002130       0xfc ./gecko_sdk_4.4.6/platform/radio/rail_lib/plugin/pa-conversions/pa_conversions_efr32.o
                0x08002130                RAIL_ConvertRawToDbm
 .text.sl_rail_util_pa_init
                0x0800222c       0x14 ./gecko_sdk_4.4.6/platform/radio/rail_lib/plugin/pa-conversions/pa_conversions_efr32.o
                0x0800222c                sl_rail_util_pa_init
 .text.sl_rail_util_pa_on_channel_config_change
                0x08002240       0x70 ./gecko_sdk_4.4.6/platform/radio/rail_lib/plugin/pa-conversions/pa_conversions_efr32.o
                0x08002240                sl_rail_util_pa_on_channel_config_change
 .text.sl_rail_util_protocol_config_zwave
                0x080022b0      0x190 ./gecko_sdk_4.4.6/platform/radio/rail_lib/plugin/rail_util_protocol/sl_rail_util_protocol.o
 .text.sl_rail_util_pti_init
                0x08002440       0x28 ./gecko_sdk_4.4.6/platform/radio/rail_lib/plugin/rail_util_pti/sl_rail_util_pti.o
                0x08002440                sl_rail_util_pti_init
 .text.sl_device_init_dcdc
                0x08002468       0x30 ./gecko_sdk_4.4.6/platform/service/device_init/src/sl_device_init_dcdc_s2.o
                0x08002468                sl_device_init_dcdc
 .text.sl_device_init_emu
                0x08002498       0x28 ./gecko_sdk_4.4.6/platform/service/device_init/src/sl_device_init_emu_s2.o
                0x08002498                sl_device_init_emu
 .text.sl_device_init_hfxo
                0x080024c0       0x84 ./gecko_sdk_4.4.6/platform/service/device_init/src/sl_device_init_hfxo_s2.o
                0x080024c0                sl_device_init_hfxo
 .text.sl_device_init_nvic
                0x08002544       0x38 ./gecko_sdk_4.4.6/platform/service/device_init/src/sl_device_init_nvic.o
                0x08002544                sl_device_init_nvic
 .text.sl_iostream_set_default
                0x0800257c       0x18 ./gecko_sdk_4.4.6/platform/service/iostream/src/sl_iostream.o
                0x0800257c                sl_iostream_set_default
 .text.sl_iostream_get_default
                0x08002594       0x18 ./gecko_sdk_4.4.6/platform/service/iostream/src/sl_iostream.o
                0x08002594                sl_iostream_get_default
 .text.sl_iostream_eusart_init
                0x080025ac      0x234 ./gecko_sdk_4.4.6/platform/service/iostream/src/sl_iostream_eusart.o
                0x080025ac                sl_iostream_eusart_init
 .text.__NVIC_EnableIRQ
                0x080027e0       0x1c ./gecko_sdk_4.4.6/platform/service/iostream/src/sl_iostream_uart.o
 .text.__NVIC_DisableIRQ
                0x080027fc       0x24 ./gecko_sdk_4.4.6/platform/service/iostream/src/sl_iostream_uart.o
 .text.dma_irq_handler
                0x08002820       0x78 ./gecko_sdk_4.4.6/platform/service/iostream/src/sl_iostream_uart.o
 .text.uart_deinit
                0x08002898       0x60 ./gecko_sdk_4.4.6/platform/service/iostream/src/sl_iostream_uart.o
 .text.update_ring_buffer
                0x080028f8       0xa4 ./gecko_sdk_4.4.6/platform/service/iostream/src/sl_iostream_uart.o
 .text.sli_iostream_uart_context_init
                0x0800299c      0x104 ./gecko_sdk_4.4.6/platform/service/iostream/src/sl_iostream_uart.o
                0x0800299c                sli_iostream_uart_context_init
 .text.__NVIC_SystemReset
                0x08002aa0       0x24 ./gecko_sdk_4.4.6/platform/service/mpu/src/sl_mpu.o
 .text.ARM_MPU_Disable
                0x08002ac4       0x28 ./gecko_sdk_4.4.6/platform/service/mpu/src/sl_mpu.o
 .text.sl_mpu_disable_execute_from_ram
                0x08002aec       0xb0 ./gecko_sdk_4.4.6/platform/service/mpu/src/sl_mpu.o
                0x08002aec                sl_mpu_disable_execute_from_ram
 .text.RAILINT_5c2987fa2991598bf02ec13ac2db72ed
                0x08002b9c       0x54 C:/Users/SeigoSakaki/SimplicityStudio/SDKs/gecko_sdk//platform/radio/rail_lib/autogen/librail_release/librail_efr32xg23_gcc_release.a(rail_zwave_rf_hal.o)
                0x08002b9c                RAILINT_5c2987fa2991598bf02ec13ac2db72ed
 .text.RAILINT_120642e673f8f2bbbaa80923e2f7270d
                0x08002bf0       0x38 C:/Users/SeigoSakaki/SimplicityStudio/SDKs/gecko_sdk//platform/radio/rail_lib/autogen/librail_release/librail_efr32xg23_gcc_release.a(rail_zwave_rf_hal.o)
                0x08002bf0                RAILINT_120642e673f8f2bbbaa80923e2f7270d
 .text.RAILINT_9b1690650ce61745b7406051fc961644
                0x08002c28       0x40 C:/Users/SeigoSakaki/SimplicityStudio/SDKs/gecko_sdk//platform/radio/rail_lib/autogen/librail_release/librail_efr32xg23_gcc_release.a(rail_zwave_rf_hal.o)
                0x08002c28                RAILINT_9b1690650ce61745b7406051fc961644
 .text.RAILINT_967ec31283d85ef3237b5b80f4ab05ca
                0x08002c68      0x288 C:/Users/SeigoSakaki/SimplicityStudio/SDKs/gecko_sdk//platform/radio/rail_lib/autogen/librail_release/librail_efr32xg23_gcc_release.a(rail_zwave_rf_hal.o)
                0x08002c68                RAILINT_967ec31283d85ef3237b5b80f4ab05ca
 .text.RAILINT_a779509c3ccfe3314b466cbc2527e4c8
                0x08002ef0       0x24 C:/Users/SeigoSakaki/SimplicityStudio/SDKs/gecko_sdk//platform/radio/rail_lib/autogen/librail_release/librail_efr32xg23_gcc_release.a(rfhal_ircal.o)
                0x08002ef0                RAILINT_a779509c3ccfe3314b466cbc2527e4c8
 .text.RAILINT_7c4474e9c252fd93501bbf7d6298f3d3
                0x08002f14       0x64 C:/Users/SeigoSakaki/SimplicityStudio/SDKs/gecko_sdk//platform/radio/rail_lib/autogen/librail_release/librail_efr32xg23_gcc_release.a(rfhal_antenna.o)
                0x08002f14                RAILINT_7c4474e9c252fd93501bbf7d6298f3d3
 .text.RAILINT_42ba343910883753b346a02b0f77ef3e
                0x08002f78        0xc C:/Users/SeigoSakaki/SimplicityStudio/SDKs/gecko_sdk//platform/radio/rail_lib/autogen/librail_release/librail_efr32xg23_gcc_release.a(rfhal_antenna.o)
                0x08002f78                RAILINT_42ba343910883753b346a02b0f77ef3e
 .text.RAILINT_893fd72dfcf6ebbe2598a01d375fa2c0
                0x08002f84       0x50 C:/Users/SeigoSakaki/SimplicityStudio/SDKs/gecko_sdk//platform/radio/rail_lib/autogen/librail_release/librail_efr32xg23_gcc_release.a(rfhal_bufc.o)
 .text.RAILINT_cdbd2ef4368f95ff8e91482f629bd134
                0x08002fd4       0x1c C:/Users/SeigoSakaki/SimplicityStudio/SDKs/gecko_sdk//platform/radio/rail_lib/autogen/librail_release/librail_efr32xg23_gcc_release.a(rfhal_bufc.o)
                0x08002fd4                RAILINT_cdbd2ef4368f95ff8e91482f629bd134
 .text.RAILINT_d098fb7ee08dc8d454a1df118de69bc4
                0x08002ff0      0x18c C:/Users/SeigoSakaki/SimplicityStudio/SDKs/gecko_sdk//platform/radio/rail_lib/autogen/librail_release/librail_efr32xg23_gcc_release.a(rfhal_bufc.o)
                0x08002ff0                RAILINT_d098fb7ee08dc8d454a1df118de69bc4
 .text.RAILINT_53ead1b019a1cdfd0829dbc64825eeac
                0x0800317c       0x58 C:/Users/SeigoSakaki/SimplicityStudio/SDKs/gecko_sdk//platform/radio/rail_lib/autogen/librail_release/librail_efr32xg23_gcc_release.a(rfhal_bufc.o)
                0x0800317c                RAILINT_53ead1b019a1cdfd0829dbc64825eeac
 .text.RAILINT_6281eecc9c4ea6e1ecc523be2e1d48d2
                0x080031d4       0x8c C:/Users/SeigoSakaki/SimplicityStudio/SDKs/gecko_sdk//platform/radio/rail_lib/autogen/librail_release/librail_efr32xg23_gcc_release.a(rfhal_bufc.o)
                0x080031d4                RAILINT_6281eecc9c4ea6e1ecc523be2e1d48d2
 .text.RAILINT_32732aa1d78833fa65026efd536f2c3e
                0x08003260       0x44 C:/Users/SeigoSakaki/SimplicityStudio/SDKs/gecko_sdk//platform/radio/rail_lib/autogen/librail_release/librail_efr32xg23_gcc_release.a(rfhal_bufc.o)
                0x08003260                RAILINT_32732aa1d78833fa65026efd536f2c3e
 .text.RAILINT_f921a6fdde390c986016ab0c8bf49fae
                0x080032a4      0x12c C:/Users/SeigoSakaki/SimplicityStudio/SDKs/gecko_sdk//platform/radio/rail_lib/autogen/librail_release/librail_efr32xg23_gcc_release.a(rfhal_bufc.o)
                0x080032a4                RAILINT_f921a6fdde390c986016ab0c8bf49fae
 .text.RAILINT_0906929bba6a17fd8a9605e65064a9f4
                0x080033d0       0x68 C:/Users/SeigoSakaki/SimplicityStudio/SDKs/gecko_sdk//platform/radio/rail_lib/autogen/librail_release/librail_efr32xg23_gcc_release.a(rfhal_bufc.o)
                0x080033d0                RAILINT_0906929bba6a17fd8a9605e65064a9f4
 .text.RAILINT_31258cb71f8a6b9069347d576bc679f0
                0x08003438       0x1c C:/Users/SeigoSakaki/SimplicityStudio/SDKs/gecko_sdk//platform/radio/rail_lib/autogen/librail_release/librail_efr32xg23_gcc_release.a(rfhal_bufc.o)
                0x08003438                RAILINT_31258cb71f8a6b9069347d576bc679f0
 .text.RAILINT_6e9511005f24d0489b4328a9cd887def
                0x08003454       0x2c C:/Users/SeigoSakaki/SimplicityStudio/SDKs/gecko_sdk//platform/radio/rail_lib/autogen/librail_release/librail_efr32xg23_gcc_release.a(rfhal_bufc.o)
                0x08003454                RAILINT_6e9511005f24d0489b4328a9cd887def
 .text.RAILINT_5b690911fb63c8ed3939b23ea6b3c04d
                0x08003480       0x14 C:/Users/SeigoSakaki/SimplicityStudio/SDKs/gecko_sdk//platform/radio/rail_lib/autogen/librail_release/librail_efr32xg23_gcc_release.a(rfhal_pa.o)
                0x08003480                RAILINT_5b690911fb63c8ed3939b23ea6b3c04d
 .text.RAILINT_0a4e93b519ac593c17e9cf2bca4c4cf3
                0x08003494       0x2c C:/Users/SeigoSakaki/SimplicityStudio/SDKs/gecko_sdk//platform/radio/rail_lib/autogen/librail_release/librail_efr32xg23_gcc_release.a(rfhal_pa.o)
                0x08003494                RAILINT_0a4e93b519ac593c17e9cf2bca4c4cf3
 .text.RAILINT_538e671f17d827f5e8fbb6213721d612
                0x080034c0       0x48 C:/Users/SeigoSakaki/SimplicityStudio/SDKs/gecko_sdk//platform/radio/rail_lib/autogen/librail_release/librail_efr32xg23_gcc_release.a(rfhal_pa.o)
                0x080034c0                RAILINT_538e671f17d827f5e8fbb6213721d612
 .text.RAILINT_1040bf941e847cb582a86b6ad519d354
                0x08003508       0x14 C:/Users/SeigoSakaki/SimplicityStudio/SDKs/gecko_sdk//platform/radio/rail_lib/autogen/librail_release/librail_efr32xg23_gcc_release.a(rfhal_pa.o)
                0x08003508                RAILINT_1040bf941e847cb582a86b6ad519d354
 .text.RAILINT_80e4ebea7b797fe222184bcf10e3a6f0
                0x0800351c       0xe8 C:/Users/SeigoSakaki/SimplicityStudio/SDKs/gecko_sdk//platform/radio/rail_lib/autogen/librail_release/librail_efr32xg23_gcc_release.a(rfhal_pa.o)
                0x0800351c                RAILINT_80e4ebea7b797fe222184bcf10e3a6f0
 .text.RAILINT_5eae5b33728fa998af27aab462a94cc2
                0x08003604      0x240 C:/Users/SeigoSakaki/SimplicityStudio/SDKs/gecko_sdk//platform/radio/rail_lib/autogen/librail_release/librail_efr32xg23_gcc_release.a(rfhal_pa.o)
                0x08003604                RAILINT_5eae5b33728fa998af27aab462a94cc2
 .text.RAILINT_692f9e407ff0da6bb4b5f2aa1969c134
                0x08003844      0x288 C:/Users/SeigoSakaki/SimplicityStudio/SDKs/gecko_sdk//platform/radio/rail_lib/autogen/librail_release/librail_efr32xg23_gcc_release.a(rfhal_pa.o)
                0x08003844                RAILINT_692f9e407ff0da6bb4b5f2aa1969c134
 .text.RAILINT_08c8419aa71adfff4194c3a91186dc0b
                0x08003acc       0x50 C:/Users/SeigoSakaki/SimplicityStudio/SDKs/gecko_sdk//platform/radio/rail_lib/autogen/librail_release/librail_efr32xg23_gcc_release.a(rfhal_pa.o)
                0x08003acc                RAILINT_08c8419aa71adfff4194c3a91186dc0b
 .text.RAILINT_43e20192c70743caf46848f43384580c
                0x08003b1c       0x48 C:/Users/SeigoSakaki/SimplicityStudio/SDKs/gecko_sdk//platform/radio/rail_lib/autogen/librail_release/librail_efr32xg23_gcc_release.a(rfhal_pa.o)
                0x08003b1c                RAILINT_43e20192c70743caf46848f43384580c
 .text.RAILINT_9ddf38797bdd4dec512cd8a53f0e246d
                0x08003b64       0x1c C:/Users/SeigoSakaki/SimplicityStudio/SDKs/gecko_sdk//platform/radio/rail_lib/autogen/librail_release/librail_efr32xg23_gcc_release.a(rfhal_pa.o)
                0x08003b64                RAILINT_9ddf38797bdd4dec512cd8a53f0e246d
 .text.RAILINT_a2bb09bbf0f5a66273c06b6551b0acd9
                0x08003b80       0xdc C:/Users/SeigoSakaki/SimplicityStudio/SDKs/gecko_sdk//platform/radio/rail_lib/autogen/librail_release/librail_efr32xg23_gcc_release.a(rfhal_protimer.o)
                0x08003b80                RAILINT_a2bb09bbf0f5a66273c06b6551b0acd9
 .text.RAILINT_2867cf1f7327fd002fccf5d8ded311be
                0x08003c5c       0x1c C:/Users/SeigoSakaki/SimplicityStudio/SDKs/gecko_sdk//platform/radio/rail_lib/autogen/librail_release/librail_efr32xg23_gcc_release.a(rfhal_protimer.o)
                0x08003c5c                RAILINT_2867cf1f7327fd002fccf5d8ded311be
 .text.RAILINT_4f93cdd7aecf168775f2a95c9141aec8
                0x08003c78       0x3c C:/Users/SeigoSakaki/SimplicityStudio/SDKs/gecko_sdk//platform/radio/rail_lib/autogen/librail_release/librail_efr32xg23_gcc_release.a(rfhal_protimer.o)
                0x08003c78                RAILINT_4f93cdd7aecf168775f2a95c9141aec8
 .text.RAILINT_6fba69fb8464276fb40686c982612f36
                0x08003cb4       0x18 C:/Users/SeigoSakaki/SimplicityStudio/SDKs/gecko_sdk//platform/radio/rail_lib/autogen/librail_release/librail_efr32xg23_gcc_release.a(rfhal_protimer.o)
                0x08003cb4                RAILINT_6fba69fb8464276fb40686c982612f36
 .text.RAILINT_c51be8ee5a1368e218ec48a993030c0a
                0x08003ccc       0x30 C:/Users/SeigoSakaki/SimplicityStudio/SDKs/gecko_sdk//platform/radio/rail_lib/autogen/librail_release/librail_efr32xg23_gcc_release.a(rfhal_protimer.o)
                0x08003ccc                RAILINT_c51be8ee5a1368e218ec48a993030c0a
 .text.RAILINT_91acd8a0b3b22b251b18aeabdb4a57f7
                0x08003cfc       0x18 C:/Users/SeigoSakaki/SimplicityStudio/SDKs/gecko_sdk//platform/radio/rail_lib/autogen/librail_release/librail_efr32xg23_gcc_release.a(rfhal_protimer.o)
                0x08003cfc                RAILINT_91acd8a0b3b22b251b18aeabdb4a57f7
 .text.RAILINT_3d752c35229134eb0acd91db488d7c4c
                0x08003d14       0x24 C:/Users/SeigoSakaki/SimplicityStudio/SDKs/gecko_sdk//platform/radio/rail_lib/autogen/librail_release/librail_efr32xg23_gcc_release.a(rfhal_protimer.o)
                0x08003d14                RAILINT_3d752c35229134eb0acd91db488d7c4c
 .text.RAILINT_91df45e96a2874f76867d6f26ae534a0
                0x08003d38       0x40 C:/Users/SeigoSakaki/SimplicityStudio/SDKs/gecko_sdk//platform/radio/rail_lib/autogen/librail_release/librail_efr32xg23_gcc_release.a(rfhal_protimer.o)
                0x08003d38                RAILINT_91df45e96a2874f76867d6f26ae534a0
 .text.RAILINT_7dbf4a2540796b33a4a0f6c074c875d0
                0x08003d78       0x20 C:/Users/SeigoSakaki/SimplicityStudio/SDKs/gecko_sdk//platform/radio/rail_lib/autogen/librail_release/librail_efr32xg23_gcc_release.a(rfhal_radio.o)
 .text.RAILINT_2e07a6872d92c4b3e3c2fd6af0b0470f
                0x08003d98       0x84 C:/Users/SeigoSakaki/SimplicityStudio/SDKs/gecko_sdk//platform/radio/rail_lib/autogen/librail_release/librail_efr32xg23_gcc_release.a(rfhal_radio.o)
 .text.RAILINT_fec7870be3fe1a836fe6231361b23257
                0x08003e1c       0x5c C:/Users/SeigoSakaki/SimplicityStudio/SDKs/gecko_sdk//platform/radio/rail_lib/autogen/librail_release/librail_efr32xg23_gcc_release.a(rfhal_radio.o)
 .text.RAILINT_2d55024751d647dfef36f5f548d0f2cb
                0x08003e78       0x4c C:/Users/SeigoSakaki/SimplicityStudio/SDKs/gecko_sdk//platform/radio/rail_lib/autogen/librail_release/librail_efr32xg23_gcc_release.a(rfhal_radio.o)
                0x08003e78                RAILINT_2d55024751d647dfef36f5f548d0f2cb
 .text.RAILINT_218cde0c3f45a7d04cd5b221c6c89ad2
                0x08003ec4       0x28 C:/Users/SeigoSakaki/SimplicityStudio/SDKs/gecko_sdk//platform/radio/rail_lib/autogen/librail_release/librail_efr32xg23_gcc_release.a(rfhal_radio.o)
                0x08003ec4                RAILINT_218cde0c3f45a7d04cd5b221c6c89ad2
 .text.RAILINT_0a958662e0f9b48ba3742030a3e4e70c
                0x08003eec       0x84 C:/Users/SeigoSakaki/SimplicityStudio/SDKs/gecko_sdk//platform/radio/rail_lib/autogen/librail_release/librail_efr32xg23_gcc_release.a(rfhal_radio.o)
                0x08003eec                RAILINT_0a958662e0f9b48ba3742030a3e4e70c
 .text.RAILINT_ff78d9bb4bfe772063473783474f9dc5
                0x08003f70       0x4c C:/Users/SeigoSakaki/SimplicityStudio/SDKs/gecko_sdk//platform/radio/rail_lib/autogen/librail_release/librail_efr32xg23_gcc_release.a(rfhal_radio.o)
                0x08003f70                RAILINT_ff78d9bb4bfe772063473783474f9dc5
 .text.RAILINT_83b3e2e99c8f4d3fd0b62943447c7cff
                0x08003fbc       0x6c C:/Users/SeigoSakaki/SimplicityStudio/SDKs/gecko_sdk//platform/radio/rail_lib/autogen/librail_release/librail_efr32xg23_gcc_release.a(rfhal_radio.o)
                0x08003fbc                RAILINT_83b3e2e99c8f4d3fd0b62943447c7cff
 .text.RAILINT_29728e9d96985f5babe5fba5eab67a2d
                0x08004028       0x1c C:/Users/SeigoSakaki/SimplicityStudio/SDKs/gecko_sdk//platform/radio/rail_lib/autogen/librail_release/librail_efr32xg23_gcc_release.a(rfhal_radio.o)
                0x08004028                RAILINT_29728e9d96985f5babe5fba5eab67a2d
 .text.RAILINT_cd65c06e3b1af867d6257be45870f13b
                0x08004044      0x108 C:/Users/SeigoSakaki/SimplicityStudio/SDKs/gecko_sdk//platform/radio/rail_lib/autogen/librail_release/librail_efr32xg23_gcc_release.a(rfhal_radio.o)
                0x08004044                RAILINT_cd65c06e3b1af867d6257be45870f13b
 .text.RAILINT_f9e5228e0d9c01913b590cb22fe86427
                0x0800414c        0xc C:/Users/SeigoSakaki/SimplicityStudio/SDKs/gecko_sdk//platform/radio/rail_lib/autogen/librail_release/librail_efr32xg23_gcc_release.a(rfhal_radio.o)
                0x0800414c                RAILINT_f9e5228e0d9c01913b590cb22fe86427
 .text.RAILINT_0fcb2d75494993f121b931b03a54c62c
                0x08004158        0xc C:/Users/SeigoSakaki/SimplicityStudio/SDKs/gecko_sdk//platform/radio/rail_lib/autogen/librail_release/librail_efr32xg23_gcc_release.a(rfhal_radio.o)
                0x08004158                RAILINT_0fcb2d75494993f121b931b03a54c62c
 .text.RAILINT_d8be8114d0438e8c4744d07fb3afceb2
                0x08004164        0xc C:/Users/SeigoSakaki/SimplicityStudio/SDKs/gecko_sdk//platform/radio/rail_lib/autogen/librail_release/librail_efr32xg23_gcc_release.a(rfhal_radio.o)
                0x08004164                RAILINT_d8be8114d0438e8c4744d07fb3afceb2
 .text.RAILINT_107f383da9004c7c039de184830a3649
                0x08004170        0xc C:/Users/SeigoSakaki/SimplicityStudio/SDKs/gecko_sdk//platform/radio/rail_lib/autogen/librail_release/librail_efr32xg23_gcc_release.a(rfhal_radio.o)
                0x08004170                RAILINT_107f383da9004c7c039de184830a3649
 .text.RAILINT_98702195dd5df205b66d73f7f1b701b5
                0x0800417c       0x24 C:/Users/SeigoSakaki/SimplicityStudio/SDKs/gecko_sdk//platform/radio/rail_lib/autogen/librail_release/librail_efr32xg23_gcc_release.a(rfhal_radio.o)
                0x0800417c                RAILINT_98702195dd5df205b66d73f7f1b701b5
 .text.RAILINT_f653c2a462666f78ad07511adb1c6ca5
                0x080041a0       0xcc C:/Users/SeigoSakaki/SimplicityStudio/SDKs/gecko_sdk//platform/radio/rail_lib/autogen/librail_release/librail_efr32xg23_gcc_release.a(rfhal_radio.o)
                0x080041a0                RAILINT_f653c2a462666f78ad07511adb1c6ca5
 .text.RAILINT_12973c63ce9f157526b71bd49da4eecd
                0x0800426c       0x18 C:/Users/SeigoSakaki/SimplicityStudio/SDKs/gecko_sdk//platform/radio/rail_lib/autogen/librail_release/librail_efr32xg23_gcc_release.a(rfhal_radio.o)
                0x0800426c                RAILINT_12973c63ce9f157526b71bd49da4eecd
 .text.RAILINT_1161b5fbd248b16b9006cacb961f2bf2
                0x08004284       0x24 C:/Users/SeigoSakaki/SimplicityStudio/SDKs/gecko_sdk//platform/radio/rail_lib/autogen/librail_release/librail_efr32xg23_gcc_release.a(rfhal_radio.o)
                0x08004284                RAILINT_1161b5fbd248b16b9006cacb961f2bf2
 .text.RAILINT_5c0938f59a395e36d23a6c1c32d6c158
                0x080042a8       0xc8 C:/Users/SeigoSakaki/SimplicityStudio/SDKs/gecko_sdk//platform/radio/rail_lib/autogen/librail_release/librail_efr32xg23_gcc_release.a(rfhal_synth.o)
 .text.RAILINT_ec98693ee08d705578ea34d20ad5a3f0
                0x08004370       0x6c C:/Users/SeigoSakaki/SimplicityStudio/SDKs/gecko_sdk//platform/radio/rail_lib/autogen/librail_release/librail_efr32xg23_gcc_release.a(rfhal_synth.o)
                0x08004370                RAILINT_ec98693ee08d705578ea34d20ad5a3f0
 .text.RAILINT_f26e766b4223f258d2a3acd050099dec
                0x080043dc      0x48c C:/Users/SeigoSakaki/SimplicityStudio/SDKs/gecko_sdk//platform/radio/rail_lib/autogen/librail_release/librail_efr32xg23_gcc_release.a(rfhal_synth.o)
                0x080043dc                RAILINT_f26e766b4223f258d2a3acd050099dec
 .text.RAILINT_ffff6fd8b93bee8f8f3297dc48915167
                0x08004868       0x10 C:/Users/SeigoSakaki/SimplicityStudio/SDKs/gecko_sdk//platform/radio/rail_lib/autogen/librail_release/librail_efr32xg23_gcc_release.a(rfhal_synth.o)
                0x08004868                RAILINT_ffff6fd8b93bee8f8f3297dc48915167
 .text.RAILINT_13745921110d6517f85d6d608ac18409
                0x08004878       0x4c C:/Users/SeigoSakaki/SimplicityStudio/SDKs/gecko_sdk//platform/radio/rail_lib/autogen/librail_release/librail_efr32xg23_gcc_release.a(rfhal_synth.o)
                0x08004878                RAILINT_13745921110d6517f85d6d608ac18409
 .text.RAILINT_40f50b01b0acf65296da94a1cd4ce85b
                0x080048c4      0x104 C:/Users/SeigoSakaki/SimplicityStudio/SDKs/gecko_sdk//platform/radio/rail_lib/autogen/librail_release/librail_efr32xg23_gcc_release.a(rfhal_synth.o)
                0x080048c4                RAILINT_40f50b01b0acf65296da94a1cd4ce85b
 .text.RAILINT_3654f2a9376e4bdd7e2c364177a94691
                0x080049c8       0x10 C:/Users/SeigoSakaki/SimplicityStudio/SDKs/gecko_sdk//platform/radio/rail_lib/autogen/librail_release/librail_efr32xg23_gcc_release.a(rfhal_synth.o)
                0x080049c8                RAILINT_3654f2a9376e4bdd7e2c364177a94691
 .text.RAILINT_cb8a12f5bd0c458ceee6331009f9048b
                0x080049d8       0x1c C:/Users/SeigoSakaki/SimplicityStudio/SDKs/gecko_sdk//platform/radio/rail_lib/autogen/librail_release/librail_efr32xg23_gcc_release.a(rfhal_timings.o)
 .text.RAILINT_06b1ea13261364007801a74aa7e1e357
                0x080049f4       0x28 C:/Users/SeigoSakaki/SimplicityStudio/SDKs/gecko_sdk//platform/radio/rail_lib/autogen/librail_release/librail_efr32xg23_gcc_release.a(rfhal_timings.o)
                0x080049f4                RAILINT_06b1ea13261364007801a74aa7e1e357
 .text.RAILINT_4baddb3f7581dff171ab25f7b0ebdad3
                0x08004a1c       0x84 C:/Users/SeigoSakaki/SimplicityStudio/SDKs/gecko_sdk//platform/radio/rail_lib/autogen/librail_release/librail_efr32xg23_gcc_release.a(rfhal_timings.o)
                0x08004a1c                RAILINT_4baddb3f7581dff171ab25f7b0ebdad3
 .text.RAILINT_970d9248a37232567f89ad6c94dd6fe8
                0x08004aa0      0x16c C:/Users/SeigoSakaki/SimplicityStudio/SDKs/gecko_sdk//platform/radio/rail_lib/autogen/librail_release/librail_efr32xg23_gcc_release.a(rfhal_timings.o)
                0x08004aa0                RAILINT_970d9248a37232567f89ad6c94dd6fe8
 .text.RAILINT_9743c96ef075be688881e5d1e5667476
                0x08004c0c       0x6c C:/Users/SeigoSakaki/SimplicityStudio/SDKs/gecko_sdk//platform/radio/rail_lib/autogen/librail_release/librail_efr32xg23_gcc_release.a(seq_globals.o)
                0x08004c0c                RAILINT_9743c96ef075be688881e5d1e5667476
 .text.RAILINT_816f3580c5ff0e8ca0af376c3a66a219
                0x08004c78       0x38 C:/Users/SeigoSakaki/SimplicityStudio/SDKs/gecko_sdk//platform/radio/rail_lib/autogen/librail_release/librail_efr32xg23_gcc_release.a(generic_phy.o)
 .text.RAILINT_e5849823b21bf651f5d87f5e741d2a12
                0x08004cb0       0x34 C:/Users/SeigoSakaki/SimplicityStudio/SDKs/gecko_sdk//platform/radio/rail_lib/autogen/librail_release/librail_efr32xg23_gcc_release.a(generic_phy.o)
 .text.RAILINT_99b59c6cc05d74d26bce559fe745db90
                0x08004ce4       0x30 C:/Users/SeigoSakaki/SimplicityStudio/SDKs/gecko_sdk//platform/radio/rail_lib/autogen/librail_release/librail_efr32xg23_gcc_release.a(generic_phy.o)
 .text.RAILINT_2c4dd48bdd23e67e66c47cfdf845d67c
                0x08004d14       0x50 C:/Users/SeigoSakaki/SimplicityStudio/SDKs/gecko_sdk//platform/radio/rail_lib/autogen/librail_release/librail_efr32xg23_gcc_release.a(generic_phy.o)
 .text.RAILINT_ef38b49f1deb3f763f4f0e2ae372d117
                0x08004d64       0x28 C:/Users/SeigoSakaki/SimplicityStudio/SDKs/gecko_sdk//platform/radio/rail_lib/autogen/librail_release/librail_efr32xg23_gcc_release.a(generic_phy.o)
 .text.RAILINT_6d8967e14ffa5fbb64f5f8549fa17b5c
                0x08004d8c       0x1c C:/Users/SeigoSakaki/SimplicityStudio/SDKs/gecko_sdk//platform/radio/rail_lib/autogen/librail_release/librail_efr32xg23_gcc_release.a(generic_phy.o)
 .text.RAILINT_c34bfa9af18e68c24adf7137035e88f0
                0x08004da8       0xa8 C:/Users/SeigoSakaki/SimplicityStudio/SDKs/gecko_sdk//platform/radio/rail_lib/autogen/librail_release/librail_efr32xg23_gcc_release.a(generic_phy.o)
 .text.RAILINT_2b746cfc461ae5635faa828fc2e99484
                0x08004e50       0x40 C:/Users/SeigoSakaki/SimplicityStudio/SDKs/gecko_sdk//platform/radio/rail_lib/autogen/librail_release/librail_efr32xg23_gcc_release.a(generic_phy.o)
 .text.RAILINT_978af8e4393fb6ecb4e92f5256373899
                0x08004e90       0x30 C:/Users/SeigoSakaki/SimplicityStudio/SDKs/gecko_sdk//platform/radio/rail_lib/autogen/librail_release/librail_efr32xg23_gcc_release.a(generic_phy.o)
                0x08004e90                RAILINT_978af8e4393fb6ecb4e92f5256373899
 .text.RAILINT_e56520736dccfc6b4febe00b533ea27a
                0x08004ec0      0x3c0 C:/Users/SeigoSakaki/SimplicityStudio/SDKs/gecko_sdk//platform/radio/rail_lib/autogen/librail_release/librail_efr32xg23_gcc_release.a(generic_phy.o)
                0x08004ec0                RAILINT_e56520736dccfc6b4febe00b533ea27a
 .text.RAILINT_436bf61abb715dbe168d75ac0bccdfdf
                0x08005280       0x10 C:/Users/SeigoSakaki/SimplicityStudio/SDKs/gecko_sdk//platform/radio/rail_lib/autogen/librail_release/librail_efr32xg23_gcc_release.a(generic_phy.o)
                0x08005280                RAILINT_436bf61abb715dbe168d75ac0bccdfdf
 .text.RAILINT_0e4fab607515a0ae94861cde84b8a317
                0x08005290       0x10 C:/Users/SeigoSakaki/SimplicityStudio/SDKs/gecko_sdk//platform/radio/rail_lib/autogen/librail_release/librail_efr32xg23_gcc_release.a(generic_phy.o)
                0x08005290                RAILINT_0e4fab607515a0ae94861cde84b8a317
 .text.RAILINT_7eff40ec14ab746668317fbad941367b
                0x080052a0       0x10 C:/Users/SeigoSakaki/SimplicityStudio/SDKs/gecko_sdk//platform/radio/rail_lib/autogen/librail_release/librail_efr32xg23_gcc_release.a(generic_phy.o)
                0x080052a0                RAILINT_7eff40ec14ab746668317fbad941367b
 .text.RAILINT_5d6f9e1abd47331b2e5065ec63f9f308
                0x080052b0       0x14 C:/Users/SeigoSakaki/SimplicityStudio/SDKs/gecko_sdk//platform/radio/rail_lib/autogen/librail_release/librail_efr32xg23_gcc_release.a(generic_phy.o)
                0x080052b0                RAILINT_5d6f9e1abd47331b2e5065ec63f9f308
 .text.RAILINT_0390333908b9b36d5ab834e553f87374
                0x080052c4       0x80 C:/Users/SeigoSakaki/SimplicityStudio/SDKs/gecko_sdk//platform/radio/rail_lib/autogen/librail_release/librail_efr32xg23_gcc_release.a(generic_phy.o)
                0x080052c4                RAILINT_0390333908b9b36d5ab834e553f87374
 .text.RAILINT_b4349430825f42395f1799b2ff8bb1b4
                0x08005344       0x30 C:/Users/SeigoSakaki/SimplicityStudio/SDKs/gecko_sdk//platform/radio/rail_lib/autogen/librail_release/librail_efr32xg23_gcc_release.a(generic_phy.o)
                0x08005344                RAILINT_b4349430825f42395f1799b2ff8bb1b4
 .text.RAILINT_cda8bf84b67189e08b64149f714e0ad8
                0x08005374       0x94 C:/Users/SeigoSakaki/SimplicityStudio/SDKs/gecko_sdk//platform/radio/rail_lib/autogen/librail_release/librail_efr32xg23_gcc_release.a(generic_phy.o)
                0x08005374                RAILINT_cda8bf84b67189e08b64149f714e0ad8
 .text.RAILINT_cf4e885725a47449d7a6caf77bda2061
                0x08005408       0x6c C:/Users/SeigoSakaki/SimplicityStudio/SDKs/gecko_sdk//platform/radio/rail_lib/autogen/librail_release/librail_efr32xg23_gcc_release.a(generic_phy.o)
                0x08005408                RAILINT_cf4e885725a47449d7a6caf77bda2061
 .text.RAILINT_251a0c8b131e6c493b80202150f0c444
                0x08005474       0x18 C:/Users/SeigoSakaki/SimplicityStudio/SDKs/gecko_sdk//platform/radio/rail_lib/autogen/librail_release/librail_efr32xg23_gcc_release.a(generic_phy.o)
                0x08005474                RAILINT_251a0c8b131e6c493b80202150f0c444
 .text.EMUDG_IRQHandler
                0x0800548c       0x48 C:/Users/SeigoSakaki/SimplicityStudio/SDKs/gecko_sdk//platform/radio/rail_lib/autogen/librail_release/librail_efr32xg23_gcc_release.a(generic_phy.o)
                0x0800548c                EMUDG_IRQHandler
 .text.RAILINT_a7d421cde8a91be6637558edc84e4002
                0x080054d4       0x48 C:/Users/SeigoSakaki/SimplicityStudio/SDKs/gecko_sdk//platform/radio/rail_lib/autogen/librail_release/librail_efr32xg23_gcc_release.a(generic_phy.o)
                0x080054d4                RAILINT_a7d421cde8a91be6637558edc84e4002
 .text.RAILINT_415699d4fedc812ab5645a39d53b6366
                0x0800551c      0x1ac C:/Users/SeigoSakaki/SimplicityStudio/SDKs/gecko_sdk//platform/radio/rail_lib/autogen/librail_release/librail_efr32xg23_gcc_release.a(generic_phy.o)
                0x0800551c                RAILINT_415699d4fedc812ab5645a39d53b6366
 .text.FRC_IRQHandler
                0x080056c8      0x7fc C:/Users/SeigoSakaki/SimplicityStudio/SDKs/gecko_sdk//platform/radio/rail_lib/autogen/librail_release/librail_efr32xg23_gcc_release.a(generic_phy.o)
                0x080056c8                FRC_IRQHandler
 .text.RAILCb_RadioStateChanged
                0x08005ec4       0x10 C:/Users/SeigoSakaki/SimplicityStudio/SDKs/gecko_sdk//platform/radio/rail_lib/autogen/librail_release/librail_efr32xg23_gcc_release.a(generic_phy.o)
                0x08005ec4                RAILCb_RadioStateChanged
 .text.RAC_RSM_IRQHandler
                0x08005ed4       0x28 C:/Users/SeigoSakaki/SimplicityStudio/SDKs/gecko_sdk//platform/radio/rail_lib/autogen/librail_release/librail_efr32xg23_gcc_release.a(generic_phy.o)
                0x08005ed4                RAC_RSM_IRQHandler
 .text.AGC_IRQHandler
                0x08005efc       0x64 C:/Users/SeigoSakaki/SimplicityStudio/SDKs/gecko_sdk//platform/radio/rail_lib/autogen/librail_release/librail_efr32xg23_gcc_release.a(generic_phy.o)
                0x08005efc                AGC_IRQHandler
 .text.HOSTMAILBOX_IRQHandler
                0x08005f60       0x3c C:/Users/SeigoSakaki/SimplicityStudio/SDKs/gecko_sdk//platform/radio/rail_lib/autogen/librail_release/librail_efr32xg23_gcc_release.a(generic_phy.o)
                0x08005f60                HOSTMAILBOX_IRQHandler
 .text.SYNTH_IRQHandler
                0x08005f9c       0x3c C:/Users/SeigoSakaki/SimplicityStudio/SDKs/gecko_sdk//platform/radio/rail_lib/autogen/librail_release/librail_efr32xg23_gcc_release.a(generic_phy.o)
                0x08005f9c                SYNTH_IRQHandler
 .text.RAILINT_fc431c63280fcec9c8f1f2616df249e6
                0x08005fd8       0x28 C:/Users/SeigoSakaki/SimplicityStudio/SDKs/gecko_sdk//platform/radio/rail_lib/autogen/librail_release/librail_efr32xg23_gcc_release.a(generic_phy.o)
                0x08005fd8                RAILINT_fc431c63280fcec9c8f1f2616df249e6
 .text.RAILINT_10ac1cf98a783c6bdb18657a1d32c8ed
                0x08006000       0x14 C:/Users/SeigoSakaki/SimplicityStudio/SDKs/gecko_sdk//platform/radio/rail_lib/autogen/librail_release/librail_efr32xg23_gcc_release.a(generic_phy.o)
                0x08006000                RAILINT_10ac1cf98a783c6bdb18657a1d32c8ed
 .text.RAILINT_dc675e4729ddc8fc4759ebbb1d4c3bce
                0x08006014       0x74 C:/Users/SeigoSakaki/SimplicityStudio/SDKs/gecko_sdk//platform/radio/rail_lib/autogen/librail_release/librail_efr32xg23_gcc_release.a(generic_phy.o)
                0x08006014                RAILINT_dc675e4729ddc8fc4759ebbb1d4c3bce
 .text.RAIL_Init
                0x08006088       0x4c C:/Users/SeigoSakaki/SimplicityStudio/SDKs/gecko_sdk//platform/radio/rail_lib/autogen/librail_release/librail_efr32xg23_gcc_release.a(rail_singleprotocol.o)
                0x08006088                RAIL_Init
 .text.RAIL_IsInitialized
                0x080060d4       0x10 C:/Users/SeigoSakaki/SimplicityStudio/SDKs/gecko_sdk//platform/radio/rail_lib/autogen/librail_release/librail_efr32xg23_gcc_release.a(rail_singleprotocol.o)
                0x080060d4                RAIL_IsInitialized
 .text.RAILINT_ba62dd308ed15b1ffe7bd5b874af6d40
                0x080060e4       0x1c C:/Users/SeigoSakaki/SimplicityStudio/SDKs/gecko_sdk//platform/radio/rail_lib/autogen/librail_release/librail_efr32xg23_gcc_release.a(rail_rf.o)
 .text.RAILINT_0ca222f7a680788c307a2bad1be33ff3
                0x08006100       0x4c C:/Users/SeigoSakaki/SimplicityStudio/SDKs/gecko_sdk//platform/radio/rail_lib/autogen/librail_release/librail_efr32xg23_gcc_release.a(rail_rf.o)
                0x08006100                RAILINT_0ca222f7a680788c307a2bad1be33ff3
 .text.RAILINT_b352de1fdb1fc52c04c6a0cd55987236
                0x0800614c       0x4c C:/Users/SeigoSakaki/SimplicityStudio/SDKs/gecko_sdk//platform/radio/rail_lib/autogen/librail_release/librail_efr32xg23_gcc_release.a(rail_rf.o)
                0x0800614c                RAILINT_b352de1fdb1fc52c04c6a0cd55987236
 .text.RAILINT_ae1c971823300cdc95a697ee27859a7c
                0x08006198       0x24 C:/Users/SeigoSakaki/SimplicityStudio/SDKs/gecko_sdk//platform/radio/rail_lib/autogen/librail_release/librail_efr32xg23_gcc_release.a(rail_rf.o)
                0x08006198                RAILINT_ae1c971823300cdc95a697ee27859a7c
 .text.RAILINT_499a6fa84e713dbcc15223a1179c1579
                0x080061bc       0x24 C:/Users/SeigoSakaki/SimplicityStudio/SDKs/gecko_sdk//platform/radio/rail_lib/autogen/librail_release/librail_efr32xg23_gcc_release.a(rail_rf.o)
                0x080061bc                RAILINT_499a6fa84e713dbcc15223a1179c1579
 .text.RAIL_SetStateTiming
                0x080061e0       0x5c C:/Users/SeigoSakaki/SimplicityStudio/SDKs/gecko_sdk//platform/radio/rail_lib/autogen/librail_release/librail_efr32xg23_gcc_release.a(rail_rf.o)
                0x080061e0                RAIL_SetStateTiming
 .text.RAILINT_a414401b72e85e008bc59287e035ef41
                0x0800623c      0x110 C:/Users/SeigoSakaki/SimplicityStudio/SDKs/gecko_sdk//platform/radio/rail_lib/autogen/librail_release/librail_efr32xg23_gcc_release.a(rail_rf.o)
                0x0800623c                RAILINT_a414401b72e85e008bc59287e035ef41
 .text.RAILINT_eff06dff73e0f32be1552c4011c2dec9
                0x0800634c      0x124 C:/Users/SeigoSakaki/SimplicityStudio/SDKs/gecko_sdk//platform/radio/rail_lib/autogen/librail_release/librail_efr32xg23_gcc_release.a(rail_rf.o)
                0x0800634c                RAILINT_eff06dff73e0f32be1552c4011c2dec9
 .text.RAILINT_f6dbb0a8d6338735e61b94958eb4964b
                0x08006470       0x58 C:/Users/SeigoSakaki/SimplicityStudio/SDKs/gecko_sdk//platform/radio/rail_lib/autogen/librail_release/librail_efr32xg23_gcc_release.a(rail_rf.o)
                0x08006470                RAILINT_f6dbb0a8d6338735e61b94958eb4964b
 .text.RAIL_ConfigChannels
                0x080064c8       0x2c C:/Users/SeigoSakaki/SimplicityStudio/SDKs/gecko_sdk//platform/radio/rail_lib/autogen/librail_release/librail_efr32xg23_gcc_release.a(rail_rf.o)
                0x080064c8                RAIL_ConfigChannels
 .text.RAIL_GetTxPowerDbm
                0x080064f4       0x2c C:/Users/SeigoSakaki/SimplicityStudio/SDKs/gecko_sdk//platform/radio/rail_lib/autogen/librail_release/librail_efr32xg23_gcc_release.a(rail_tx.o)
                0x080064f4                RAIL_GetTxPowerDbm
 .text.RAIL_ConfigCal
                0x08006520       0x14 C:/Users/SeigoSakaki/SimplicityStudio/SDKs/gecko_sdk//platform/radio/rail_lib/autogen/librail_release/librail_efr32xg23_gcc_release.a(rail_calibration.o)
                0x08006520                RAIL_ConfigCal
 .text.RAILCb_SetupRxFifo
                0x08006534       0x34 C:/Users/SeigoSakaki/SimplicityStudio/SDKs/gecko_sdk//platform/radio/rail_lib/autogen/librail_release/librail_efr32xg23_gcc_release.a(rail_data.o)
                0x08006534                RAILCb_SetupRxFifo
 .text.RAILINT_205167ae842e22724c3f35c6430eeddb
                0x08006568       0x2c C:/Users/SeigoSakaki/SimplicityStudio/SDKs/gecko_sdk//platform/radio/rail_lib/autogen/librail_release/librail_efr32xg23_gcc_release.a(rail_assert.o)
                0x08006568                RAILINT_205167ae842e22724c3f35c6430eeddb
 .text.RAIL_ZWAVE_Init
                0x08006594       0x7c C:/Users/SeigoSakaki/SimplicityStudio/SDKs/gecko_sdk//platform/radio/rail_lib/autogen/librail_release/librail_efr32xg23_gcc_release.a(rail_zwave.o)
                0x08006594                RAIL_ZWAVE_Init
 .text.RAILINT_57fa2c163b50cc6661e10e0e7662afb8
                0x08006610       0x1c C:/Users/SeigoSakaki/SimplicityStudio/SDKs/gecko_sdk//platform/radio/rail_lib/autogen/librail_release/librail_efr32xg23_gcc_release.a(rail_rf_hal.o)
 .text.RAILINT_cd2294a9b77625e0ea5276bdf2a90514
                0x0800662c       0x38 C:/Users/SeigoSakaki/SimplicityStudio/SDKs/gecko_sdk//platform/radio/rail_lib/autogen/librail_release/librail_efr32xg23_gcc_release.a(rail_rf_hal.o)
 .text.RAILINT_e48e5ee1b5d6f912f6e30e0897d40f5e
                0x08006664       0x38 C:/Users/SeigoSakaki/SimplicityStudio/SDKs/gecko_sdk//platform/radio/rail_lib/autogen/librail_release/librail_efr32xg23_gcc_release.a(rail_rf_hal.o)
 .text.RAILINT_2c0c7ba0065447faa0ab7205349f5d73
                0x0800669c      0x130 C:/Users/SeigoSakaki/SimplicityStudio/SDKs/gecko_sdk//platform/radio/rail_lib/autogen/librail_release/librail_efr32xg23_gcc_release.a(rail_rf_hal.o)
                0x0800669c                RAILINT_2c0c7ba0065447faa0ab7205349f5d73
 .text.RAILINT_2a4da4d01b26a7f90998f094ef0d126c
                0x080067cc       0x84 C:/Users/SeigoSakaki/SimplicityStudio/SDKs/gecko_sdk//platform/radio/rail_lib/autogen/librail_release/librail_efr32xg23_gcc_release.a(rail_rf_hal.o)
                0x080067cc                RAILINT_2a4da4d01b26a7f90998f094ef0d126c
 .text.RAILINT_ee8e30d6c3ef95b8e8dca03da7401c07
                0x08006850       0x20 C:/Users/SeigoSakaki/SimplicityStudio/SDKs/gecko_sdk//platform/radio/rail_lib/autogen/librail_release/librail_efr32xg23_gcc_release.a(rail_rf_hal.o)
                0x08006850                RAILINT_ee8e30d6c3ef95b8e8dca03da7401c07
 .text.RAILINT_4535ca1da65eed991e532282e16caa6e
                0x08006870       0x10 C:/Users/SeigoSakaki/SimplicityStudio/SDKs/gecko_sdk//platform/radio/rail_lib/autogen/librail_release/librail_efr32xg23_gcc_release.a(rail_rf_hal.o)
                0x08006870                RAILINT_4535ca1da65eed991e532282e16caa6e
 .text.RAILINT_4775d80a8fe4d9976ce86a6ec19b0158
                0x08006880       0x34 C:/Users/SeigoSakaki/SimplicityStudio/SDKs/gecko_sdk//platform/radio/rail_lib/autogen/librail_release/librail_efr32xg23_gcc_release.a(rail_rf_hal.o)
                0x08006880                RAILINT_4775d80a8fe4d9976ce86a6ec19b0158
 .text.RAILINT_788b3657c509a8fc304f09cc58d808a3
                0x080068b4        0xc C:/Users/SeigoSakaki/SimplicityStudio/SDKs/gecko_sdk//platform/radio/rail_lib/autogen/librail_release/librail_efr32xg23_gcc_release.a(rail_rf_hal.o)
                0x080068b4                RAILINT_788b3657c509a8fc304f09cc58d808a3
 .text.RAILINT_afeea334a0413e3fba4d9024b9c8696e
                0x080068c0        0xc C:/Users/SeigoSakaki/SimplicityStudio/SDKs/gecko_sdk//platform/radio/rail_lib/autogen/librail_release/librail_efr32xg23_gcc_release.a(rail_rf_hal.o)
                0x080068c0                RAILINT_afeea334a0413e3fba4d9024b9c8696e
 .text.RAILINT_99f0e717b1ae5f07aeace88464176fa9
                0x080068cc       0xf0 C:/Users/SeigoSakaki/SimplicityStudio/SDKs/gecko_sdk//platform/radio/rail_lib/autogen/librail_release/librail_efr32xg23_gcc_release.a(rail_rf_hal.o)
                0x080068cc                RAILINT_99f0e717b1ae5f07aeace88464176fa9
 .text.RAILINT_d02596bebc40577addedcb0f3fcccabb
                0x080069bc       0x7c C:/Users/SeigoSakaki/SimplicityStudio/SDKs/gecko_sdk//platform/radio/rail_lib/autogen/librail_release/librail_efr32xg23_gcc_release.a(rail_rf_hal.o)
                0x080069bc                RAILINT_d02596bebc40577addedcb0f3fcccabb
 .text.RAILINT_3339c86656af5bd3809fcaff6decfb50
                0x08006a38       0x34 C:/Users/SeigoSakaki/SimplicityStudio/SDKs/gecko_sdk//platform/radio/rail_lib/autogen/librail_release/librail_efr32xg23_gcc_release.a(rail_rf_hal.o)
                0x08006a38                RAILINT_3339c86656af5bd3809fcaff6decfb50
 .text.RAILINT_c1ee6010aaf86bbd071153c63f21d1bb
                0x08006a6c      0x120 C:/Users/SeigoSakaki/SimplicityStudio/SDKs/gecko_sdk//platform/radio/rail_lib/autogen/librail_release/librail_efr32xg23_gcc_release.a(rail_rf_hal.o)
                0x08006a6c                RAILINT_c1ee6010aaf86bbd071153c63f21d1bb
 .text.RAILINT_c232eb9695d8ec51969199511f1ffdbc
                0x08006b8c       0x6c C:/Users/SeigoSakaki/SimplicityStudio/SDKs/gecko_sdk//platform/radio/rail_lib/autogen/librail_release/librail_efr32xg23_gcc_release.a(rail_rf_hal.o)
                0x08006b8c                RAILINT_c232eb9695d8ec51969199511f1ffdbc
 .text.RAILINT_7bc23e10f52e56d9fc3392da3f1c2215
                0x08006bf8       0x6c C:/Users/SeigoSakaki/SimplicityStudio/SDKs/gecko_sdk//platform/radio/rail_lib/autogen/librail_release/librail_efr32xg23_gcc_release.a(rail_rf_hal.o)
                0x08006bf8                RAILINT_7bc23e10f52e56d9fc3392da3f1c2215
 .text.RAILINT_0d03c198f5f2a0e358f87f76b3e7eaa4
                0x08006c64       0xc8 C:/Users/SeigoSakaki/SimplicityStudio/SDKs/gecko_sdk//platform/radio/rail_lib/autogen/librail_release/librail_efr32xg23_gcc_release.a(rail_rf_hal.o)
                0x08006c64                RAILINT_0d03c198f5f2a0e358f87f76b3e7eaa4
 .text.RAILINT_cd62b828417e3475c6b58e9a311685cc
                0x08006d2c       0x58 C:/Users/SeigoSakaki/SimplicityStudio/SDKs/gecko_sdk//platform/radio/rail_lib/autogen/librail_release/librail_efr32xg23_gcc_release.a(rail_rf_hal.o)
                0x08006d2c                RAILINT_cd62b828417e3475c6b58e9a311685cc
 .text.RAILINT_63a89db964f651a01db7d72312883c55
                0x08006d84       0x9c C:/Users/SeigoSakaki/SimplicityStudio/SDKs/gecko_sdk//platform/radio/rail_lib/autogen/librail_release/librail_efr32xg23_gcc_release.a(rail_rf_hal.o)
                0x08006d84                RAILINT_63a89db964f651a01db7d72312883c55
 .text.RAILINT_b693f7d424389daf06cac15e5c7b8047
                0x08006e20      0x218 C:/Users/SeigoSakaki/SimplicityStudio/SDKs/gecko_sdk//platform/radio/rail_lib/autogen/librail_release/librail_efr32xg23_gcc_release.a(rail_rf_hal.o)
                0x08006e20                RAILINT_b693f7d424389daf06cac15e5c7b8047
 .text.RAILINT_f70b804705a044eb7f74093268741788
                0x08007038       0x30 C:/Users/SeigoSakaki/SimplicityStudio/SDKs/gecko_sdk//platform/radio/rail_lib/autogen/librail_release/librail_efr32xg23_gcc_release.a(rail_rf_hal.o)
                0x08007038                RAILINT_f70b804705a044eb7f74093268741788
 .text.RAILINT_2fd87bc1616c65bab5aaf8241d078d01
                0x08007068       0x4c C:/Users/SeigoSakaki/SimplicityStudio/SDKs/gecko_sdk//platform/radio/rail_lib/autogen/librail_release/librail_efr32xg23_gcc_release.a(rail_rf_hal.o)
                0x08007068                RAILINT_2fd87bc1616c65bab5aaf8241d078d01
 .text.RAILINT_304d05fa5f7ea83bae289f8245ef896e
                0x080070b4      0x2ac C:/Users/SeigoSakaki/SimplicityStudio/SDKs/gecko_sdk//platform/radio/rail_lib/autogen/librail_release/librail_efr32xg23_gcc_release.a(rail_rf_hal.o)
                0x080070b4                RAILINT_304d05fa5f7ea83bae289f8245ef896e
 .text.RAILINT_44f844fe44efb07ef80df95a956dc879
                0x08007360      0x124 C:/Users/SeigoSakaki/SimplicityStudio/SDKs/gecko_sdk//platform/radio/rail_lib/autogen/librail_release/librail_efr32xg23_gcc_release.a(rail_rf_hal.o)
                0x08007360                RAILINT_44f844fe44efb07ef80df95a956dc879
 .text.RAILINT_c95e9d4ad5fb39bdcaabe1c820867429
                0x08007484       0x28 C:/Users/SeigoSakaki/SimplicityStudio/SDKs/gecko_sdk//platform/radio/rail_lib/autogen/librail_release/librail_efr32xg23_gcc_release.a(rail_rf_hal.o)
                0x08007484                RAILINT_c95e9d4ad5fb39bdcaabe1c820867429
 .text.RAILINT_f70cad743ef3526a2ef7ac090e6c385a
                0x080074ac       0xac C:/Users/SeigoSakaki/SimplicityStudio/SDKs/gecko_sdk//platform/radio/rail_lib/autogen/librail_release/librail_efr32xg23_gcc_release.a(rail_rf_hal.o)
                0x080074ac                RAILINT_f70cad743ef3526a2ef7ac090e6c385a
 .text.RAILINT_232a85da35fb8aa0cd28c39542df9730
                0x08007558       0xc0 C:/Users/SeigoSakaki/SimplicityStudio/SDKs/gecko_sdk//platform/radio/rail_lib/autogen/librail_release/librail_efr32xg23_gcc_release.a(rail_rf_hal.o)
                0x08007558                RAILINT_232a85da35fb8aa0cd28c39542df9730
 .text.RAILINT_3209015e469febd3aebf12c10b838c78
                0x08007618       0x40 C:/Users/SeigoSakaki/SimplicityStudio/SDKs/gecko_sdk//platform/radio/rail_lib/autogen/librail_release/librail_efr32xg23_gcc_release.a(rail_rf_hal.o)
                0x08007618                RAILINT_3209015e469febd3aebf12c10b838c78
 .text.RAILINT_3e587e95c937431090ed1e304e004f0f
                0x08007658       0x30 C:/Users/SeigoSakaki/SimplicityStudio/SDKs/gecko_sdk//platform/radio/rail_lib/autogen/librail_release/librail_efr32xg23_gcc_release.a(rail_rf_hal.o)
                0x08007658                RAILINT_3e587e95c937431090ed1e304e004f0f
 .text.RAILINT_1debf3979df3644830aae43bd0f04ec3
                0x08007688       0x18 C:/Users/SeigoSakaki/SimplicityStudio/SDKs/gecko_sdk//platform/radio/rail_lib/autogen/librail_release/librail_efr32xg23_gcc_release.a(rail_rf_hal.o)
                0x08007688                RAILINT_1debf3979df3644830aae43bd0f04ec3
 .text.RAILINT_490352456bee2d873d71d168ce5d65c0
                0x080076a0       0x14 C:/Users/SeigoSakaki/SimplicityStudio/SDKs/gecko_sdk//platform/radio/rail_lib/autogen/librail_release/librail_efr32xg23_gcc_release.a(rail_rf_hal.o)
                0x080076a0                RAILINT_490352456bee2d873d71d168ce5d65c0
 .text.RAILINT_a4b57b9485a34098ab089f4c182a3c25
                0x080076b4       0x48 C:/Users/SeigoSakaki/SimplicityStudio/SDKs/gecko_sdk//platform/radio/rail_lib/autogen/librail_release/librail_efr32xg23_gcc_release.a(rfhal_rac.o)
                0x080076b4                RAILINT_a4b57b9485a34098ab089f4c182a3c25
 .text.RAILINT_18d623885a7822cbda696ea8d328c784
                0x080076fc       0x2c C:/Users/SeigoSakaki/SimplicityStudio/SDKs/gecko_sdk//platform/radio/rail_lib/autogen/librail_release/librail_efr32xg23_gcc_release.a(rfhal_rac.o)
                0x080076fc                RAILINT_18d623885a7822cbda696ea8d328c784
 .text.RAILINT_4bcf13a8aca9daa76feae0225ecd6008
                0x08007728       0x38 C:/Users/SeigoSakaki/SimplicityStudio/SDKs/gecko_sdk//platform/radio/rail_lib/autogen/librail_release/librail_efr32xg23_gcc_release.a(rfhal_rac.o)
                0x08007728                RAILINT_4bcf13a8aca9daa76feae0225ecd6008
 .text.RAILINT_1b746f3ea93637c79915c44f5de73025
                0x08007760       0x24 C:/Users/SeigoSakaki/SimplicityStudio/SDKs/gecko_sdk//platform/radio/rail_lib/autogen/librail_release/librail_efr32xg23_gcc_release.a(rail_mfm_rf_hal.o)
                0x08007760                RAILINT_1b746f3ea93637c79915c44f5de73025
 .text.RAILINT_c03e113233196af5eee162ec57747e37
                0x08007784       0x28 C:/Users/SeigoSakaki/SimplicityStudio/SDKs/gecko_sdk//platform/radio/rail_lib/autogen/librail_release/librail_efr32xg23_gcc_release.a(rail_mfm_rf_hal.o)
                0x08007784                RAILINT_c03e113233196af5eee162ec57747e37
 .text.RFECA_Configure
                0x080077ac      0x454 C:/Users/SeigoSakaki/SimplicityStudio/SDKs/gecko_sdk//platform/radio/rail_lib/autogen/librail_release/librail_efr32xg23_gcc_release.a(rfhal_rfeca.o)
                0x080077ac                RFECA_Configure
 .text.RFECA_StartCapture
                0x08007c00       0x30 C:/Users/SeigoSakaki/SimplicityStudio/SDKs/gecko_sdk//platform/radio/rail_lib/autogen/librail_release/librail_efr32xg23_gcc_release.a(rfhal_rfeca.o)
                0x08007c00                RFECA_StartCapture
 .text.RFECA_StartEventCounter
                0x08007c30       0x30 C:/Users/SeigoSakaki/SimplicityStudio/SDKs/gecko_sdk//platform/radio/rail_lib/autogen/librail_release/librail_efr32xg23_gcc_release.a(rfhal_rfeca.o)
                0x08007c30                RFECA_StartEventCounter
 .text.RFECA_SoftReset
                0x08007c60       0x4c C:/Users/SeigoSakaki/SimplicityStudio/SDKs/gecko_sdk//platform/radio/rail_lib/autogen/librail_release/librail_efr32xg23_gcc_release.a(rfhal_rfeca.o)
                0x08007c60                RFECA_SoftReset
 .text.RFECA_CommonHandler
                0x08007cac       0x3c C:/Users/SeigoSakaki/SimplicityStudio/SDKs/gecko_sdk//platform/radio/rail_lib/autogen/librail_release/librail_efr32xg23_gcc_release.a(rfhal_rfeca.o)
 .text.RFECA_Disable
                0x08007ce8       0x88 C:/Users/SeigoSakaki/SimplicityStudio/SDKs/gecko_sdk//platform/radio/rail_lib/autogen/librail_release/librail_efr32xg23_gcc_release.a(rfhal_rfeca.o)
                0x08007ce8                RFECA_Disable
 .text.RAILINT_37dcaf6b67da0fa3f13a9cf3e2b6a0ca
                0x08007d70       0x1c C:/Users/SeigoSakaki/SimplicityStudio/SDKs/gecko_sdk//platform/radio/rail_lib/autogen/librail_release/librail_efr32xg23_gcc_release.a(rfhal_module.o)
                0x08007d70                RAILINT_37dcaf6b67da0fa3f13a9cf3e2b6a0ca
 .text.RAILINT_72ff69444642d56e9a45aed09ca05444
                0x08007d8c       0x7c C:/Users/SeigoSakaki/SimplicityStudio/SDKs/gecko_sdk//platform/radio/rail_lib/autogen/librail_release/librail_efr32xg23_gcc_release.a(rfhal_pti.o)
 .text.RAILINT_1a28987f80d88c2ee465192586a92d40
                0x08007e08       0x24 C:/Users/SeigoSakaki/SimplicityStudio/SDKs/gecko_sdk//platform/radio/rail_lib/autogen/librail_release/librail_efr32xg23_gcc_release.a(rfhal_pti.o)
                0x08007e08                RAILINT_1a28987f80d88c2ee465192586a92d40
 .text.RAILINT_c36d58880426266e9a928d6ac9ae9371
                0x08007e2c      0x128 C:/Users/SeigoSakaki/SimplicityStudio/SDKs/gecko_sdk//platform/radio/rail_lib/autogen/librail_release/librail_efr32xg23_gcc_release.a(rfhal_pti.o)
                0x08007e2c                RAILINT_c36d58880426266e9a928d6ac9ae9371
 .text.RAILINT_49c5c14759dc0ba43af578a042b7d568
                0x08007f54       0x94 C:/Users/SeigoSakaki/SimplicityStudio/SDKs/gecko_sdk//platform/radio/rail_lib/autogen/librail_release/librail_efr32xg23_gcc_release.a(rfhal_pti.o)
                0x08007f54                RAILINT_49c5c14759dc0ba43af578a042b7d568
 .text.PTI_AuxdataOutput
                0x08007fe8       0x18 C:/Users/SeigoSakaki/SimplicityStudio/SDKs/gecko_sdk//platform/radio/rail_lib/autogen/librail_release/librail_efr32xg23_gcc_release.a(rfhal_pti.o)
                0x08007fe8                PTI_AuxdataOutput
 .text.RAILINT_e37c2f8c4e95a72e70099c8f3fa2cfe4
                0x08008000       0x24 C:/Users/SeigoSakaki/SimplicityStudio/SDKs/gecko_sdk//platform/radio/rail_lib/autogen/librail_release/librail_efr32xg23_gcc_release.a(rfhal_rand.o)
                0x08008000                RAILINT_e37c2f8c4e95a72e70099c8f3fa2cfe4
 .text.SYSRTC_SEQ_IRQHandler
                0x08008024       0x14 C:/Users/SeigoSakaki/SimplicityStudio/SDKs/gecko_sdk//platform/radio/rail_lib/autogen/librail_release/librail_efr32xg23_gcc_release.a(rfhal_rtccsync.o)
                0x08008024                SYSRTC_SEQ_IRQHandler
 .text.RAILINT_d62c47c60070f7d2061fcf0c3d24567c
                0x08008038       0x5c C:/Users/SeigoSakaki/SimplicityStudio/SDKs/gecko_sdk//platform/radio/rail_lib/autogen/librail_release/librail_efr32xg23_gcc_release.a(rfhal_signing.o)
 .text.RAILINT_4463d6f6b6fb2e6e6b41db55bfacda66
                0x08008094       0x84 C:/Users/SeigoSakaki/SimplicityStudio/SDKs/gecko_sdk//platform/radio/rail_lib/autogen/librail_release/librail_efr32xg23_gcc_release.a(rfhal_signing.o)
 .text.RAILINT_91272c6016c25098e2fc431c1bd1fc37
                0x08008118       0xb0 C:/Users/SeigoSakaki/SimplicityStudio/SDKs/gecko_sdk//platform/radio/rail_lib/autogen/librail_release/librail_efr32xg23_gcc_release.a(rfhal_signing.o)
                0x08008118                RAILINT_91272c6016c25098e2fc431c1bd1fc37
 .text          0x080081c8       0x30 c:/siliconlabs/simplicitystudio/v5/developer/toolchains/gnu_arm/12.2.rel1_2023.7/bin/../lib/gcc/arm-none-eabi/12.2.1/thumb/v8-m.main+fp/hard\libgcc.a(_aeabi_uldivmod.o)
                0x080081c8                __aeabi_uldivmod
 .text.__udivmoddi4
                0x080081f8      0x2ec c:/siliconlabs/simplicitystudio/v5/developer/toolchains/gnu_arm/12.2.rel1_2023.7/bin/../lib/gcc/arm-none-eabi/12.2.1/thumb/v8-m.main+fp/hard\libgcc.a(_udivmoddi4.o)
                0x080081f8                __udivmoddi4
 .text          0x080084e4        0x4 c:/siliconlabs/simplicitystudio/v5/developer/toolchains/gnu_arm/12.2.rel1_2023.7/bin/../lib/gcc/arm-none-eabi/12.2.1/thumb/v8-m.main+fp/hard\libgcc.a(_dvmd_tls.o)
                0x080084e4                __aeabi_idiv0
                0x080084e4                __aeabi_ldiv0
 .text.exit     0x080084e8       0x24 c:/siliconlabs/simplicitystudio/v5/developer/toolchains/gnu_arm/12.2.rel1_2023.7/bin/../lib/gcc/arm-none-eabi/12.2.1/thumb/v8-m.main+fp/hard\libc_nano.a(libc_a-exit.o)
                0x080084e8                exit
 .text.__libc_init_array
                0x0800850c       0x48 c:/siliconlabs/simplicitystudio/v5/developer/toolchains/gnu_arm/12.2.rel1_2023.7/bin/../lib/gcc/arm-none-eabi/12.2.1/thumb/v8-m.main+fp/hard\libc_nano.a(libc_a-init.o)
                0x0800850c                __libc_init_array
 .text.app_init
                0x08008554        0xa ./app_init.o
                0x08008554                app_init
 .text.app_process_action
                0x0800855e        0x2 ./app_process.o
                0x0800855e                app_process_action
 .text.sl_rail_util_on_event
                0x08008560        0x2 ./app_process.o
                0x08008560                sl_rail_util_on_event
 .text.RAILCb_ConfigFrameTypeLength
                0x08008562        0x2 ./autogen/rail_config.o
                0x08008562                RAILCb_ConfigFrameTypeLength
 .text.sl_emlib_gpio_simple_init
                0x08008564      0x144 ./autogen/sl_emlib_gpio_simple_init.o
                0x08008564                sl_emlib_gpio_simple_init
 .text.sl_platform_init
                0x080086a8       0x1c ./autogen/sl_event_handler.o
                0x080086a8                sl_platform_init
 .text.sl_driver_init
                0x080086c4        0x8 ./autogen/sl_event_handler.o
                0x080086c4                sl_driver_init
 .text.sl_stack_init
                0x080086cc       0x14 ./autogen/sl_event_handler.o
                0x080086cc                sl_stack_init
 .text.sl_internal_app_init
                0x080086e0        0x2 ./autogen/sl_event_handler.o
                0x080086e0                sl_internal_app_init
 .text.sl_platform_process_action
                0x080086e2        0x2 ./autogen/sl_event_handler.o
                0x080086e2                sl_platform_process_action
 .text.sl_service_process_action
                0x080086e4        0x2 ./autogen/sl_event_handler.o
                0x080086e4                sl_service_process_action
 .text.sl_stack_process_action
                0x080086e6        0x2 ./autogen/sl_event_handler.o
                0x080086e6                sl_stack_process_action
 .text.sl_internal_app_process_action
                0x080086e8        0x2 ./autogen/sl_event_handler.o
                0x080086e8                sl_internal_app_process_action
 .text.sl_iostream_init_instances
                0x080086ea        0x8 ./autogen/sl_event_handler.o
                0x080086ea                sl_iostream_init_instances
 .text.sl_service_init
                0x080086f2        0xc ./autogen/sl_event_handler.o
                0x080086f2                sl_service_init
 .text.sl_iostream_eusart_init_instances
                0x080086fe        0x8 ./autogen/sl_iostream_init_eusart_instances.o
                0x080086fe                sl_iostream_eusart_init_instances
 .text.sl_rail_util_on_assert_failed
                0x08008706        0x2 ./autogen/sl_rail_util_callbacks.o
                0x08008706                sl_rail_util_on_assert_failed
 .text.RAILCb_AssertFailed
                0x08008708        0x8 ./autogen/sl_rail_util_callbacks.o
                0x08008708                RAILCb_AssertFailed
 .text.sl_rail_util_on_rf_ready
                0x08008710        0x2 ./autogen/sl_rail_util_callbacks.o
                0x08008710                sl_rail_util_on_rf_ready
 .text.sli_rail_util_on_rf_ready
                0x08008712        0x8 ./autogen/sl_rail_util_callbacks.o
                0x08008712                sli_rail_util_on_rf_ready
 .text.sl_rail_util_on_channel_config_change
                0x0800871a        0x2 ./autogen/sl_rail_util_callbacks.o
                0x0800871a                sl_rail_util_on_channel_config_change
 .text.sli_rail_util_on_channel_config_change
                0x0800871c       0x14 ./autogen/sl_rail_util_callbacks.o
                0x0800871c                sli_rail_util_on_channel_config_change
 .text.sli_rail_util_on_event
                0x08008730        0x8 ./autogen/sl_rail_util_callbacks.o
                0x08008730                sli_rail_util_on_event
 .text.sl_rail_util_init
                0x08008738        0x8 ./autogen/sl_rail_util_init.o
                0x08008738                sl_rail_util_init
 .text.Default_Handler
                0x08008740        0x2 ./gecko_sdk_4.4.6/platform/Device/SiliconLabs/EFR32FG23/Source/startup_efr32fg23.o
                0x08008740                ULFRCO_IRQHandler
                0x08008740                SW2_IRQHandler
                0x08008740                TIMER2_IRQHandler
                0x08008740                DebugMon_Handler
                0x08008740                USART0_TX_IRQHandler
                0x08008740                IADC_IRQHandler
                0x08008740                EUSART0_TX_IRQHandler
                0x08008740                I2C0_IRQHandler
                0x08008740                LFXO_IRQHandler
                0x08008740                VDAC_IRQHandler
                0x08008740                HardFault_Handler
                0x08008740                SMU_SECURE_IRQHandler
                0x08008740                SysTick_Handler
                0x08008740                EMUEFP_IRQHandler
                0x08008740                EUSART2_TX_IRQHandler
                0x08008740                PendSV_Handler
                0x08008740                NMI_Handler
                0x08008740                HFXO0_IRQHandler
                0x08008740                I2C1_IRQHandler
                0x08008740                WDOG0_IRQHandler
                0x08008740                TIMER3_IRQHandler
                0x08008740                SYSCFG_IRQHandler
                0x08008740                MSC_IRQHandler
                0x08008740                DPLL0_IRQHandler
                0x08008740                UsageFault_Handler
                0x08008740                WDOG1_IRQHandler
                0x08008740                M33CTI1_IRQHandler
                0x08008740                TIMER4_IRQHandler
                0x08008740                GPIO_EVEN_IRQHandler
                0x08008740                SEMBTX_IRQHandler
                0x08008740                SW0_IRQHandler
                0x08008740                TIMER0_IRQHandler
                0x08008740                LCD_IRQHandler
                0x08008740                LETIMER0_IRQHandler
                0x08008740                TIMER1_IRQHandler
                0x08008740                HFRCO0_IRQHandler
                0x08008740                SecureFault_Handler
                0x08008740                DCDC_IRQHandler
                0x08008740                Default_Handler
                0x08008740                EMU_IRQHandler
                0x08008740                SW3_IRQHandler
                0x08008740                KERNEL0_IRQHandler
                0x08008740                PCNT0_IRQHandler
                0x08008740                KERNEL1_IRQHandler
                0x08008740                KEYSCAN_IRQHandler
                0x08008740                sl_app_properties
                0x08008740                HFRCOEM23_IRQHandler
                0x08008740                BURTC_IRQHandler
                0x08008740                SEMBRX_IRQHandler
                0x08008740                LFRCO_IRQHandler
                0x08008740                ACMP0_IRQHandler
                0x08008740                USART0_RX_IRQHandler
                0x08008740                SVC_Handler
                0x08008740                EUSART2_RX_IRQHandler
                0x08008740                SMU_S_PRIVILEGED_IRQHandler
                0x08008740                SW1_IRQHandler
                0x08008740                CMU_IRQHandler
                0x08008740                EUSART0_RX_IRQHandler
                0x08008740                SETAMPERHOST_IRQHandler
                0x08008740                GPIO_ODD_IRQHandler
                0x08008740                LESENSE_IRQHandler
                0x08008740                AES_IRQHandler
                0x08008740                M33CTI0_IRQHandler
                0x08008740                ICACHE0_IRQHandler
                0x08008740                SMU_NS_PRIVILEGED_IRQHandler
                0x08008740                FPUEXH_IRQHandler
                0x08008740                ACMP1_IRQHandler
                0x08008740                BusFault_Handler
                0x08008740                MPAHBRAM_IRQHandler
                0x08008740                SYSRTC_APP_IRQHandler
 .text.FlashToRamCopy
                0x08008742       0x18 ./gecko_sdk_4.4.6/platform/Device/SiliconLabs/EFR32FG23/Source/system_efr32fg23.o
                0x08008742                FlashToRamCopy
 .text.SystemCLKIN0Get
                0x0800875a        0x4 ./gecko_sdk_4.4.6/platform/Device/SiliconLabs/EFR32FG23/Source/system_efr32fg23.o
                0x0800875a                SystemCLKIN0Get
 .text.SystemLFRCOClockGet
                0x0800875e        0x6 ./gecko_sdk_4.4.6/platform/Device/SiliconLabs/EFR32FG23/Source/system_efr32fg23.o
                0x0800875e                SystemLFRCOClockGet
 .text.SystemULFRCOClockGet
                0x08008764        0x6 ./gecko_sdk_4.4.6/platform/Device/SiliconLabs/EFR32FG23/Source/system_efr32fg23.o
                0x08008764                SystemULFRCOClockGet
 .text.DMADRV_PeripheralMemory
                0x0800876a       0x36 ./gecko_sdk_4.4.6/platform/emdrv/dmadrv/src/dmadrv.o
                0x0800876a                DMADRV_PeripheralMemory
 .text.traceClkGet
                0x080087a0       0x16 ./gecko_sdk_4.4.6/platform/emlib/src/em_cmu.o
 .text.sysTickClkGet
                0x080087b6       0x3c ./gecko_sdk_4.4.6/platform/emlib/src/em_cmu.o
 .text.BUS_RegMaskedWrite
                0x080087f2       0x1c ./gecko_sdk_4.4.6/platform/emlib/src/em_cmu.o
 .text.waitStateMax
                0x0800880e        0xe ./gecko_sdk_4.4.6/platform/emlib/src/em_cmu.o
 .text.CMU_ClockFreqGet
                0x0800881c      0x3a8 ./gecko_sdk_4.4.6/platform/emlib/src/em_cmu.o
                0x0800881c                CMU_ClockFreqGet
 .text.CMU_UpdateWaitStates
                0x08008bc4       0x16 ./gecko_sdk_4.4.6/platform/emlib/src/em_cmu.o
                0x08008bc4                CMU_UpdateWaitStates
 .text.pclkDivMax
                0x08008bda        0xe ./gecko_sdk_4.4.6/platform/emlib/src/em_cmu.o
 .text.sli_em_cmu_SYSCLKInitPreClockSelect
                0x08008be8       0x18 ./gecko_sdk_4.4.6/platform/emlib/src/em_cmu.o
                0x08008be8                sli_em_cmu_SYSCLKInitPreClockSelect
 .text.CORE_EnterCritical
                0x08008c00        0x8 ./gecko_sdk_4.4.6/platform/emlib/src/em_core.o
                0x08008c00                CORE_EnterCritical
 .text.CORE_ExitCritical
                0x08008c08        0x6 ./gecko_sdk_4.4.6/platform/emlib/src/em_core.o
                0x08008c08                CORE_ExitCritical
 .text.CORE_EnterAtomic
                0x08008c0e        0xc ./gecko_sdk_4.4.6/platform/emlib/src/em_core.o
                0x08008c0e                CORE_EnterAtomic
 .text.CORE_ExitAtomic
                0x08008c1a        0x6 ./gecko_sdk_4.4.6/platform/emlib/src/em_core.o
                0x08008c1a                CORE_ExitAtomic
 .text.EMU_EFPEM01VScale
                0x08008c20        0x2 ./gecko_sdk_4.4.6/platform/emlib/src/em_emu.o
                0x08008c20                EMU_EFPEM01VScale
 .text.EUSART_Disable
                0x08008c22       0x3e ./gecko_sdk_4.4.6/platform/emlib/src/em_eusart.o
 .text.EUSART_Enable
                0x08008c60       0x4a ./gecko_sdk_4.4.6/platform/emlib/src/em_eusart.o
                0x08008c60                EUSART_Enable
 .text.EUSART_Tx
                0x08008caa        0xc ./gecko_sdk_4.4.6/platform/emlib/src/em_eusart.o
                0x08008caa                EUSART_Tx
 .text.EUSART_UartInitHf
                0x08008cb6        0xc ./gecko_sdk_4.4.6/platform/emlib/src/em_eusart.o
                0x08008cb6                EUSART_UartInitHf
 .text.EUSART_UartInitLf
                0x08008cc2        0xc ./gecko_sdk_4.4.6/platform/emlib/src/em_eusart.o
                0x08008cc2                EUSART_UartInitLf
 .text.BUS_RegMaskedWrite
                0x08008cce       0x1c ./gecko_sdk_4.4.6/platform/emlib/src/em_gpio.o
 .text.sl_rail_util_protocol_config_proprietary
                0x08008cea        0xc ./gecko_sdk_4.4.6/platform/radio/rail_lib/plugin/rail_util_protocol/sl_rail_util_protocol.o
 .text.sl_rail_util_protocol_config
                0x08008cf6       0x1e ./gecko_sdk_4.4.6/platform/radio/rail_lib/plugin/rail_util_protocol/sl_rail_util_protocol.o
                0x08008cf6                sl_rail_util_protocol_config
 .text.sl_rail_util_rssi_init
                0x08008d14        0xe ./gecko_sdk_4.4.6/platform/radio/rail_lib/plugin/rail_util_rssi/sl_rail_util_rssi.o
                0x08008d14                sl_rail_util_rssi_init
 .text.eusart_deinit
                0x08008d22       0x7c ./gecko_sdk_4.4.6/platform/service/iostream/src/sl_iostream_eusart.o
 .text.eusart_set_next_byte_detect
                0x08008d9e       0x34 ./gecko_sdk_4.4.6/platform/service/iostream/src/sl_iostream_eusart.o
 .text.eusart_tx
                0x08008dd2        0xc ./gecko_sdk_4.4.6/platform/service/iostream/src/sl_iostream_eusart.o
 .text.sl_iostream_eusart_irq_handler
                0x08008dde       0x90 ./gecko_sdk_4.4.6/platform/service/iostream/src/sl_iostream_eusart.o
                0x08008dde                sl_iostream_eusart_irq_handler
 .text._exit    0x08008e6e        0x2 ./gecko_sdk_4.4.6/platform/service/iostream/src/sl_iostream_retarget_stdio.o
                0x08008e6e                _exit
 .text.set_auto_cr_lf
                0x08008e70        0x6 ./gecko_sdk_4.4.6/platform/service/iostream/src/sl_iostream_uart.o
 .text.get_auto_cr_lf
                0x08008e76        0x6 ./gecko_sdk_4.4.6/platform/service/iostream/src/sl_iostream_uart.o
 .text.scan_for_ctrl_char
                0x08008e7c       0x62 ./gecko_sdk_4.4.6/platform/service/iostream/src/sl_iostream_uart.o
 .text.nolock_uart_write
                0x08008ede       0x6a ./gecko_sdk_4.4.6/platform/service/iostream/src/sl_iostream_uart.o
 .text.uart_write
                0x08008f48        0xa ./gecko_sdk_4.4.6/platform/service/iostream/src/sl_iostream_uart.o
 .text.read_rx_buffer
                0x08008f52       0xec ./gecko_sdk_4.4.6/platform/service/iostream/src/sl_iostream_uart.o
 .text.uart_read
                0x0800903e       0x32 ./gecko_sdk_4.4.6/platform/service/iostream/src/sl_iostream_uart.o
 .text.ARM_MPU_SetMemAttrEx
                0x08009070       0x32 ./gecko_sdk_4.4.6/platform/service/mpu/src/sl_mpu.o
 .text.mpu_fault_handler
                0x080090a2        0x6 ./gecko_sdk_4.4.6/platform/service/mpu/src/sl_mpu.o
                0x080090a2                mpu_fault_handler
 .text.MemManage_Handler
                0x080090a8        0x8 ./gecko_sdk_4.4.6/platform/service/mpu/src/sl_mpu.o
                0x080090a8                MemManage_Handler
 .text.sl_system_init
                0x080090b0       0x18 ./gecko_sdk_4.4.6/platform/service/system/src/sl_system_init.o
                0x080090b0                sl_system_init
 .text.sl_system_process_action
                0x080090c8       0x14 ./gecko_sdk_4.4.6/platform/service/system/src/sl_system_process_action.o
                0x080090c8                sl_system_process_action
 .text.RAILINT_6979ba8ef0cdf0533448ae6961caa387
                0x080090dc        0x6 C:/Users/SeigoSakaki/SimplicityStudio/SDKs/gecko_sdk//platform/radio/rail_lib/autogen/librail_release/librail_efr32xg23_gcc_release.a(rail_zwave_rf_hal.o)
                0x080090dc                RAILINT_6979ba8ef0cdf0533448ae6961caa387
 .text.RAILINT_d0b740e0d56386369c32583de8fcbef5
                0x080090e2        0x8 C:/Users/SeigoSakaki/SimplicityStudio/SDKs/gecko_sdk//platform/radio/rail_lib/autogen/librail_release/librail_efr32xg23_gcc_release.a(rail_zwave_rf_hal.o)
                0x080090e2                RAILINT_d0b740e0d56386369c32583de8fcbef5
 .text.RAILINT_5f7271c9289cd163a868296ec8a13255
                0x080090ea       0x68 C:/Users/SeigoSakaki/SimplicityStudio/SDKs/gecko_sdk//platform/radio/rail_lib/autogen/librail_release/librail_efr32xg23_gcc_release.a(rail_zwave_rf_hal.o)
                0x080090ea                RAILINT_5f7271c9289cd163a868296ec8a13255
 .text.RAILINT_5e8e9467b0c1450a5e8b8c0a2125b945
                0x08009152       0x4c C:/Users/SeigoSakaki/SimplicityStudio/SDKs/gecko_sdk//platform/radio/rail_lib/autogen/librail_release/librail_efr32xg23_gcc_release.a(rfhal_ircal.o)
                0x08009152                RAILINT_5e8e9467b0c1450a5e8b8c0a2125b945
 .text.RAILINT_6b0c5902ca813fd0fa7fd974a54fd3be
                0x0800919e       0x48 C:/Users/SeigoSakaki/SimplicityStudio/SDKs/gecko_sdk//platform/radio/rail_lib/autogen/librail_release/librail_efr32xg23_gcc_release.a(rfhal_pa.o)
 .text.RAILINT_f39e32907732bd5a8a1ddb0f9d681d93
                0x080091e6        0xc C:/Users/SeigoSakaki/SimplicityStudio/SDKs/gecko_sdk//platform/radio/rail_lib/autogen/librail_release/librail_efr32xg23_gcc_release.a(rfhal_pa.o)
                0x080091e6                RAILINT_f39e32907732bd5a8a1ddb0f9d681d93
 .text.RAILINT_4afebab4d21eb082c7788c52f582aebd
                0x080091f2        0x4 C:/Users/SeigoSakaki/SimplicityStudio/SDKs/gecko_sdk//platform/radio/rail_lib/autogen/librail_release/librail_efr32xg23_gcc_release.a(rfhal_pa.o)
                0x080091f2                RAILINT_4afebab4d21eb082c7788c52f582aebd
 .text.RAILINT_fdb72a38ba19fe991e9d245e317c2d16
                0x080091f6        0x2 C:/Users/SeigoSakaki/SimplicityStudio/SDKs/gecko_sdk//platform/radio/rail_lib/autogen/librail_release/librail_efr32xg23_gcc_release.a(rfhal_pa.o)
                0x080091f6                RAILINT_fdb72a38ba19fe991e9d245e317c2d16
 .text.RAILINT_2223a417874d3df58e7836e188fbd679
                0x080091f8        0xe C:/Users/SeigoSakaki/SimplicityStudio/SDKs/gecko_sdk//platform/radio/rail_lib/autogen/librail_release/librail_efr32xg23_gcc_release.a(rfhal_protimer.o)
                0x080091f8                RAILINT_2223a417874d3df58e7836e188fbd679
 .text.RAILINT_880ea347ba5a380aeb65b9c33560ef79
                0x08009206       0x16 C:/Users/SeigoSakaki/SimplicityStudio/SDKs/gecko_sdk//platform/radio/rail_lib/autogen/librail_release/librail_efr32xg23_gcc_release.a(rfhal_protimer.o)
                0x08009206                RAILINT_880ea347ba5a380aeb65b9c33560ef79
 .text.RAILINT_f8a90379e9f3407300bb750a181afbe4
                0x0800921c       0x12 C:/Users/SeigoSakaki/SimplicityStudio/SDKs/gecko_sdk//platform/radio/rail_lib/autogen/librail_release/librail_efr32xg23_gcc_release.a(rfhal_radio.o)
 .text.RAILINT_c174cd7e27ebfe1b2de47ff269c167ee
                0x0800922e       0x7e C:/Users/SeigoSakaki/SimplicityStudio/SDKs/gecko_sdk//platform/radio/rail_lib/autogen/librail_release/librail_efr32xg23_gcc_release.a(rfhal_radio.o)
                0x0800922e                RAILINT_c174cd7e27ebfe1b2de47ff269c167ee
 .text.RAILINT_43ae21a22b6204273e89e527a423910e
                0x080092ac       0x16 C:/Users/SeigoSakaki/SimplicityStudio/SDKs/gecko_sdk//platform/radio/rail_lib/autogen/librail_release/librail_efr32xg23_gcc_release.a(rfhal_timings.o)
                0x080092ac                RAILINT_43ae21a22b6204273e89e527a423910e
 .text.FRC_PRI_IRQHandler
                0x080092c2        0x4 C:/Users/SeigoSakaki/SimplicityStudio/SDKs/gecko_sdk//platform/radio/rail_lib/autogen/librail_release/librail_efr32xg23_gcc_release.a(generic_phy.o)
                0x080092c2                FRC_PRI_IRQHandler
 .text.BUFC_IRQHandler
                0x080092c6        0x4 C:/Users/SeigoSakaki/SimplicityStudio/SDKs/gecko_sdk//platform/radio/rail_lib/autogen/librail_release/librail_efr32xg23_gcc_release.a(generic_phy.o)