Archive member included to satisfy reference by file (symbol)

C:/Users/SeigoSakaki/SimplicityStudio/SDKs/gecko_sdk//platform/radio/rail_lib/autogen/librail_release/librail_efr32xg23_gcc_release.a(rail_zwave_rf_hal.o)
                              ./gecko_sdk_4.4.6/platform/radio/rail_lib/plugin/rail_util_protocol/sl_rail_util_protocol.o (RAIL_ZWAVE_REGION_EU)
C:/Users/SeigoSakaki/SimplicityStudio/SDKs/gecko_sdk//platform/radio/rail_lib/autogen/librail_release/librail_efr32xg23_gcc_release.a(rfhal_ircal.o)
                              C:/Users/SeigoSakaki/SimplicityStudio/SDKs/gecko_sdk//platform/radio/rail_lib/autogen/librail_release/librail_efr32xg23_gcc_release.a(rail_zwave_rf_hal.o) (RAILINT_cfa5a467c37a5670581316d9a449dab5)
C:/Users/SeigoSakaki/SimplicityStudio/SDKs/gecko_sdk//platform/radio/rail_lib/autogen/librail_release/librail_efr32xg23_gcc_release.a(rfhal_antenna.o)
                              C:/Users/SeigoSakaki/SimplicityStudio/SDKs/gecko_sdk//platform/radio/rail_lib/autogen/librail_release/librail_efr32xg23_gcc_release.a(rfhal_ircal.o) (RAILINT_7c4474e9c252fd93501bbf7d6298f3d3)
C:/Users/SeigoSakaki/SimplicityStudio/SDKs/gecko_sdk//platform/radio/rail_lib/autogen/librail_release/librail_efr32xg23_gcc_release.a(rfhal_bufc.o)
                              C:/Users/SeigoSakaki/SimplicityStudio/SDKs/gecko_sdk//platform/radio/rail_lib/autogen/librail_release/librail_efr32xg23_gcc_release.a(rfhal_ircal.o) (RAILINT_6281eecc9c4ea6e1ecc523be2e1d48d2)
C:/Users/SeigoSakaki/SimplicityStudio/SDKs/gecko_sdk//platform/radio/rail_lib/autogen/librail_release/librail_efr32xg23_gcc_release.a(rfhal_pa.o)
                              C:/Users/SeigoSakaki/SimplicityStudio/SDKs/gecko_sdk//platform/radio/rail_lib/autogen/librail_release/librail_efr32xg23_gcc_release.a(rail_zwave_rf_hal.o) (RAILINT_4afebab4d21eb082c7788c52f582aebd)
C:/Users/SeigoSakaki/SimplicityStudio/SDKs/gecko_sdk//platform/radio/rail_lib/autogen/librail_release/librail_efr32xg23_gcc_release.a(rfhal_protimer.o)
                              C:/Users/SeigoSakaki/SimplicityStudio/SDKs/gecko_sdk//platform/radio/rail_lib/autogen/librail_release/librail_efr32xg23_gcc_release.a(rfhal_ircal.o) (RAILINT_2223a417874d3df58e7836e188fbd679)
C:/Users/SeigoSakaki/SimplicityStudio/SDKs/gecko_sdk//platform/radio/rail_lib/autogen/librail_release/librail_efr32xg23_gcc_release.a(rfhal_radio.o)
                              C:/Users/SeigoSakaki/SimplicityStudio/SDKs/gecko_sdk//platform/radio/rail_lib/autogen/librail_release/librail_efr32xg23_gcc_release.a(rail_zwave_rf_hal.o) (RAILINT_218cde0c3f45a7d04cd5b221c6c89ad2)
C:/Users/SeigoSakaki/SimplicityStudio/SDKs/gecko_sdk//platform/radio/rail_lib/autogen/librail_release/librail_efr32xg23_gcc_release.a(rfhal_synth.o)
                              C:/Users/SeigoSakaki/SimplicityStudio/SDKs/gecko_sdk//platform/radio/rail_lib/autogen/librail_release/librail_efr32xg23_gcc_release.a(rfhal_ircal.o) (RAILINT_9e306f55d2f3c85a26d2a5212585345f)
C:/Users/SeigoSakaki/SimplicityStudio/SDKs/gecko_sdk//platform/radio/rail_lib/autogen/librail_release/librail_efr32xg23_gcc_release.a(rfhal_timings.o)
                              C:/Users/SeigoSakaki/SimplicityStudio/SDKs/gecko_sdk//platform/radio/rail_lib/autogen/librail_release/librail_efr32xg23_gcc_release.a(rfhal_pa.o) (RAILINT_06b1ea13261364007801a74aa7e1e357)
C:/Users/SeigoSakaki/SimplicityStudio/SDKs/gecko_sdk//platform/radio/rail_lib/autogen/librail_release/librail_efr32xg23_gcc_release.a(seq_globals.o)
                              C:/Users/SeigoSakaki/SimplicityStudio/SDKs/gecko_sdk//platform/radio/rail_lib/autogen/librail_release/librail_efr32xg23_gcc_release.a(rfhal_radio.o) (RAILINT_9743c96ef075be688881e5d1e5667476)
C:/Users/SeigoSakaki/SimplicityStudio/SDKs/gecko_sdk//platform/radio/rail_lib/autogen/librail_release/librail_efr32xg23_gcc_release.a(generic_phy.o)
                              C:/Users/SeigoSakaki/SimplicityStudio/SDKs/gecko_sdk//platform/radio/rail_lib/autogen/librail_release/librail_efr32xg23_gcc_release.a(rail_zwave_rf_hal.o) (RAILINT_e56520736dccfc6b4febe00b533ea27a)
C:/Users/SeigoSakaki/SimplicityStudio/SDKs/gecko_sdk//platform/radio/rail_lib/autogen/librail_release/librail_efr32xg23_gcc_release.a(generic_efr32xg23_release_seq.o)
                              C:/Users/SeigoSakaki/SimplicityStudio/SDKs/gecko_sdk//platform/radio/rail_lib/autogen/librail_release/librail_efr32xg23_gcc_release.a(rfhal_radio.o) (RAILINT_92778c07306e92722c65f3193fdf1096)
C:/Users/SeigoSakaki/SimplicityStudio/SDKs/gecko_sdk//platform/radio/rail_lib/autogen/librail_release/librail_efr32xg23_gcc_release.a(zwave_efr32xg23_configurator_out.o)
                              C:/Users/SeigoSakaki/SimplicityStudio/SDKs/gecko_sdk//platform/radio/rail_lib/autogen/librail_release/librail_efr32xg23_gcc_release.a(rail_zwave_rf_hal.o) (RAILINT_a2d9bf5b318689840b919f604b0e95b4)
[...]
Memory Configuration

Name             Origin             Length             Attributes
FLASH            0x08000000         0x0007e000         xr
RAM              0x20000000         0x00010000         xrw
*default*        0x00000000         0xffffffff

Linker script and memory map

LOAD c:/siliconlabs/simplicitystudio/v5/developer/toolchains/gnu_arm/12.2.rel1_2023.7/bin/../lib/gcc/arm-none-eabi/12.2.1/thumb/v8-m.main+fp/hard/crti.o
LOAD c:/siliconlabs/simplicitystudio/v5/developer/toolchains/gnu_arm/12.2.rel1_2023.7/bin/../lib/gcc/arm-none-eabi/12.2.1/thumb/v8-m.main+fp/hard/crtbegin.o
LOAD c:/siliconlabs/simplicitystudio/v5/developer/toolchains/gnu_arm/12.2.rel1_2023.7/bin/../lib/gcc/arm-none-eabi/12.2.1/thumb/v8-m.main+fp/hard/crt0.o
START GROUP
LOAD ./app_init.o
LOAD ./app_process.o
LOAD ./main.o
LOAD ./autogen/rail_config.o
LOAD ./autogen/sl_device_init_clocks.o
LOAD ./autogen/sl_emlib_gpio_simple_init.o
LOAD ./autogen/sl_event_handler.o
LOAD ./autogen/sl_iostream_handles.o
LOAD ./autogen/sl_iostream_init_eusart_instances.o
LOAD ./autogen/sl_rail_util_callbacks.o
LOAD ./autogen/sl_rail_util_init.o
LOAD ./gecko_sdk_4.4.6/platform/Device/SiliconLabs/EFR32FG23/Source/startup_efr32fg23.o
LOAD ./gecko_sdk_4.4.6/platform/Device/SiliconLabs/EFR32FG23/Source/system_efr32fg23.o
LOAD ./gecko_sdk_4.4.6/platform/common/src/sl_assert.o
LOAD ./gecko_sdk_4.4.6/platform/common/src/sl_slist.o
LOAD ./gecko_sdk_4.4.6/platform/common/src/sl_string.o
LOAD ./gecko_sdk_4.4.6/platform/common/src/sl_syscalls.o
LOAD ./gecko_sdk_4.4.6/platform/common/toolchain/src/sl_memory.o
LOAD ./gecko_sdk_4.4.6/platform/emdrv/dmadrv/src/dmadrv.o
LOAD ./gecko_sdk_4.4.6/platform/emlib/src/em_cmu.o
LOAD ./gecko_sdk_4.4.6/platform/emlib/src/em_core.o
LOAD ./gecko_sdk_4.4.6/platform/emlib/src/em_emu.o
LOAD ./gecko_sdk_4.4.6/platform/emlib/src/em_eusart.o
LOAD ./gecko_sdk_4.4.6/platform/emlib/src/em_gpio.o
LOAD ./gecko_sdk_4.4.6/platform/emlib/src/em_ldma.o
LOAD ./gecko_sdk_4.4.6/platform/emlib/src/em_msc.o
LOAD ./gecko_sdk_4.4.6/platform/emlib/src/em_prs.o
LOAD ./gecko_sdk_4.4.6/platform/emlib/src/em_system.o
LOAD ./gecko_sdk_4.4.6/platform/radio/rail_lib/plugin/pa-conversions/pa_conversions_efr32.o
LOAD ./gecko_sdk_4.4.6/platform/radio/rail_lib/plugin/pa-conversions/pa_curves_efr32.o
LOAD ./gecko_sdk_4.4.6/platform/radio/rail_lib/plugin/rail_util_protocol/sl_rail_util_protocol.o
LOAD ./gecko_sdk_4.4.6/platform/radio/rail_lib/plugin/rail_util_pti/sl_rail_util_pti.o
LOAD ./gecko_sdk_4.4.6/platform/radio/rail_lib/plugin/rail_util_rssi/sl_rail_util_rssi.o
LOAD ./gecko_sdk_4.4.6/platform/service/device_init/src/sl_device_init_dcdc_s2.o
LOAD ./gecko_sdk_4.4.6/platform/service/device_init/src/sl_device_init_emu_s2.o
LOAD ./gecko_sdk_4.4.6/platform/service/device_init/src/sl_device_init_hfxo_s2.o
LOAD ./gecko_sdk_4.4.6/platform/service/device_init/src/sl_device_init_nvic.o
LOAD ./gecko_sdk_4.4.6/platform/service/iostream/src/sl_iostream.o
LOAD ./gecko_sdk_4.4.6/platform/service/iostream/src/sl_iostream_eusart.o
LOAD ./gecko_sdk_4.4.6/platform/service/iostream/src/sl_iostream_retarget_stdio.o
LOAD ./gecko_sdk_4.4.6/platform/service/iostream/src/sl_iostream_uart.o
LOAD ./gecko_sdk_4.4.6/platform/service/mpu/src/sl_mpu.o
LOAD ./gecko_sdk_4.4.6/platform/service/system/src/sl_system_init.o
LOAD ./gecko_sdk_4.4.6/platform/service/system/src/sl_system_process_action.o
LOAD ./gecko_sdk_4.4.6/platform/service/udelay/src/sl_udelay.o
LOAD ./gecko_sdk_4.4.6/platform/service/udelay/src/sl_udelay_armv6m_gcc.o
LOAD C:/Users/SeigoSakaki/SimplicityStudio/SDKs/gecko_sdk//platform/radio/rail_lib/autogen/librail_release/librail_efr32xg23_gcc_release.a
LOAD c:/siliconlabs/simplicitystudio/v5/developer/toolchains/gnu_arm/12.2.rel1_2023.7/bin/../lib/gcc/arm-none-eabi/12.2.1/thumb/v8-m.main+fp/hard\libgcc.a
LOAD c:/siliconlabs/simplicitystudio/v5/developer/toolchains/gnu_arm/12.2.rel1_2023.7/bin/../lib/gcc/arm-none-eabi/12.2.1/thumb/v8-m.main+fp/hard\libc_nano.a
LOAD c:/siliconlabs/simplicitystudio/v5/developer/toolchains/gnu_arm/12.2.rel1_2023.7/bin/../lib/gcc/arm-none-eabi/12.2.1/thumb/v8-m.main+fp/hard\libm.a
LOAD c:/siliconlabs/simplicitystudio/v5/developer/toolchains/gnu_arm/12.2.rel1_2023.7/bin/../lib/gcc/arm-none-eabi/12.2.1/thumb/v8-m.main+fp/hard\libnosys.a
END GROUP
START GROUP
LOAD c:/siliconlabs/simplicitystudio/v5/developer/toolchains/gnu_arm/12.2.rel1_2023.7/bin/../lib/gcc/arm-none-eabi/12.2.1/thumb/v8-m.main+fp/hard\libgcc.a
LOAD c:/siliconlabs/simplicitystudio/v5/developer/toolchains/gnu_arm/12.2.rel1_2023.7/bin/../lib/gcc/arm-none-eabi/12.2.1/thumb/v8-m.main+fp/hard\libc_nano.a
LOAD c:/siliconlabs/simplicitystudio/v5/developer/toolchains/gnu_arm/12.2.rel1_2023.7/bin/../lib/gcc/arm-none-eabi/12.2.1/thumb/v8-m.main+fp/hard\libnosys.a
END GROUP
START GROUP
LOAD c:/siliconlabs/simplicitystudio/v5/developer/toolchains/gnu_arm/12.2.rel1_2023.7/bin/../lib/gcc/arm-none-eabi/12.2.1/thumb/v8-m.main+fp/hard\libgcc.a
LOAD c:/siliconlabs/simplicitystudio/v5/developer/toolchains/gnu_arm/12.2.rel1_2023.7/bin/../lib/gcc/arm-none-eabi/12.2.1/thumb/v8-m.main+fp/hard\libg_nano.a
LOAD c:/siliconlabs/simplicitystudio/v5/developer/toolchains/gnu_arm/12.2.rel1_2023.7/bin/../lib/gcc/arm-none-eabi/12.2.1/thumb/v8-m.main+fp/hard\libc_nano.a
END GROUP
START GROUP
LOAD c:/siliconlabs/simplicitystudio/v5/developer/toolchains/gnu_arm/12.2.rel1_2023.7/bin/../lib/gcc/arm-none-eabi/12.2.1/thumb/v8-m.main+fp/hard\libgcc.a
LOAD c:/siliconlabs/simplicitystudio/v5/developer/toolchains/gnu_arm/12.2.rel1_2023.7/bin/../lib/gcc/arm-none-eabi/12.2.1/thumb/v8-m.main+fp/hard\libc_nano.a
END GROUP
LOAD c:/siliconlabs/simplicitystudio/v5/developer/toolchains/gnu_arm/12.2.rel1_2023.7/bin/../lib/gcc/arm-none-eabi/12.2.1/thumb/v8-m.main+fp/hard/crtend.o
LOAD c:/siliconlabs/simplicitystudio/v5/developer/toolchains/gnu_arm/12.2.rel1_2023.7/bin/../lib/gcc/arm-none-eabi/12.2.1/thumb/v8-m.main+fp/hard/crtn.o

.text           0x08000000     0xfa00
                0x08000000                linker_vectors_begin = .
 *(.vectors)
 .vectors       0x08000000      0x170 ./gecko_sdk_4.4.6/platform/Device/SiliconLabs/EFR32FG23/Source/startup_efr32fg23.o
                0x08000000                __Vectors
                0x08000170                linker_vectors_end = .
                0x08000170                __Vectors_End = .
                0x08000170                __Vectors_Size = (__Vectors_End - __Vectors)
                0x08000170                linker_code_begin = .
 *(SORT_BY_ALIGNMENT(.text*))
 .text          0x08000170        0x8 ./gecko_sdk_4.4.6/platform/service/udelay/src/sl_udelay_armv6m_gcc.o
                0x08000170                sli_delay_loop
 .text.deregister_tm_clones
                0x08000178       0x1c c:/siliconlabs/simplicitystudio/v5/developer/toolchains/gnu_arm/12.2.rel1_2023.7/bin/../lib/gcc/arm-none-eabi/12.2.1/thumb/v8-m.main+fp/hard/crtbegin.o
 .text.register_tm_clones
                0x08000194       0x28 c:/siliconlabs/simplicitystudio/v5/developer/toolchains/gnu_arm/12.2.rel1_2023.7/bin/../lib/gcc/arm-none-eabi/12.2.1/thumb/v8-m.main+fp/hard/crtbegin.o
 .text.__do_global_dtors_aux
                0x080001bc       0x28 c:/siliconlabs/simplicitystudio/v5/developer/toolchains/gnu_arm/12.2.rel1_2023.7/bin/../lib/gcc/arm-none-eabi/12.2.1/thumb/v8-m.main+fp/hard/crtbegin.o
 .text.frame_dummy
                0x080001e4       0x24 c:/siliconlabs/simplicitystudio/v5/developer/toolchains/gnu_arm/12.2.rel1_2023.7/bin/../lib/gcc/arm-none-eabi/12.2.1/thumb/v8-m.main+fp/hard/crtbegin.o
 .text          0x08000208       0x7c c:/siliconlabs/simplicitystudio/v5/developer/toolchains/gnu_arm/12.2.rel1_2023.7/bin/../lib/gcc/arm-none-eabi/12.2.1/thumb/v8-m.main+fp/hard/crt0.o
                0x08000208                _stack_init
                0x08000210                _start
                0x08000210                _mainCRTStartup
 .text.LED_blinking_10times
                0x08000284       0x48 ./app_init.o
                0x08000284                LED_blinking_10times
 .text.LED_blinking
                0x080002cc       0x38 ./app_process.o
                0x080002cc                LED_blinking
 .text.main     0x08000304       0x20 ./main.o
                0x08000304                main
 .text.sl_device_init_clocks
                0x08000324       0xb0 ./autogen/sl_device_init_clocks.o
                0x08000324                sl_device_init_clocks
 .text.CHIP_Init
                0x080003d4       0x7c ./autogen/sl_event_handler.o
 .text.sl_iostream_eusart_init_inst
                0x08000450       0xa8 ./autogen/sl_iostream_init_eusart_instances.o
                0x08000450                sl_iostream_eusart_init_inst
 .text.EUSART1_TX_IRQHandler
                0x080004f8       0x10 ./autogen/sl_iostream_init_eusart_instances.o
                0x080004f8                EUSART1_TX_IRQHandler
 .text.EUSART1_RX_IRQHandler
                0x08000508       0x10 ./autogen/sl_iostream_init_eusart_instances.o
                0x08000508                EUSART1_RX_IRQHandler
 .text.sl_rail_util_init_inst0
                0x08000518       0xc0 ./autogen/sl_rail_util_init.o
 .text.sl_rail_util_get_handle
                0x080005d8       0x1c ./autogen/sl_rail_util_init.o
                0x080005d8                sl_rail_util_get_handle
 .text.CopyRamFuncs
                0x080005f4       0x20 ./gecko_sdk_4.4.6/platform/Device/SiliconLabs/EFR32FG23/Source/startup_efr32fg23.o
                0x080005f4                CopyRamFuncs
 .text.Reset_Handler
                0x08000614       0x64 ./gecko_sdk_4.4.6/platform/Device/SiliconLabs/EFR32FG23/Source/startup_efr32fg23.o
                0x08000614                Reset_Handler
 .text.SystemInit
                0x08000678       0x6c ./gecko_sdk_4.4.6/platform/Device/SiliconLabs/EFR32FG23/Source/system_efr32fg23.o
                0x08000678                SystemInit
 .text.SystemHFRCODPLLClockGet
                0x080006e4        0xc ./gecko_sdk_4.4.6/platform/Device/SiliconLabs/EFR32FG23/Source/system_efr32fg23.o
                0x080006e4                SystemHFRCODPLLClockGet
 .text.SystemSYSCLKGet
                0x080006f0       0x34 ./gecko_sdk_4.4.6/platform/Device/SiliconLabs/EFR32FG23/Source/system_efr32fg23.o
                0x080006f0                SystemSYSCLKGet
 .text.SystemHCLKGet
                0x08000724       0x24 ./gecko_sdk_4.4.6/platform/Device/SiliconLabs/EFR32FG23/Source/system_efr32fg23.o
                0x08000724                SystemHCLKGet
 .text.SystemMaxCoreClockGet
                0x08000748        0x8 ./gecko_sdk_4.4.6/platform/Device/SiliconLabs/EFR32FG23/Source/system_efr32fg23.o
                0x08000748                SystemMaxCoreClockGet
 .text.SystemHFXOClockGet
                0x08000750        0xc ./gecko_sdk_4.4.6/platform/Device/SiliconLabs/EFR32FG23/Source/system_efr32fg23.o
                0x08000750                SystemHFXOClockGet
 .text.SystemHFXOClockSet
                0x0800075c       0x24 ./gecko_sdk_4.4.6/platform/Device/SiliconLabs/EFR32FG23/Source/system_efr32fg23.o
                0x0800075c                SystemHFXOClockSet
 .text.SystemFSRCOClockGet
                0x08000780        0x8 ./gecko_sdk_4.4.6/platform/Device/SiliconLabs/EFR32FG23/Source/system_efr32fg23.o
                0x08000780                SystemFSRCOClockGet
 .text.SystemHFRCOEM23ClockGet
                0x08000788       0x88 ./gecko_sdk_4.4.6/platform/Device/SiliconLabs/EFR32FG23/Source/system_efr32fg23.o
                0x08000788                SystemHFRCOEM23ClockGet
 .text.SystemLFXOClockGet
                0x08000810        0xc ./gecko_sdk_4.4.6/platform/Device/SiliconLabs/EFR32FG23/Source/system_efr32fg23.o
                0x08000810                SystemLFXOClockGet
 .text.StartTransfer
                0x0800081c      0x1c0 ./gecko_sdk_4.4.6/platform/emdrv/dmadrv/src/dmadrv.o
 .text.DMADRV_AllocateChannel
                0x080009dc       0x64 ./gecko_sdk_4.4.6/platform/emdrv/dmadrv/src/dmadrv.o
                0x080009dc                DMADRV_AllocateChannel
 .text.DMADRV_DeInit
                0x08000a40       0x4c ./gecko_sdk_4.4.6/platform/emdrv/dmadrv/src/dmadrv.o
                0x08000a40                DMADRV_DeInit
 .text.DMADRV_FreeChannel
                0x08000a8c       0x54 ./gecko_sdk_4.4.6/platform/emdrv/dmadrv/src/dmadrv.o
                0x08000a8c                DMADRV_FreeChannel
 .text.DMADRV_Init
                0x08000ae0       0x64 ./gecko_sdk_4.4.6/platform/emdrv/dmadrv/src/dmadrv.o
                0x08000ae0                DMADRV_Init
 .text.DMADRV_PauseTransfer
                0x08000b44       0x40 ./gecko_sdk_4.4.6/platform/emdrv/dmadrv/src/dmadrv.o
                0x08000b44                DMADRV_PauseTransfer
 .text.DMADRV_ResumeTransfer
                0x08000b84       0x40 ./gecko_sdk_4.4.6/platform/emdrv/dmadrv/src/dmadrv.o
                0x08000b84                DMADRV_ResumeTransfer
 .text.DMADRV_StopTransfer
                0x08000bc4       0x40 ./gecko_sdk_4.4.6/platform/emdrv/dmadrv/src/dmadrv.o
                0x08000bc4                DMADRV_StopTransfer
 .text.DMADRV_TransferCompletePending
                0x08000c04       0x5c ./gecko_sdk_4.4.6/platform/emdrv/dmadrv/src/dmadrv.o
                0x08000c04                DMADRV_TransferCompletePending
 .text.DMADRV_TransferDone
                0x08000c60       0x48 ./gecko_sdk_4.4.6/platform/emdrv/dmadrv/src/dmadrv.o
                0x08000c60                DMADRV_TransferDone
 .text.LDMA_IRQHandler
                0x08000ca8       0x78 ./gecko_sdk_4.4.6/platform/emdrv/dmadrv/src/dmadrv.o
                0x08000ca8                LDMA_IRQHandler
 .text.rhclkPrescMax
                0x08000d20       0x10 ./gecko_sdk_4.4.6/platform/emlib/src/em_cmu.o
 .text.em01GrpaClkGet
                0x08000d30       0x68 ./gecko_sdk_4.4.6/platform/emlib/src/em_cmu.o
 .text.em01GrpcClkGet
                0x08000d98       0x64 ./gecko_sdk_4.4.6/platform/emlib/src/em_cmu.o
 .text.iadcClkGet
                0x08000dfc       0x54 ./gecko_sdk_4.4.6/platform/emlib/src/em_cmu.o
 .text.lesenseHFClkGet
                0x08000e50       0x3c ./gecko_sdk_4.4.6/platform/emlib/src/em_cmu.o
 .text.eusart0ClkGet
                0x08000e8c       0x68 ./gecko_sdk_4.4.6/platform/emlib/src/em_cmu.o
 .text.em23GrpaClkGet
                0x08000ef4       0x4c ./gecko_sdk_4.4.6/platform/emlib/src/em_cmu.o
 .text.vdac0ClkGet
                0x08000f40       0x64 ./gecko_sdk_4.4.6/platform/emlib/src/em_cmu.o
 .text.pcnt0ClkGet
                0x08000fa4       0x44 ./gecko_sdk_4.4.6/platform/emlib/src/em_cmu.o
 .text.wdog0ClkGet
                0x08000fe8       0x58 ./gecko_sdk_4.4.6/platform/emlib/src/em_cmu.o
 .text.wdog1ClkGet
                0x08001040       0x58 ./gecko_sdk_4.4.6/platform/emlib/src/em_cmu.o
 .text.sysrtcClkGet
                0x08001098       0x4c ./gecko_sdk_4.4.6/platform/emlib/src/em_cmu.o
 .text.lcdClkGet
                0x080010e4       0x48 ./gecko_sdk_4.4.6/platform/emlib/src/em_cmu.o
 .text.em4GrpaClkGet
                0x0800112c       0x4c ./gecko_sdk_4.4.6/platform/emlib/src/em_cmu.o
 .text.dpllRefClkGet
                0x08001178       0x4c ./gecko_sdk_4.4.6/platform/emlib/src/em_cmu.o
 .text.CMU_ClockDivGet
                0x080011c4       0x5c ./gecko_sdk_4.4.6/platform/emlib/src/em_cmu.o
                0x080011c4                CMU_ClockDivGet
 .text.flashWaitStateControl
                0x08001220       0x74 ./gecko_sdk_4.4.6/platform/emlib/src/em_cmu.o
 .text.CMU_ClockEnable
                0x08001294       0x3c ./gecko_sdk_4.4.6/platform/emlib/src/em_cmu.o
                0x08001294                CMU_ClockEnable
 .text.rhclkPrescOptimize
                0x080012d0       0x20 ./gecko_sdk_4.4.6/platform/emlib/src/em_cmu.o
 .text.CMU_ClockSelectGet
                0x080012f0      0x1b8 ./gecko_sdk_4.4.6/platform/emlib/src/em_cmu.o
                0x080012f0                CMU_ClockSelectGet
 .text.sli_em_cmu_HFXOSetForceEnable
                0x080014a8       0x1c ./gecko_sdk_4.4.6/platform/emlib/src/em_cmu.o
                0x080014a8                sli_em_cmu_HFXOSetForceEnable
 .text.CMU_HFXOInit
                0x080014c4      0x1b4 ./gecko_sdk_4.4.6/platform/emlib/src/em_cmu.o
                0x080014c4                CMU_HFXOInit
 .text.CMU_HFXOCTuneDeltaGet
                0x08001678        0xc ./gecko_sdk_4.4.6/platform/emlib/src/em_cmu.o
                0x08001678                CMU_HFXOCTuneDeltaGet
 .text.CMU_HFXOPrecisionSet
                0x08001684        0xc ./gecko_sdk_4.4.6/platform/emlib/src/em_cmu.o
                0x08001684                CMU_HFXOPrecisionSet
 .text.CMU_ClockDivSet
                0x08001690       0xb4 ./gecko_sdk_4.4.6/platform/emlib/src/em_cmu.o
                0x08001690                CMU_ClockDivSet
 .text.pclkDivOptimize
                0x08001744       0x24 ./gecko_sdk_4.4.6/platform/emlib/src/em_cmu.o
 .text.sli_em_cmu_SYSCLKInitPostClockSelect
                0x08001768       0x3c ./gecko_sdk_4.4.6/platform/emlib/src/em_cmu.o
                0x08001768                sli_em_cmu_SYSCLKInitPostClockSelect
 .text.EMU_EM4Init
                0x080017a4       0x14 ./gecko_sdk_4.4.6/platform/emlib/src/em_emu.o
                0x080017a4                EMU_EM4Init
 .text.EMU_VScaleEM01
                0x080017b8       0x8c ./gecko_sdk_4.4.6/platform/emlib/src/em_emu.o
                0x080017b8                EMU_VScaleEM01
 .text.EMU_VScaleEM01ByClock
                0x08001844       0x38 ./gecko_sdk_4.4.6/platform/emlib/src/em_emu.o
                0x08001844                EMU_VScaleEM01ByClock
 .text.EMU_DCDCModeSet
                0x0800187c       0xd0 ./gecko_sdk_4.4.6/platform/emlib/src/em_emu.o
                0x0800187c                EMU_DCDCModeSet
 .text.EMU_DCDCInit
                0x0800194c       0x7c ./gecko_sdk_4.4.6/platform/emlib/src/em_emu.o
                0x0800194c                EMU_DCDCInit
 .text.EMU_DCDCSetPFMXModePeakCurrent
                0x080019c8       0x64 ./gecko_sdk_4.4.6/platform/emlib/src/em_emu.o
                0x080019c8                EMU_DCDCSetPFMXModePeakCurrent
 .text.EMU_DCDCSetPFMXTimeoutMaxCtrl
                0x08001a2c       0x60 ./gecko_sdk_4.4.6/platform/emlib/src/em_emu.o
                0x08001a2c                EMU_DCDCSetPFMXTimeoutMaxCtrl
 .text.EUSART_ClockGet
                0x08001a8c       0x2c ./gecko_sdk_4.4.6/platform/emlib/src/em_eusart.o
 .text.EUSART_Reset
                0x08001ab8       0x58 ./gecko_sdk_4.4.6/platform/emlib/src/em_eusart.o
                0x08001ab8                EUSART_Reset
 .text.EUSART_BaudrateSet
                0x08001b10       0xd4 ./gecko_sdk_4.4.6/platform/emlib/src/em_eusart.o
                0x08001b10                EUSART_BaudrateSet
 .text.EUSART_AsyncInitCommon
                0x08001be4      0x220 ./gecko_sdk_4.4.6/platform/emlib/src/em_eusart.o
 .text.GPIO_PinModeSet
                0x08001e04       0xa0 ./gecko_sdk_4.4.6/platform/emlib/src/em_gpio.o
                0x08001e04                GPIO_PinModeSet
 .text.LDMA_DeInit
                0x08001ea4       0x3c ./gecko_sdk_4.4.6/platform/emlib/src/em_ldma.o
                0x08001ea4                LDMA_DeInit
 .text.LDMA_EnableChannelRequest
                0x08001ee0       0x1c ./gecko_sdk_4.4.6/platform/emlib/src/em_ldma.o
                0x08001ee0                LDMA_EnableChannelRequest
 .text.LDMA_Init
                0x08001efc       0x64 ./gecko_sdk_4.4.6/platform/emlib/src/em_ldma.o
                0x08001efc                LDMA_Init
 .text.LDMA_StartTransfer
                0x08001f60       0x94 ./gecko_sdk_4.4.6/platform/emlib/src/em_ldma.o
                0x08001f60                LDMA_StartTransfer
 .text.LDMA_StopTransfer
                0x08001ff4       0x24 ./gecko_sdk_4.4.6/platform/emlib/src/em_ldma.o
                0x08001ff4                LDMA_StopTransfer
 .text.LDMA_TransferDone
                0x08002018       0x34 ./gecko_sdk_4.4.6/platform/emlib/src/em_ldma.o
                0x08002018                LDMA_TransferDone
 .text.SYSTEM_ChipRevisionGet
                0x0800204c       0x24 ./gecko_sdk_4.4.6/platform/emlib/src/em_system.o
                0x0800204c                SYSTEM_ChipRevisionGet
 .text.RAIL_InitTxPowerCurvesAlt
                0x08002070       0x28 ./gecko_sdk_4.4.6/platform/radio/rail_lib/plugin/pa-conversions/pa_conversions_efr32.o
                0x08002070                RAIL_InitTxPowerCurvesAlt
 .text.RAIL_ConvertDbmToRaw
                0x08002098      0x120 ./gecko_sdk_4.4.6/platform/radio/rail_lib/plugin/pa-conversions/pa_conversions_efr32.o
                0x08002098                RAIL_ConvertDbmToRaw
 .text.RAIL_ConvertRawToDbm
                0x080021b8       0xfc ./gecko_sdk_4.4.6/platform/radio/rail_lib/plugin/pa-conversions/pa_conversions_efr32.o
                0x080021b8                RAIL_ConvertRawToDbm
 .text.sl_rail_util_pa_init
                0x080022b4       0x14 ./gecko_sdk_4.4.6/platform/radio/rail_lib/plugin/pa-conversions/pa_conversions_efr32.o
                0x080022b4                sl_rail_util_pa_init
 .text.sl_rail_util_pa_on_channel_config_change
                0x080022c8       0x70 ./gecko_sdk_4.4.6/platform/radio/rail_lib/plugin/pa-conversions/pa_conversions_efr32.o
                0x080022c8                sl_rail_util_pa_on_channel_config_change
 .text.sl_rail_util_protocol_config_zwave
                0x08002338      0x190 ./gecko_sdk_4.4.6/platform/radio/rail_lib/plugin/rail_util_protocol/sl_rail_util_protocol.o
 .text.sl_rail_util_pti_init
                0x080024c8       0x28 ./gecko_sdk_4.4.6/platform/radio/rail_lib/plugin/rail_util_pti/sl_rail_util_pti.o
                0x080024c8                sl_rail_util_pti_init
 .text.sl_device_init_dcdc
                0x080024f0       0x30 ./gecko_sdk_4.4.6/platform/service/device_init/src/sl_device_init_dcdc_s2.o
                0x080024f0                sl_device_init_dcdc
 .text.sl_device_init_emu
                0x08002520       0x28 ./gecko_sdk_4.4.6/platform/service/device_init/src/sl_device_init_emu_s2.o
                0x08002520                sl_device_init_emu
 .text.sl_device_init_hfxo
                0x08002548       0x84 ./gecko_sdk_4.4.6/platform/service/device_init/src/sl_device_init_hfxo_s2.o
                0x08002548                sl_device_init_hfxo
 .text.sl_device_init_nvic
                0x080025cc       0x38 ./gecko_sdk_4.4.6/platform/service/device_init/src/sl_device_init_nvic.o
                0x080025cc                sl_device_init_nvic
 .text.sl_iostream_set_default
                0x08002604       0x18 ./gecko_sdk_4.4.6/platform/service/iostream/src/sl_iostream.o
                0x08002604                sl_iostream_set_default
 .text.sl_iostream_get_default
                0x0800261c       0x18 ./gecko_sdk_4.4.6/platform/service/iostream/src/sl_iostream.o
                0x0800261c                sl_iostream_get_default
 .text.sl_iostream_eusart_init
                0x08002634      0x234 ./gecko_sdk_4.4.6/platform/service/iostream/src/sl_iostream_eusart.o
                0x08002634                sl_iostream_eusart_init
 .text.__NVIC_EnableIRQ
                0x08002868       0x1c ./gecko_sdk_4.4.6/platform/service/iostream/src/sl_iostream_uart.o
 .text.__NVIC_DisableIRQ
                0x08002884       0x24 ./gecko_sdk_4.4.6/platform/service/iostream/src/sl_iostream_uart.o
 .text.dma_irq_handler
                0x080028a8       0x78 ./gecko_sdk_4.4.6/platform/service/iostream/src/sl_iostream_uart.o
 .text.uart_deinit
                0x08002920       0x60 ./gecko_sdk_4.4.6/platform/service/iostream/src/sl_iostream_uart.o
 .text.update_ring_buffer
                0x08002980       0xa4 ./gecko_sdk_4.4.6/platform/service/iostream/src/sl_iostream_uart.o
 .text.sli_iostream_uart_context_init
                0x08002a24      0x104 ./gecko_sdk_4.4.6/platform/service/iostream/src/sl_iostream_uart.o
                0x08002a24                sli_iostream_uart_context_init
 .text.__NVIC_SystemReset
                0x08002b28       0x24 ./gecko_sdk_4.4.6/platform/service/mpu/src/sl_mpu.o
 .text.ARM_MPU_Disable
                0x08002b4c       0x28 ./gecko_sdk_4.4.6/platform/service/mpu/src/sl_mpu.o
 .text.sl_mpu_disable_execute_from_ram
                0x08002b74       0xb0 ./gecko_sdk_4.4.6/platform/service/mpu/src/sl_mpu.o
                0x08002b74                sl_mpu_disable_execute_from_ram
 .text.sl_udelay_wait
                0x08002c24       0x54 ./gecko_sdk_4.4.6/platform/service/udelay/src/sl_udelay.o
                0x08002c24                sl_udelay_wait
 .text.RAILINT_5c2987fa2991598bf02ec13ac2db72ed
                0x08002c78       0x54 C:/Users/SeigoSakaki/SimplicityStudio/SDKs/gecko_sdk//platform/radio/rail_lib/autogen/librail_release/librail_efr32xg23_gcc_release.a(rail_zwave_rf_hal.o)
                0x08002c78                RAILINT_5c2987fa2991598bf02ec13ac2db72ed
 .text.RAILINT_120642e673f8f2bbbaa80923e2f7270d
                0x08002ccc       0x38 C:/Users/SeigoSakaki/SimplicityStudio/SDKs/gecko_sdk//platform/radio/rail_lib/autogen/librail_release/librail_efr32xg23_gcc_release.a(rail_zwave_rf_hal.o)
                0x08002ccc                RAILINT_120642e673f8f2bbbaa80923e2f7270d
 .text.RAILINT_9b1690650ce61745b7406051fc961644
                0x08002d04       0x40 C:/Users/SeigoSakaki/SimplicityStudio/SDKs/gecko_sdk//platform/radio/rail_lib/autogen/librail_release/librail_efr32xg23_gcc_release.a(rail_zwave_rf_hal.o)
                0x08002d04                RAILINT_9b1690650ce61745b7406051fc961644
 .text.RAILINT_967ec31283d85ef3237b5b80f4ab05ca
                0x08002d44      0x288 C:/Users/SeigoSakaki/SimplicityStudio/SDKs/gecko_sdk//platform/radio/rail_lib/autogen/librail_release/librail_efr32xg23_gcc_release.a(rail_zwave_rf_hal.o)
                0x08002d44                RAILINT_967ec31283d85ef3237b5b80f4ab05ca
 .text.RAILINT_a779509c3ccfe3314b466cbc2527e4c8
                0x08002fcc       0x24 C:/Users/SeigoSakaki/SimplicityStudio/SDKs/gecko_sdk//platform/radio/rail_lib/autogen/librail_release/librail_efr32xg23_gcc_release.a(rfhal_ircal.o)
                0x08002fcc                RAILINT_a779509c3ccfe3314b466cbc2527e4c8
 .text.RAILINT_7c4474e9c252fd93501bbf7d6298f3d3
                0x08002ff0       0x64 C:/Users/SeigoSakaki/SimplicityStudio/SDKs/gecko_sdk//platform/radio/rail_lib/autogen/librail_release/librail_efr32xg23_gcc_release.a(rfhal_antenna.o)
                0x08002ff0                RAILINT_7c4474e9c252fd93501bbf7d6298f3d3
 .text.RAILINT_42ba343910883753b346a02b0f77ef3e
                0x08003054        0xc C:/Users/SeigoSakaki/SimplicityStudio/SDKs/gecko_sdk//platform/radio/rail_lib/autogen/librail_release/librail_efr32xg23_gcc_release.a(rfhal_antenna.o)
                0x08003054                RAILINT_42ba343910883753b346a02b0f77ef3e
 .text.RAILINT_893fd72dfcf6ebbe2598a01d375fa2c0
                0x08003060       0x50 C:/Users/SeigoSakaki/SimplicityStudio/SDKs/gecko_sdk//platform/radio/rail_lib/autogen/librail_release/librail_efr32xg23_gcc_release.a(rfhal_bufc.o)
 .text.RAILINT_cdbd2ef4368f95ff8e91482f629bd134
                0x080030b0       0x1c C:/Users/SeigoSakaki/SimplicityStudio/SDKs/gecko_sdk//platform/radio/rail_lib/autogen/librail_release/librail_efr32xg23_gcc_release.a(rfhal_bufc.o)
                0x080030b0                RAILINT_cdbd2ef4368f95ff8e91482f629bd134
 .text.RAILINT_d098fb7ee08dc8d454a1df118de69bc4
                0x080030cc      0x18c C:/Users/SeigoSakaki/SimplicityStudio/SDKs/gecko_sdk//platform/radio/rail_lib/autogen/librail_release/librail_efr32xg23_gcc_release.a(rfhal_bufc.o)
                0x080030cc                RAILINT_d098fb7ee08dc8d454a1df118de69bc4
 .text.RAILINT_53ead1b019a1cdfd0829dbc64825eeac
                0x08003258       0x58 C:/Users/SeigoSakaki/SimplicityStudio/SDKs/gecko_sdk//platform/radio/rail_lib/autogen/librail_release/librail_efr32xg23_gcc_release.a(rfhal_bufc.o)
                0x08003258                RAILINT_53ead1b019a1cdfd0829dbc64825eeac
 .text.RAILINT_6281eecc9c4ea6e1ecc523be2e1d48d2
                0x080032b0       0x8c C:/Users/SeigoSakaki/SimplicityStudio/SDKs/gecko_sdk//platform/radio/rail_lib/autogen/librail_release/librail_efr32xg23_gcc_release.a(rfhal_bufc.o)
                0x080032b0                RAILINT_6281eecc9c4ea6e1ecc523be2e1d48d2
 .text.RAILINT_32732aa1d78833fa65026efd536f2c3e
                0x0800333c       0x44 C:/Users/SeigoSakaki/SimplicityStudio/SDKs/gecko_sdk//platform/radio/rail_lib/autogen/librail_release/librail_efr32xg23_gcc_release.a(rfhal_bufc.o)
                0x0800333c                RAILINT_32732aa1d78833fa65026efd536f2c3e
 .text.RAILINT_f921a6fdde390c986016ab0c8bf49fae
                0x08003380      0x12c C:/Users/SeigoSakaki/SimplicityStudio/SDKs/gecko_sdk//platform/radio/rail_lib/autogen/librail_release/librail_efr32xg23_gcc_release.a(rfhal_bufc.o)
                0x08003380                RAILINT_f921a6fdde390c986016ab0c8bf49fae
 .text.RAILINT_0906929bba6a17fd8a9605e65064a9f4
                0x080034ac       0x68 C:/Users/SeigoSakaki/SimplicityStudio/SDKs/gecko_sdk//platform/radio/rail_lib/autogen/librail_release/librail_efr32xg23_gcc_release.a(rfhal_bufc.o)
                0x080034ac                RAILINT_0906929bba6a17fd8a9605e65064a9f4
 .text.RAILINT_31258cb71f8a6b9069347d576bc679f0
                0x08003514       0x1c C:/Users/SeigoSakaki/SimplicityStudio/SDKs/gecko_sdk//platform/radio/rail_lib/autogen/librail_release/librail_efr32xg23_gcc_release.a(rfhal_bufc.o)
                0x08003514                RAILINT_31258cb71f8a6b9069347d576bc679f0
 .text.RAILINT_6e9511005f24d0489b4328a9cd887def
                0x08003530       0x2c C:/Users/SeigoSakaki/SimplicityStudio/SDKs/gecko_sdk//platform/radio/rail_lib/autogen/librail_release/librail_efr32xg23_gcc_release.a(rfhal_bufc.o)
                0x08003530                RAILINT_6e9511005f24d0489b4328a9cd887def
 .text.RAILINT_5b690911fb63c8ed3939b23ea6b3c04d
                0x0800355c       0x14 C:/Users/SeigoSakaki/SimplicityStudio/SDKs/gecko_sdk//platform/radio/rail_lib/autogen/librail_release/librail_efr32xg23_gcc_release.a(rfhal_pa.o)
                0x0800355c                RAILINT_5b690911fb63c8ed3939b23ea6b3c04d
 .text.RAILINT_0a4e93b519ac593c17e9cf2bca4c4cf3
                0x08003570       0x2c C:/Users/SeigoSakaki/SimplicityStudio/SDKs/gecko_sdk//platform/radio/rail_lib/autogen/librail_release/librail_efr32xg23_gcc_release.a(rfhal_pa.o)
                0x08003570                RAILINT_0a4e93b519ac593c17e9cf2bca4c4cf3
 .text.RAILINT_538e671f17d827f5e8fbb6213721d612
                0x0800359c       0x48 C:/Users/SeigoSakaki/SimplicityStudio/SDKs/gecko_sdk//platform/radio/rail_lib/autogen/librail_release/librail_efr32xg23_gcc_release.a(rfhal_pa.o)
                0x0800359c                RAILINT_538e671f17d827f5e8fbb6213721d612
 .text.RAILINT_1040bf941e847cb582a86b6ad519d354
                0x080035e4       0x14 C:/Users/SeigoSakaki/SimplicityStudio/SDKs/gecko_sdk//platform/radio/rail_lib/autogen/librail_release/librail_efr32xg23_gcc_release.a(rfhal_pa.o)
                0x080035e4                RAILINT_1040bf941e847cb582a86b6ad519d354
 .text.RAILINT_80e4ebea7b797fe222184bcf10e3a6f0
                0x080035f8       0xe8 C:/Users/SeigoSakaki/SimplicityStudio/SDKs/gecko_sdk//platform/radio/rail_lib/autogen/librail_release/librail_efr32xg23_gcc_release.a(rfhal_pa.o)
                0x080035f8                RAILINT_80e4ebea7b797fe222184bcf10e3a6f0
 .text.RAILINT_5eae5b33728fa998af27aab462a94cc2
                0x080036e0      0x240 C:/Users/SeigoSakaki/SimplicityStudio/SDKs/gecko_sdk//platform/radio/rail_lib/autogen/librail_release/librail_efr32xg23_gcc_release.a(rfhal_pa.o)
                0x080036e0                RAILINT_5eae5b33728fa998af27aab462a94cc2
 .text.RAILINT_692f9e407ff0da6bb4b5f2aa1969c134
                0x08003920      0x288 C:/Users/SeigoSakaki/SimplicityStudio/SDKs/gecko_sdk//platform/radio/rail_lib/autogen/librail_release/librail_efr32xg23_gcc_release.a(rfhal_pa.o)
                0x08003920                RAILINT_692f9e407ff0da6bb4b5f2aa1969c134
 .text.RAILINT_08c8419aa71adfff4194c3a91186dc0b
                0x08003ba8       0x50 C:/Users/SeigoSakaki/SimplicityStudio/SDKs/gecko_sdk//platform/radio/rail_lib/autogen/librail_release/librail_efr32xg23_gcc_release.a(rfhal_pa.o)
                0x08003ba8                RAILINT_08c8419aa71adfff4194c3a91186dc0b
 .text.RAILINT_43e20192c70743caf46848f43384580c
                0x08003bf8       0x48 C:/Users/SeigoSakaki/SimplicityStudio/SDKs/gecko_sdk//platform/radio/rail_lib/autogen/librail_release/librail_efr32xg23_gcc_release.a(rfhal_pa.o)
                0x08003bf8                RAILINT_43e20192c70743caf46848f43384580c
 .text.RAILINT_9ddf38797bdd4dec512cd8a53f0e246d
                0x08003c40       0x1c C:/Users/SeigoSakaki/SimplicityStudio/SDKs/gecko_sdk//platform/radio/rail_lib/autogen/librail_release/librail_efr32xg23_gcc_release.a(rfhal_pa.o)
                0x08003c40                RAILINT_9ddf38797bdd4dec512cd8a53f0e246d
 .text.RAILINT_a2bb09bbf0f5a66273c06b6551b0acd9
                0x08003c5c       0xdc C:/Users/SeigoSakaki/SimplicityStudio/SDKs/gecko_sdk//platform/radio/rail_lib/autogen/librail_release/librail_efr32xg23_gcc_release.a(rfhal_protimer.o)
                0x08003c5c                RAILINT_a2bb09bbf0f5a66273c06b6551b0acd9
 .text.RAILINT_2867cf1f7327fd002fccf5d8ded311be
                0x08003d38       0x1c C:/Users/SeigoSakaki/SimplicityStudio/SDKs/gecko_sdk//platform/radio/rail_lib/autogen/librail_release/librail_efr32xg23_gcc_release.a(rfhal_protimer.o)
                0x08003d38                RAILINT_2867cf1f7327fd002fccf5d8ded311be
 .text.RAILINT_4f93cdd7aecf168775f2a95c9141aec8
                0x08003d54       0x3c C:/Users/SeigoSakaki/SimplicityStudio/SDKs/gecko_sdk//platform/radio/rail_lib/autogen/librail_release/librail_efr32xg23_gcc_release.a(rfhal_protimer.o)
                0x08003d54                RAILINT_4f93cdd7aecf168775f2a95c9141aec8
 .text.RAILINT_6fba69fb8464276fb40686c982612f36
                0x08003d90       0x18 C:/Users/SeigoSakaki/SimplicityStudio/SDKs/gecko_sdk//platform/radio/rail_lib/autogen/librail_release/librail_efr32xg23_gcc_release.a(rfhal_protimer.o)
                0x08003d90                RAILINT_6fba69fb8464276fb40686c982612f36
 .text.RAILINT_c51be8ee5a1368e218ec48a993030c0a
                0x08003da8       0x30 C:/Users/SeigoSakaki/SimplicityStudio/SDKs/gecko_sdk//platform/radio/rail_lib/autogen/librail_release/librail_efr32xg23_gcc_release.a(rfhal_protimer.o)
                0x08003da8                RAILINT_c51be8ee5a1368e218ec48a993030c0a
 .text.RAILINT_91acd8a0b3b22b251b18aeabdb4a57f7
                0x08003dd8       0x18 C:/Users/SeigoSakaki/SimplicityStudio/SDKs/gecko_sdk//platform/radio/rail_lib/autogen/librail_release/librail_efr32xg23_gcc_release.a(rfhal_protimer.o)
                0x08003dd8                RAILINT_91acd8a0b3b22b251b18aeabdb4a57f7
 .text.RAILINT_3d752c35229134eb0acd91db488d7c4c
                0x08003df0       0x24 C:/Users/SeigoSakaki/SimplicityStudio/SDKs/gecko_sdk//platform/radio/rail_lib/autogen/librail_release/librail_efr32xg23_gcc_release.a(rfhal_protimer.o)
                0x08003df0                RAILINT_3d752c35229134eb0acd91db488d7c4c
 .text.RAILINT_91df45e96a2874f76867d6f26ae534a0
                0x08003e14       0x40 C:/Users/SeigoSakaki/SimplicityStudio/SDKs/gecko_sdk//platform/radio/rail_lib/autogen/librail_release/librail_efr32xg23_gcc_release.a(rfhal_protimer.o)
                0x08003e14                RAILINT_91df45e96a2874f76867d6f26ae534a0
 .text.RAILINT_7dbf4a2540796b33a4a0f6c074c875d0
                0x08003e54       0x20 C:/Users/SeigoSakaki/SimplicityStudio/SDKs/gecko_sdk//platform/radio/rail_lib/autogen/librail_release/librail_efr32xg23_gcc_release.a(rfhal_radio.o)
 .text.RAILINT_2e07a6872d92c4b3e3c2fd6af0b0470f
                0x08003e74       0x84 C:/Users/SeigoSakaki/SimplicityStudio/SDKs/gecko_sdk//platform/radio/rail_lib/autogen/librail_release/librail_efr32xg23_gcc_release.a(rfhal_radio.o)
 .text.RAILINT_fec7870be3fe1a836fe6231361b23257
                0x08003ef8       0x5c C:/Users/SeigoSakaki/SimplicityStudio/SDKs/gecko_sdk//platform/radio/rail_lib/autogen/librail_release/librail_efr32xg23_gcc_release.a(rfhal_radio.o)
 .text.RAILINT_2d55024751d647dfef36f5f548d0f2cb
                0x08003f54       0x4c C:/Users/SeigoSakaki/SimplicityStudio/SDKs/gecko_sdk//platform/radio/rail_lib/autogen/librail_release/librail_efr32xg23_gcc_release.a(rfhal_radio.o)
                0x08003f54                RAILINT_2d55024751d647dfef36f5f548d0f2cb
 .text.RAILINT_218cde0c3f45a7d04cd5b221c6c89ad2
                0x08003fa0       0x28 C:/Users/SeigoSakaki/SimplicityStudio/SDKs/gecko_sdk//platform/radio/rail_lib/autogen/librail_release/librail_efr32xg23_gcc_release.a(rfhal_radio.o)
                0x08003fa0                RAILINT_218cde0c3f45a7d04cd5b221c6c89ad2
 .text.RAILINT_0a958662e0f9b48ba3742030a3e4e70c
                0x08003fc8       0x84 C:/Users/SeigoSakaki/SimplicityStudio/SDKs/gecko_sdk//platform/radio/rail_lib/autogen/librail_release/librail_efr32xg23_gcc_release.a(rfhal_radio.o)
                0x08003fc8                RAILINT_0a958662e0f9b48ba3742030a3e4e70c
 .text.RAILINT_ff78d9bb4bfe772063473783474f9dc5
                0x0800404c       0x4c C:/Users/SeigoSakaki/SimplicityStudio/SDKs/gecko_sdk//platform/radio/rail_lib/autogen/librail_release/librail_efr32xg23_gcc_release.a(rfhal_radio.o)
                0x0800404c                RAILINT_ff78d9bb4bfe772063473783474f9dc5
 .text.RAILINT_83b3e2e99c8f4d3fd0b62943447c7cff
                0x08004098       0x6c C:/Users/SeigoSakaki/SimplicityStudio/SDKs/gecko_sdk//platform/radio/rail_lib/autogen/librail_release/librail_efr32xg23_gcc_release.a(rfhal_radio.o)
                0x08004098                RAILINT_83b3e2e99c8f4d3fd0b62943447c7cff
 .text.RAILINT_29728e9d96985f5babe5fba5eab67a2d
                0x08004104       0x1c C:/Users/SeigoSakaki/SimplicityStudio/SDKs/gecko_sdk//platform/radio/rail_lib/autogen/librail_release/librail_efr32xg23_gcc_release.a(rfhal_radio.o)
                0x08004104                RAILINT_29728e9d96985f5babe5fba5eab67a2d
 .text.RAILINT_cd65c06e3b1af867d6257be45870f13b
                0x08004120      0x108 C:/Users/SeigoSakaki/SimplicityStudio/SDKs/gecko_sdk//platform/radio/rail_lib/autogen/librail_release/librail_efr32xg23_gcc_release.a(rfhal_radio.o)
                0x08004120                RAILINT_cd65c06e3b1af867d6257be45870f13b
 .text.RAILINT_f9e5228e0d9c01913b590cb22fe86427
                0x08004228        0xc C:/Users/SeigoSakaki/SimplicityStudio/SDKs/gecko_sdk//platform/radio/rail_lib/autogen/librail_release/librail_efr32xg23_gcc_release.a(rfhal_radio.o)
                0x08004228                RAILINT_f9e5228e0d9c01913b590cb22fe86427
 .text.RAILINT_0fcb2d75494993f121b931b03a54c62c
                0x08004234        0xc C:/Users/SeigoSakaki/SimplicityStudio/SDKs/gecko_sdk//platform/radio/rail_lib/autogen/librail_release/librail_efr32xg23_gcc_release.a(rfhal_radio.o)
                0x08004234                RAILINT_0fcb2d75494993f121b931b03a54c62c
 .text.RAILINT_d8be8114d0438e8c4744d07fb3afceb2
                0x08004240        0xc C:/Users/SeigoSakaki/SimplicityStudio/SDKs/gecko_sdk//platform/radio/rail_lib/autogen/librail_release/librail_efr32xg23_gcc_release.a(rfhal_radio.o)
                0x08004240                RAILINT_d8be8114d0438e8c4744d07fb3afceb2
 .text.RAILINT_107f383da9004c7c039de184830a3649
                0x0800424c        0xc C:/Users/SeigoSakaki/SimplicityStudio/SDKs/gecko_sdk//platform/radio/rail_lib/autogen/librail_release/librail_efr32xg23_gcc_release.a(rfhal_radio.o)
                0x0800424c                RAILINT_107f383da9004c7c039de184830a3649
 .text.RAILINT_98702195dd5df205b66d73f7f1b701b5
                0x08004258       0x24 C:/Users/SeigoSakaki/SimplicityStudio/SDKs/gecko_sdk//platform/radio/rail_lib/autogen/librail_release/librail_efr32xg23_gcc_release.a(rfhal_radio.o)
                0x08004258                RAILINT_98702195dd5df205b66d73f7f1b701b5
 .text.RAILINT_f653c2a462666f78ad07511adb1c6ca5
                0x0800427c       0xcc C:/Users/SeigoSakaki/SimplicityStudio/SDKs/gecko_sdk//platform/radio/rail_lib/autogen/librail_release/librail_efr32xg23_gcc_release.a(rfhal_radio.o)
                0x0800427c                RAILINT_f653c2a462666f78ad07511adb1c6ca5
 .text.RAILINT_12973c63ce9f157526b71bd49da4eecd
                0x08004348       0x18 C:/Users/SeigoSakaki/SimplicityStudio/SDKs/gecko_sdk//platform/radio/rail_lib/autogen/librail_release/librail_efr32xg23_gcc_release.a(rfhal_radio.o)
                0x08004348                RAILINT_12973c63ce9f157526b71bd49da4eecd
 .text.RAILINT_1161b5fbd248b16b9006cacb961f2bf2
                0x08004360       0x24 C:/Users/SeigoSakaki/SimplicityStudio/SDKs/gecko_sdk//platform/radio/rail_lib/autogen/librail_release/librail_efr32xg23_gcc_release.a(rfhal_radio.o)
                0x08004360                RAILINT_1161b5fbd248b16b9006cacb961f2bf2
 .text.RAILINT_5c0938f59a395e36d23a6c1c32d6c158
                0x08004384       0xc8 C:/Users/SeigoSakaki/SimplicityStudio/SDKs/gecko_sdk//platform/radio/rail_lib/autogen/librail_release/librail_efr32xg23_gcc_release.a(rfhal_synth.o)
 .text.RAILINT_ec98693ee08d705578ea34d20ad5a3f0
                0x0800444c       0x6c C:/Users/SeigoSakaki/SimplicityStudio/SDKs/gecko_sdk//platform/radio/rail_lib/autogen/librail_release/librail_efr32xg23_gcc_release.a(rfhal_synth.o)
                0x0800444c                RAILINT_ec98693ee08d705578ea34d20ad5a3f0
 .text.RAILINT_f26e766b4223f258d2a3acd050099dec
                0x080044b8      0x48c C:/Users/SeigoSakaki/SimplicityStudio/SDKs/gecko_sdk//platform/radio/rail_lib/autogen/librail_release/librail_efr32xg23_gcc_release.a(rfhal_synth.o)
                0x080044b8                RAILINT_f26e766b4223f258d2a3acd050099dec
 .text.RAILINT_ffff6fd8b93bee8f8f3297dc48915167
                0x08004944       0x10 C:/Users/SeigoSakaki/SimplicityStudio/SDKs/gecko_sdk//platform/radio/rail_lib/autogen/librail_release/librail_efr32xg23_gcc_release.a(rfhal_synth.o)
                0x08004944                RAILINT_ffff6fd8b93bee8f8f3297dc48915167
 .text.RAILINT_13745921110d6517f85d6d608ac18409
                0x08004954       0x4c C:/Users/SeigoSakaki/SimplicityStudio/SDKs/gecko_sdk//platform/radio/rail_lib/autogen/librail_release/librail_efr32xg23_gcc_release.a(rfhal_synth.o)
                0x08004954                RAILINT_13745921110d6517f85d6d608ac18409
 .text.RAILINT_40f50b01b0acf65296da94a1cd4ce85b
                0x080049a0      0x104 C:/Users/SeigoSakaki/SimplicityStudio/SDKs/gecko_sdk//platform/radio/rail_lib/autogen/librail_release/librail_efr32xg23_gcc_release.a(rfhal_synth.o)
                0x080049a0                RAILINT_40f50b01b0acf65296da94a1cd4ce85b
 .text.RAILINT_3654f2a9376e4bdd7e2c364177a94691
                0x08004aa4       0x10 C:/Users/SeigoSakaki/SimplicityStudio/SDKs/gecko_sdk//platform/radio/rail_lib/autogen/librail_release/librail_efr32xg23_gcc_release.a(rfhal_synth.o)
                0x08004aa4                RAILINT_3654f2a9376e4bdd7e2c364177a94691
 .text.RAILINT_cb8a12f5bd0c458ceee6331009f9048b
                0x08004ab4       0x1c C:/Users/SeigoSakaki/SimplicityStudio/SDKs/gecko_sdk//platform/radio/rail_lib/autogen/librail_release/librail_efr32xg23_gcc_release.a(rfhal_timings.o)
 .text.RAILINT_06b1ea13261364007801a74aa7e1e357
                0x08004ad0       0x28 C:/Users/SeigoSakaki/SimplicityStudio/SDKs/gecko_sdk//platform/radio/rail_lib/autogen/librail_release/librail_efr32xg23_gcc_release.a(rfhal_timings.o)
                0x08004ad0                RAILINT_06b1ea13261364007801a74aa7e1e357
 .text.RAILINT_4baddb3f7581dff171ab25f7b0ebdad3
                0x08004af8       0x84 C:/Users/SeigoSakaki/SimplicityStudio/SDKs/gecko_sdk//platform/radio/rail_lib/autogen/librail_release/librail_efr32xg23_gcc_release.a(rfhal_timings.o)
                0x08004af8                RAILINT_4baddb3f7581dff171ab25f7b0ebdad3
 .text.RAILINT_970d9248a37232567f89ad6c94dd6fe8
                0x08004b7c      0x16c C:/Users/SeigoSakaki/SimplicityStudio/SDKs/gecko_sdk//platform/radio/rail_lib/autogen/librail_release/librail_efr32xg23_gcc_release.a(rfhal_timings.o)
                0x08004b7c                RAILINT_970d9248a37232567f89ad6c94dd6fe8
 .text.RAILINT_9743c96ef075be688881e5d1e5667476
                0x08004ce8       0x6c C:/Users/SeigoSakaki/SimplicityStudio/SDKs/gecko_sdk//platform/radio/rail_lib/autogen/librail_release/librail_efr32xg23_gcc_release.a(seq_globals.o)
                0x08004ce8                RAILINT_9743c96ef075be688881e5d1e5667476
 .text.RAILINT_816f3580c5ff0e8ca0af376c3a66a219
                0x08004d54       0x38 C:/Users/SeigoSakaki/SimplicityStudio/SDKs/gecko_sdk//platform/radio/rail_lib/autogen/librail_release/librail_efr32xg23_gcc_release.a(generic_phy.o)
 .text.RAILINT_e5849823b21bf651f5d87f5e741d2a12
                0x08004d8c       0x34 C:/Users/SeigoSakaki/SimplicityStudio/SDKs/gecko_sdk//platform/radio/rail_lib/autogen/librail_release/librail_efr32xg23_gcc_release.a(generic_phy.o)
 .text.RAILINT_99b59c6cc05d74d26bce559fe745db90
                0x08004dc0       0x30 C:/Users/SeigoSakaki/SimplicityStudio/SDKs/gecko_sdk//platform/radio/rail_lib/autogen/librail_release/librail_efr32xg23_gcc_release.a(generic_phy.o)
 .text.RAILINT_2c4dd48bdd23e67e66c47cfdf845d67c
                0x08004df0       0x50 C:/Users/SeigoSakaki/SimplicityStudio/SDKs/gecko_sdk//platform/radio/rail_lib/autogen/librail_release/librail_efr32xg23_gcc_release.a(generic_phy.o)
 .text.RAILINT_ef38b49f1deb3f763f4f0e2ae372d117
                0x08004e40       0x28 C:/Users/SeigoSakaki/SimplicityStudio/SDKs/gecko_sdk//platform/radio/rail_lib/autogen/librail_release/librail_efr32xg23_gcc_release.a(generic_phy.o)
 .text.RAILINT_6d8967e14ffa5fbb64f5f8549fa17b5c
                0x08004e68       0x1c C:/Users/SeigoSakaki/SimplicityStudio/SDKs/gecko_sdk//platform/radio/rail_lib/autogen/librail_release/librail_efr32xg23_gcc_release.a(generic_phy.o)
 .text.RAILINT_c34bfa9af18e68c24adf7137035e88f0
                0x08004e84       0xa8 C:/Users/SeigoSakaki/SimplicityStudio/SDKs/gecko_sdk//platform/radio/rail_lib/autogen/librail_release/librail_efr32xg23_gcc_release.a(generic_phy.o)
 .text.RAILINT_2b746cfc461ae5635faa828fc2e99484
                0x08004f2c       0x40 C:/Users/SeigoSakaki/SimplicityStudio/SDKs/gecko_sdk//platform/radio/rail_lib/autogen/librail_release/librail_efr32xg23_gcc_release.a(generic_phy.o)
 .text.RAILINT_978af8e4393fb6ecb4e92f5256373899
                0x08004f6c       0x30 C:/Users/SeigoSakaki/SimplicityStudio/SDKs/gecko_sdk//platform/radio/rail_lib/autogen/librail_release/librail_efr32xg23_gcc_release.a(generic_phy.o)
                0x08004f6c                RAILINT_978af8e4393fb6ecb4e92f5256373899
 .text.RAILINT_e56520736dccfc6b4febe00b533ea27a
                0x08004f9c      0x3c0 C:/Users/SeigoSakaki/SimplicityStudio/SDKs/gecko_sdk//platform/radio/rail_lib/autogen/librail_release/librail_efr32xg23_gcc_release.a(generic_phy.o)
                0x08004f9c                RAILINT_e56520736dccfc6b4febe00b533ea27a
 .text.RAILINT_436bf61abb715dbe168d75ac0bccdfdf
                0x0800535c       0x10 C:/Users/SeigoSakaki/SimplicityStudio/SDKs/gecko_sdk//platform/radio/rail_lib/autogen/librail_release/librail_efr32xg23_gcc_release.a(generic_phy.o)
                0x0800535c                RAILINT_436bf61abb715dbe168d75ac0bccdfdf
 .text.RAILINT_0e4fab607515a0ae94861cde84b8a317
                0x0800536c       0x10 C:/Users/SeigoSakaki/SimplicityStudio/SDKs/gecko_sdk//platform/radio/rail_lib/autogen/librail_release/librail_efr32xg23_gcc_release.a(generic_phy.o)
                0x0800536c                RAILINT_0e4fab607515a0ae94861cde84b8a317
 .text.RAILINT_7eff40ec14ab746668317fbad941367b
                0x0800537c       0x10 C:/Users/SeigoSakaki/SimplicityStudio/SDKs/gecko_sdk//platform/radio/rail_lib/autogen/librail_release/librail_efr32xg23_gcc_release.a(generic_phy.o)
                0x0800537c                RAILINT_7eff40ec14ab746668317fbad941367b
 .text.RAILINT_5d6f9e1abd47331b2e5065ec63f9f308
                0x0800538c       0x14 C:/Users/SeigoSakaki/SimplicityStudio/SDKs/gecko_sdk//platform/radio/rail_lib/autogen/librail_release/librail_efr32xg23_gcc_release.a(generic_phy.o)
                0x0800538c                RAILINT_5d6f9e1abd47331b2e5065ec63f9f308
 .text.RAILINT_0390333908b9b36d5ab834e553f87374
                0x080053a0       0x80 C:/Users/SeigoSakaki/SimplicityStudio/SDKs/gecko_sdk//platform/radio/rail_lib/autogen/librail_release/librail_efr32xg23_gcc_release.a(generic_phy.o)
                0x080053a0                RAILINT_0390333908b9b36d5ab834e553f87374
 .text.RAILINT_b4349430825f42395f1799b2ff8bb1b4
                0x08005420       0x30 C:/Users/SeigoSakaki/SimplicityStudio/SDKs/gecko_sdk//platform/radio/rail_lib/autogen/librail_release/librail_efr32xg23_gcc_release.a(generic_phy.o)
                0x08005420                RAILINT_b4349430825f42395f1799b2ff8bb1b4
 .text.RAILINT_cda8bf84b67189e08b64149f714e0ad8
                0x08005450       0x94 C:/Users/SeigoSakaki/SimplicityStudio/SDKs/gecko_sdk//platform/radio/rail_lib/autogen/librail_release/librail_efr32xg23_gcc_release.a(generic_phy.o)
                0x08005450                RAILINT_cda8bf84b67189e08b64149f714e0ad8
 .text.RAILINT_cf4e885725a47449d7a6caf77bda2061
                0x080054e4       0x6c C:/Users/SeigoSakaki/SimplicityStudio/SDKs/gecko_sdk//platform/radio/rail_lib/autogen/librail_release/librail_efr32xg23_gcc_release.a(generic_phy.o)
                0x080054e4                RAILINT_cf4e885725a47449d7a6caf77bda2061
 .text.RAILINT_251a0c8b131e6c493b80202150f0c444
                0x08005550       0x18 C:/Users/SeigoSakaki/SimplicityStudio/SDKs/gecko_sdk//platform/radio/rail_lib/autogen/librail_release/librail_efr32xg23_gcc_release.a(generic_phy.o)
                0x08005550                RAILINT_251a0c8b131e6c493b80202150f0c444
 .text.EMUDG_IRQHandler
                0x08005568       0x48 C:/Users/SeigoSakaki/SimplicityStudio/SDKs/gecko_sdk//platform/radio/rail_lib/autogen/librail_release/librail_efr32xg23_gcc_release.a(generic_phy.o)
                0x08005568                EMUDG_IRQHandler
 .text.RAILINT_a7d421cde8a91be6637558edc84e4002
                0x080055b0       0x48 C:/Users/SeigoSakaki/SimplicityStudio/SDKs/gecko_sdk//platform/radio/rail_lib/autogen/librail_release/librail_efr32xg23_gcc_release.a(generic_phy.o)
                0x080055b0                RAILINT_a7d421cde8a91be6637558edc84e4002
 .text.RAILINT_415699d4fedc812ab5645a39d53b6366
                0x080055f8      0x1ac C:/Users/SeigoSakaki/SimplicityStudio/SDKs/gecko_sdk//platform/radio/rail_lib/autogen/librail_release/librail_efr32xg23_gcc_release.a(generic_phy.o)
                0x080055f8                RAILINT_415699d4fedc812ab5645a39d53b6366
 .text.FRC_IRQHandler
                0x080057a4      0x7fc C:/Users/SeigoSakaki/SimplicityStudio/SDKs/gecko_sdk//platform/radio/rail_lib/autogen/librail_release/librail_efr32xg23_gcc_release.a(generic_phy.o)
                0x080057a4                FRC_IRQHandler
 .text.RAILCb_RadioStateChanged
                0x08005fa0       0x10 C:/Users/SeigoSakaki/SimplicityStudio/SDKs/gecko_sdk//platform/radio/rail_lib/autogen/librail_release/librail_efr32xg23_gcc_release.a(generic_phy.o)
                0x08005fa0                RAILCb_RadioStateChanged
 .text.RAC_RSM_IRQHandler
                0x08005fb0       0x28 C:/Users/SeigoSakaki/SimplicityStudio/SDKs/gecko_sdk//platform/radio/rail_lib/autogen/librail_release/librail_efr32xg23_gcc_release.a(generic_phy.o)
                0x08005fb0                RAC_RSM_IRQHandler
 .text.AGC_IRQHandler
                0x08005fd8       0x64 C:/Users/SeigoSakaki/SimplicityStudio/SDKs/gecko_sdk//platform/radio/rail_lib/autogen/librail_release/librail_efr32xg23_gcc_release.a(generic_phy.o)
                0x08005fd8                AGC_IRQHandler
 .text.HOSTMAILBOX_IRQHandler
                0x0800603c       0x3c C:/Users/SeigoSakaki/SimplicityStudio/SDKs/gecko_sdk//platform/radio/rail_lib/autogen/librail_release/librail_efr32xg23_gcc_release.a(generic_phy.o)
                0x0800603c                HOSTMAILBOX_IRQHandler
 .text.SYNTH_IRQHandler
                0x08006078       0x3c C:/Users/SeigoSakaki/SimplicityStudio/SDKs/gecko_sdk//platform/radio/rail_lib/autogen/librail_release/librail_efr32xg23_gcc_release.a(generic_phy.o)
                0x08006078                SYNTH_IRQHandler
 .text.RAILINT_fc431c63280fcec9c8f1f2616df249e6
                0x080060b4       0x28 C:/Users/SeigoSakaki/SimplicityStudio/SDKs/gecko_sdk//platform/radio/rail_lib/autogen/librail_release/librail_efr32xg23_gcc_release.a(generic_phy.o)
                0x080060b4                RAILINT_fc431c63280fcec9c8f1f2616df249e6
 .text.RAILINT_10ac1cf98a783c6bdb18657a1d32c8ed
                0x080060dc       0x14 C:/Users/SeigoSakaki/SimplicityStudio/SDKs/gecko_sdk//platform/radio/rail_lib/autogen/librail_release/librail_efr32xg23_gcc_release.a(generic_phy.o)
                0x080060dc                RAILINT_10ac1cf98a783c6bdb18657a1d32c8ed
 .text.RAILINT_dc675e4729ddc8fc4759ebbb1d4c3bce
                0x080060f0       0x74 C:/Users/SeigoSakaki/SimplicityStudio/SDKs/gecko_sdk//platform/radio/rail_lib/autogen/librail_release/librail_efr32xg23_gcc_release.a(generic_phy.o)
                0x080060f0                RAILINT_dc675e4729ddc8fc4759ebbb1d4c3bce
 .text.RAIL_Init
                0x08006164       0x4c C:/Users/SeigoSakaki/SimplicityStudio/SDKs/gecko_sdk//platform/radio/rail_lib/autogen/librail_release/librail_efr32xg23_gcc_release.a(rail_singleprotocol.o)
                0x08006164                RAIL_Init
 .text.RAIL_IsInitialized
                0x080061b0       0x10 C:/Users/SeigoSakaki/SimplicityStudio/SDKs/gecko_sdk//platform/radio/rail_lib/autogen/librail_release/librail_efr32xg23_gcc_release.a(rail_singleprotocol.o)
                0x080061b0                RAIL_IsInitialized
 .text.RAILINT_ba62dd308ed15b1ffe7bd5b874af6d40
                0x080061c0       0x1c C:/Users/SeigoSakaki/SimplicityStudio/SDKs/gecko_sdk//platform/radio/rail_lib/autogen/librail_release/librail_efr32xg23_gcc_release.a(rail_rf.o)
 .text.RAILINT_0ca222f7a680788c307a2bad1be33ff3
                0x080061dc       0x4c C:/Users/SeigoSakaki/SimplicityStudio/SDKs/gecko_sdk//platform/radio/rail_lib/autogen/librail_release/librail_efr32xg23_gcc_release.a(rail_rf.o)
                0x080061dc                RAILINT_0ca222f7a680788c307a2bad1be33ff3
 .text.RAILINT_b352de1fdb1fc52c04c6a0cd55987236
                0x08006228       0x4c C:/Users/SeigoSakaki/SimplicityStudio/SDKs/gecko_sdk//platform/radio/rail_lib/autogen/librail_release/librail_efr32xg23_gcc_release.a(rail_rf.o)
                0x08006228                RAILINT_b352de1fdb1fc52c04c6a0cd55987236
 .text.RAILINT_ae1c971823300cdc95a697ee27859a7c
                0x08006274       0x24 C:/Users/SeigoSakaki/SimplicityStudio/SDKs/gecko_sdk//platform/radio/rail_lib/autogen/librail_release/librail_efr32xg23_gcc_release.a(rail_rf.o)
                0x08006274                RAILINT_ae1c971823300cdc95a697ee27859a7c
 .text.RAILINT_499a6fa84e713dbcc15223a1179c1579
                0x08006298       0x24 C:/Users/SeigoSakaki/SimplicityStudio/SDKs/gecko_sdk//platform/radio/rail_lib/autogen/librail_release/librail_efr32xg23_gcc_release.a(rail_rf.o)
                0x08006298                RAILINT_499a6fa84e713dbcc15223a1179c1579
 .text.RAIL_SetStateTiming
                0x080062bc       0x5c C:/Users/SeigoSakaki/SimplicityStudio/SDKs/gecko_sdk//platform/radio/rail_lib/autogen/librail_release/librail_efr32xg23_gcc_release.a(rail_rf.o)
                0x080062bc                RAIL_SetStateTiming
 .text.RAILINT_a414401b72e85e008bc59287e035ef41
                0x08006318      0x110 C:/Users/SeigoSakaki/SimplicityStudio/SDKs/gecko_sdk//platform/radio/rail_lib/autogen/librail_release/librail_efr32xg23_gcc_release.a(rail_rf.o)
                0x08006318                RAILINT_a414401b72e85e008bc59287e035ef41
 .text.RAILINT_eff06dff73e0f32be1552c4011c2dec9
                0x08006428      0x124 C:/Users/SeigoSakaki/SimplicityStudio/SDKs/gecko_sdk//platform/radio/rail_lib/autogen/librail_release/librail_efr32xg23_gcc_release.a(rail_rf.o)
                0x08006428                RAILINT_eff06dff73e0f32be1552c4011c2dec9
 .text.RAILINT_f6dbb0a8d6338735e61b94958eb4964b
                0x0800654c       0x58 C:/Users/SeigoSakaki/SimplicityStudio/SDKs/gecko_sdk//platform/radio/rail_lib/autogen/librail_release/librail_efr32xg23_gcc_release.a(rail_rf.o)
                0x0800654c                RAILINT_f6dbb0a8d6338735e61b94958eb4964b
 .text.RAIL_ConfigChannels
                0x080065a4       0x2c C:/Users/SeigoSakaki/SimplicityStudio/SDKs/gecko_sdk//platform/radio/rail_lib/autogen/librail_release/librail_efr32xg23_gcc_release.a(rail_rf.o)
                0x080065a4                RAIL_ConfigChannels
 .text.RAIL_GetTxPowerDbm
                0x080065d0       0x2c C:/Users/SeigoSakaki/SimplicityStudio/SDKs/gecko_sdk//platform/radio/rail_lib/autogen/librail_release/librail_efr32xg23_gcc_release.a(rail_tx.o)
                0x080065d0                RAIL_GetTxPowerDbm
 .text.RAIL_ConfigCal
                0x080065fc       0x14 C:/Users/SeigoSakaki/SimplicityStudio/SDKs/gecko_sdk//platform/radio/rail_lib/autogen/librail_release/librail_efr32xg23_gcc_release.a(rail_calibration.o)
                0x080065fc                RAIL_ConfigCal
 .text.RAILCb_SetupRxFifo
                0x08006610       0x34 C:/Users/SeigoSakaki/SimplicityStudio/SDKs/gecko_sdk//platform/radio/rail_lib/autogen/librail_release/librail_efr32xg23_gcc_release.a(rail_data.o)
                0x08006610                RAILCb_SetupRxFifo
 .text.RAILINT_205167ae842e22724c3f35c6430eeddb
                0x08006644       0x2c C:/Users/SeigoSakaki/SimplicityStudio/SDKs/gecko_sdk//platform/radio/rail_lib/autogen/librail_release/librail_efr32xg23_gcc_release.a(rail_assert.o)
                0x08006644                RAILINT_205167ae842e22724c3f35c6430eeddb
 .text.RAIL_ZWAVE_Init
                0x08006670       0x7c C:/Users/SeigoSakaki/SimplicityStudio/SDKs/gecko_sdk//platform/radio/rail_lib/autogen/librail_release/librail_efr32xg23_gcc_release.a(rail_zwave.o)
                0x08006670                RAIL_ZWAVE_Init
 .text.RAILINT_57fa2c163b50cc6661e10e0e7662afb8
                0x080066ec       0x1c C:/Users/SeigoSakaki/SimplicityStudio/SDKs/gecko_sdk//platform/radio/rail_lib/autogen/librail_release/librail_efr32xg23_gcc_release.a(rail_rf_hal.o)
 .text.RAILINT_cd2294a9b77625e0ea5276bdf2a90514
                0x08006708       0x38 C:/Users/SeigoSakaki/SimplicityStudio/SDKs/gecko_sdk//platform/radio/rail_lib/autogen/librail_release/librail_efr32xg23_gcc_release.a(rail_rf_hal.o)
 .text.RAILINT_e48e5ee1b5d6f912f6e30e0897d40f5e
                0x08006740       0x38 C:/Users/SeigoSakaki/SimplicityStudio/SDKs/gecko_sdk//platform/radio/rail_lib/autogen/librail_release/librail_efr32xg23_gcc_release.a(rail_rf_hal.o)
 .text.RAILINT_2c0c7ba0065447faa0ab7205349f5d73
                0x08006778      0x130 C:/Users/SeigoSakaki/SimplicityStudio/SDKs/gecko_sdk//platform/radio/rail_lib/autogen/librail_release/librail_efr32xg23_gcc_release.a(rail_rf_hal.o)
                0x08006778                RAILINT_2c0c7ba0065447faa0ab7205349f5d73
 .text.RAILINT_2a4da4d01b26a7f90998f094ef0d126c
                0x080068a8       0x84 C:/Users/SeigoSakaki/SimplicityStudio/SDKs/gecko_sdk//platform/radio/rail_lib/autogen/librail_release/librail_efr32xg23_gcc_release.a(rail_rf_hal.o)
                0x080068a8                RAILINT_2a4da4d01b26a7f90998f094ef0d126c
 .text.RAILINT_ee8e30d6c3ef95b8e8dca03da7401c07
                0x0800692c       0x20 C:/Users/SeigoSakaki/SimplicityStudio/SDKs/gecko_sdk//platform/radio/rail_lib/autogen/librail_release/librail_efr32xg23_gcc_release.a(rail_rf_hal.o)
                0x0800692c                RAILINT_ee8e30d6c3ef95b8e8dca03da7401c07
 .text.RAILINT_4535ca1da65eed991e532282e16caa6e
                0x0800694c       0x10 C:/Users/SeigoSakaki/SimplicityStudio/SDKs/gecko_sdk//platform/radio/rail_lib/autogen/librail_release/librail_efr32xg23_gcc_release.a(rail_rf_hal.o)
                0x0800694c                RAILINT_4535ca1da65eed991e532282e16caa6e
 .text.RAILINT_4775d80a8fe4d9976ce86a6ec19b0158
                0x0800695c       0x34 C:/Users/SeigoSakaki/SimplicityStudio/SDKs/gecko_sdk//platform/radio/rail_lib/autogen/librail_release/librail_efr32xg23_gcc_release.a(rail_rf_hal.o)
                0x0800695c                RAILINT_4775d80a8fe4d9976ce86a6ec19b0158
 .text.RAILINT_788b3657c509a8fc304f09cc58d808a3
                0x08006990        0xc C:/Users/SeigoSakaki/SimplicityStudio/SDKs/gecko_sdk//platform/radio/rail_lib/autogen/librail_release/librail_efr32xg23_gcc_release.a(rail_rf_hal.o)
                0x08006990                RAILINT_788b3657c509a8fc304f09cc58d808a3
 .text.RAILINT_afeea334a0413e3fba4d9024b9c8696e
                0x0800699c        0xc C:/Users/SeigoSakaki/SimplicityStudio/SDKs/gecko_sdk//platform/radio/rail_lib/autogen/librail_release/librail_efr32xg23_gcc_release.a(rail_rf_hal.o)
                0x0800699c                RAILINT_afeea334a0413e3fba4d9024b9c8696e
 .text.RAILINT_99f0e717b1ae5f07aeace88464176fa9
                0x080069a8       0xf0 C:/Users/SeigoSakaki/SimplicityStudio/SDKs/gecko_sdk//platform/radio/rail_lib/autogen/librail_release/librail_efr32xg23_gcc_release.a(rail_rf_hal.o)
                0x080069a8                RAILINT_99f0e717b1ae5f07aeace88464176fa9
 .text.RAILINT_d02596bebc40577addedcb0f3fcccabb
                0x08006a98       0x7c C:/Users/SeigoSakaki/SimplicityStudio/SDKs/gecko_sdk//platform/radio/rail_lib/autogen/librail_release/librail_efr32xg23_gcc_release.a(rail_rf_hal.o)
                0x08006a98                RAILINT_d02596bebc40577addedcb0f3fcccabb
 .text.RAILINT_3339c86656af5bd3809fcaff6decfb50
                0x08006b14       0x34 C:/Users/SeigoSakaki/SimplicityStudio/SDKs/gecko_sdk//platform/radio/rail_lib/autogen/librail_release/librail_efr32xg23_gcc_release.a(rail_rf_hal.o)
                0x08006b14                RAILINT_3339c86656af5bd3809fcaff6decfb50
 .text.RAILINT_c1ee6010aaf86bbd071153c63f21d1bb
                0x08006b48      0x120 C:/Users/SeigoSakaki/SimplicityStudio/SDKs/gecko_sdk//platform/radio/rail_lib/autogen/librail_release/librail_efr32xg23_gcc_release.a(rail_rf_hal.o)
                0x08006b48                RAILINT_c1ee6010aaf86bbd071153c63f21d1bb
 .text.RAILINT_c232eb9695d8ec51969199511f1ffdbc
                0x08006c68       0x6c C:/Users/SeigoSakaki/SimplicityStudio/SDKs/gecko_sdk//platform/radio/rail_lib/autogen/librail_release/librail_efr32xg23_gcc_release.a(rail_rf_hal.o)
                0x08006c68                RAILINT_c232eb9695d8ec51969199511f1ffdbc
 .text.RAILINT_7bc23e10f52e56d9fc3392da3f1c2215
                0x08006cd4       0x6c C:/Users/SeigoSakaki/SimplicityStudio/SDKs/gecko_sdk//platform/radio/rail_lib/autogen/librail_release/librail_efr32xg23_gcc_release.a(rail_rf_hal.o)
                0x08006cd4                RAILINT_7bc23e10f52e56d9fc3392da3f1c2215
 .text.RAILINT_0d03c198f5f2a0e358f87f76b3e7eaa4
                0x08006d40       0xc8 C:/Users/SeigoSakaki/SimplicityStudio/SDKs/gecko_sdk//platform/radio/rail_lib/autogen/librail_release/librail_efr32xg23_gcc_release.a(rail_rf_hal.o)
                0x08006d40                RAILINT_0d03c198f5f2a0e358f87f76b3e7eaa4
 .text.RAILINT_cd62b828417e3475c6b58e9a311685cc
                0x08006e08       0x58 C:/Users/SeigoSakaki/SimplicityStudio/SDKs/gecko_sdk//platform/radio/rail_lib/autogen/librail_release/librail_efr32xg23_gcc_release.a(rail_rf_hal.o)
                0x08006e08                RAILINT_cd62b828417e3475c6b58e9a311685cc
 .text.RAILINT_63a89db964f651a01db7d72312883c55
                0x08006e60       0x9c C:/Users/SeigoSakaki/SimplicityStudio/SDKs/gecko_sdk//platform/radio/rail_lib/autogen/librail_release/librail_efr32xg23_gcc_release.a(rail_rf_hal.o)
                0x08006e60                RAILINT_63a89db964f651a01db7d72312883c55
 .text.RAILINT_b693f7d424389daf06cac15e5c7b8047
                0x08006efc      0x218 C:/Users/SeigoSakaki/SimplicityStudio/SDKs/gecko_sdk//platform/radio/rail_lib/autogen/librail_release/librail_efr32xg23_gcc_release.a(rail_rf_hal.o)
                0x08006efc                RAILINT_b693f7d424389daf06cac15e5c7b8047
 .text.RAILINT_f70b804705a044eb7f74093268741788
                0x08007114       0x30 C:/Users/SeigoSakaki/SimplicityStudio/SDKs/gecko_sdk//platform/radio/rail_lib/autogen/librail_release/librail_efr32xg23_gcc_release.a(rail_rf_hal.o)
                0x08007114                RAILINT_f70b804705a044eb7f74093268741788
 .text.RAILINT_2fd87bc1616c65bab5aaf8241d078d01
                0x08007144       0x4c C:/Users/SeigoSakaki/SimplicityStudio/SDKs/gecko_sdk//platform/radio/rail_lib/autogen/librail_release/librail_efr32xg23_gcc_release.a(rail_rf_hal.o)
                0x08007144                RAILINT_2fd87bc1616c65bab5aaf8241d078d01
 .text.RAILINT_304d05fa5f7ea83bae289f8245ef896e
                0x08007190      0x2ac C:/Users/SeigoSakaki/SimplicityStudio/SDKs/gecko_sdk//platform/radio/rail_lib/autogen/librail_release/librail_efr32xg23_gcc_release.a(rail_rf_hal.o)
                0x08007190                RAILINT_304d05fa5f7ea83bae289f8245ef896e
 .text.RAILINT_44f844fe44efb07ef80df95a956dc879
                0x0800743c      0x124 C:/Users/SeigoSakaki/SimplicityStudio/SDKs/gecko_sdk//platform/radio/rail_lib/autogen/librail_release/librail_efr32xg23_gcc_release.a(rail_rf_hal.o)
                0x0800743c                RAILINT_44f844fe44efb07ef80df95a956dc879
 .text.RAILINT_c95e9d4ad5fb39bdcaabe1c820867429
                0x08007560       0x28 C:/Users/SeigoSakaki/SimplicityStudio/SDKs/gecko_sdk//platform/radio/rail_lib/autogen/librail_release/librail_efr32xg23_gcc_release.a(rail_rf_hal.o)
                0x08007560                RAILINT_c95e9d4ad5fb39bdcaabe1c820867429
 .text.RAILINT_f70cad743ef3526a2ef7ac090e6c385a
                0x08007588       0xac C:/Users/SeigoSakaki/SimplicityStudio/SDKs/gecko_sdk//platform/radio/rail_lib/autogen/librail_release/librail_efr32xg23_gcc_release.a(rail_rf_hal.o)
                0x08007588                RAILINT_f70cad743ef3526a2ef7ac090e6c385a
 .text.RAILINT_232a85da35fb8aa0cd28c39542df9730
                0x08007634       0xc0 C:/Users/SeigoSakaki/SimplicityStudio/SDKs/gecko_sdk//platform/radio/rail_lib/autogen/librail_release/librail_efr32xg23_gcc_release.a(rail_rf_hal.o)
                0x08007634                RAILINT_232a85da35fb8aa0cd28c39542df9730
 .text.RAILINT_3209015e469febd3aebf12c10b838c78
                0x080076f4       0x40 C:/Users/SeigoSakaki/SimplicityStudio/SDKs/gecko_sdk//platform/radio/rail_lib/autogen/librail_release/librail_efr32xg23_gcc_release.a(rail_rf_hal.o)
                0x080076f4                RAILINT_3209015e469febd3aebf12c10b838c78
 .text.RAILINT_3e587e95c937431090ed1e304e004f0f
                0x08007734       0x30 C:/Users/SeigoSakaki/SimplicityStudio/SDKs/gecko_sdk//platform/radio/rail_lib/autogen/librail_release/librail_efr32xg23_gcc_release.a(rail_rf_hal.o)
                0x08007734                RAILINT_3e587e95c937431090ed1e304e004f0f
 .text.RAILINT_1debf3979df3644830aae43bd0f04ec3
                0x08007764       0x18 C:/Users/SeigoSakaki/SimplicityStudio/SDKs/gecko_sdk//platform/radio/rail_lib/autogen/librail_release/librail_efr32xg23_gcc_release.a(rail_rf_hal.o)
                0x08007764                RAILINT_1debf3979df3644830aae43bd0f04ec3
 .text.RAILINT_490352456bee2d873d71d168ce5d65c0
                0x0800777c       0x14 C:/Users/SeigoSakaki/SimplicityStudio/SDKs/gecko_sdk//platform/radio/rail_lib/autogen/librail_release/librail_efr32xg23_gcc_release.a(rail_rf_hal.o)
                0x0800777c                RAILINT_490352456bee2d873d71d168ce5d65c0
 .text.RAILINT_a4b57b9485a34098ab089f4c182a3c25
                0x08007790       0x48 C:/Users/SeigoSakaki/SimplicityStudio/SDKs/gecko_sdk//platform/radio/rail_lib/autogen/librail_release/librail_efr32xg23_gcc_release.a(rfhal_rac.o)
                0x08007790                RAILINT_a4b57b9485a34098ab089f4c182a3c25
 .text.RAILINT_18d623885a7822cbda696ea8d328c784
                0x080077d8       0x2c C:/Users/SeigoSakaki/SimplicityStudio/SDKs/gecko_sdk//platform/radio/rail_lib/autogen/librail_release/librail_efr32xg23_gcc_release.a(rfhal_rac.o)
                0x080077d8                RAILINT_18d623885a7822cbda696ea8d328c784
 .text.RAILINT_4bcf13a8aca9daa76feae0225ecd6008
                0x08007804       0x38 C:/Users/SeigoSakaki/SimplicityStudio/SDKs/gecko_sdk//platform/radio/rail_lib/autogen/librail_release/librail_efr32xg23_gcc_release.a(rfhal_rac.o)
                0x08007804                RAILINT_4bcf13a8aca9daa76feae0225ecd6008
 .text.RAILINT_1b746f3ea93637c79915c44f5de73025
                0x0800783c       0x24 C:/Users/SeigoSakaki/SimplicityStudio/SDKs/gecko_sdk//platform/radio/rail_lib/autogen/librail_release/librail_efr32xg23_gcc_release.a(rail_mfm_rf_hal.o)
                0x0800783c                RAILINT_1b746f3ea93637c79915c44f5de73025
 .text.RAILINT_c03e113233196af5eee162ec57747e37
                0x08007860       0x28 C:/Users/SeigoSakaki/SimplicityStudio/SDKs/gecko_sdk//platform/radio/rail_lib/autogen/librail_release/librail_efr32xg23_gcc_release.a(rail_mfm_rf_hal.o)
                0x08007860                RAILINT_c03e113233196af5eee162ec57747e37
 .text.RFECA_Configure
                0x08007888      0x454 C:/Users/SeigoSakaki/SimplicityStudio/SDKs/gecko_sdk//platform/radio/rail_lib/autogen/librail_release/librail_efr32xg23_gcc_release.a(rfhal_rfeca.o)
                0x08007888                RFECA_Configure
 .text.RFECA_StartCapture
                0x08007cdc       0x30 C:/Users/SeigoSakaki/SimplicityStudio/SDKs/gecko_sdk//platform/radio/rail_lib/autogen/librail_release/librail_efr32xg23_gcc_release.a(rfhal_rfeca.o)
                0x08007cdc                RFECA_StartCapture
 .text.RFECA_StartEventCounter
                0x08007d0c       0x30 C:/Users/SeigoSakaki/SimplicityStudio/SDKs/gecko_sdk//platform/radio/rail_lib/autogen/librail_release/librail_efr32xg23_gcc_release.a(rfhal_rfeca.o)
                0x08007d0c                RFECA_StartEventCounter
 .text.RFECA_SoftReset
                0x08007d3c       0x4c C:/Users/SeigoSakaki/SimplicityStudio/SDKs/gecko_sdk//platform/radio/rail_lib/autogen/librail_release/librail_efr32xg23_gcc_release.a(rfhal_rfeca.o)
                0x08007d3c                RFECA_SoftReset
 .text.RFECA_CommonHandler
                0x08007d88       0x3c C:/Users/SeigoSakaki/SimplicityStudio/SDKs/gecko_sdk//platform/radio/rail_lib/autogen/librail_release/librail_efr32xg23_gcc_release.a(rfhal_rfeca.o)
 .text.RFECA_Disable
                0x08007dc4       0x88 C:/Users/SeigoSakaki/SimplicityStudio/SDKs/gecko_sdk//platform/radio/rail_lib/autogen/librail_release/librail_efr32xg23_gcc_release.a(rfhal_rfeca.o)
                0x08007dc4                RFECA_Disable
 .text.RAILINT_37dcaf6b67da0fa3f13a9cf3e2b6a0ca
                0x08007e4c       0x1c C:/Users/SeigoSakaki/SimplicityStudio/SDKs/gecko_sdk//platform/radio/rail_lib/autogen/librail_release/librail_efr32xg23_gcc_release.a(rfhal_module.o)
                0x08007e4c                RAILINT_37dcaf6b67da0fa3f13a9cf3e2b6a0ca
 .text.RAILINT_72ff69444642d56e9a45aed09ca05444
                0x08007e68       0x7c C:/Users/SeigoSakaki/SimplicityStudio/SDKs/gecko_sdk//platform/radio/rail_lib/autogen/librail_release/librail_efr32xg23_gcc_release.a(rfhal_pti.o)
 .text.RAILINT_1a28987f80d88c2ee465192586a92d40
                0x08007ee4       0x24 C:/Users/SeigoSakaki/SimplicityStudio/SDKs/gecko_sdk//platform/radio/rail_lib/autogen/librail_release/librail_efr32xg23_gcc_release.a(rfhal_pti.o)
                0x08007ee4                RAILINT_1a28987f80d88c2ee465192586a92d40
 .text.RAILINT_c36d58880426266e9a928d6ac9ae9371
                0x08007f08      0x128 C:/Users/SeigoSakaki/SimplicityStudio/SDKs/gecko_sdk//platform/radio/rail_lib/autogen/librail_release/librail_efr32xg23_gcc_release.a(rfhal_pti.o)
                0x08007f08                RAILINT_c36d58880426266e9a928d6ac9ae9371
 .text.RAILINT_49c5c14759dc0ba43af578a042b7d568
                0x08008030       0x94 C:/Users/SeigoSakaki/SimplicityStudio/SDKs/gecko_sdk//platform/radio/rail_lib/autogen/librail_release/librail_efr32xg23_gcc_release.a(rfhal_pti.o)
                0x08008030                RAILINT_49c5c14759dc0ba43af578a042b7d568
 .text.PTI_AuxdataOutput
                0x080080c4       0x18 C:/Users/SeigoSakaki/SimplicityStudio/SDKs/gecko_sdk//platform/radio/rail_lib/autogen/librail_release/librail_efr32xg23_gcc_release.a(rfhal_pti.o)
                0x080080c4                PTI_AuxdataOutput
 .text.RAILINT_e37c2f8c4e95a72e70099c8f3fa2cfe4
                0x080080dc       0x24 C:/Users/SeigoSakaki/SimplicityStudio/SDKs/gecko_sdk//platform/radio/rail_lib/autogen/librail_release/librail_efr32xg23_gcc_release.a(rfhal_rand.o)
                0x080080dc                RAILINT_e37c2f8c4e95a72e70099c8f3fa2cfe4
 .text.SYSRTC_SEQ_IRQHandler
                0x08008100       0x14 C:/Users/SeigoSakaki/SimplicityStudio/SDKs/gecko_sdk//platform/radio/rail_lib/autogen/librail_release/librail_efr32xg23_gcc_release.a(rfhal_rtccsync.o)
                0x08008100                SYSRTC_SEQ_IRQHandler
 .text.RAILINT_d62c47c60070f7d2061fcf0c3d24567c
                0x08008114       0x5c C:/Users/SeigoSakaki/SimplicityStudio/SDKs/gecko_sdk//platform/radio/rail_lib/autogen/librail_release/librail_efr32xg23_gcc_release.a(rfhal_signing.o)
 .text.RAILINT_4463d6f6b6fb2e6e6b41db55bfacda66
                0x08008170       0x84 C:/Users/SeigoSakaki/SimplicityStudio/SDKs/gecko_sdk//platform/radio/rail_lib/autogen/librail_release/librail_efr32xg23_gcc_release.a(rfhal_signing.o)
 .text.RAILINT_91272c6016c25098e2fc431c1bd1fc37
                0x080081f4       0xb0 C:/Users/SeigoSakaki/SimplicityStudio/SDKs/gecko_sdk//platform/radio/rail_lib/autogen/librail_release/librail_efr32xg23_gcc_release.a(rfhal_signing.o)
                0x080081f4                RAILINT_91272c6016c25098e2fc431c1bd1fc37
 .text          0x080082a4       0x30 c:/siliconlabs/simplicitystudio/v5/developer/toolchains/gnu_arm/12.2.rel1_2023.7/bin/../lib/gcc/arm-none-eabi/12.2.1/thumb/v8-m.main+fp/hard\libgcc.a(_aeabi_uldivmod.o)
                0x080082a4                __aeabi_uldivmod
 .text.__udivmoddi4
                0x080082d4      0x2ec c:/siliconlabs/simplicitystudio/v5/developer/toolchains/gnu_arm/12.2.rel1_2023.7/bin/../lib/gcc/arm-none-eabi/12.2.1/thumb/v8-m.main+fp/hard\libgcc.a(_udivmoddi4.o)
                0x080082d4                __udivmoddi4
 .text          0x080085c0        0x4 c:/siliconlabs/simplicitystudio/v5/developer/toolchains/gnu_arm/12.2.rel1_2023.7/bin/../lib/gcc/arm-none-eabi/12.2.1/thumb/v8-m.main+fp/hard\libgcc.a(_dvmd_tls.o)
                0x080085c0                __aeabi_idiv0
                0x080085c0                __aeabi_ldiv0
 .text.exit     0x080085c4       0x24 c:/siliconlabs/simplicitystudio/v5/developer/toolchains/gnu_arm/12.2.rel1_2023.7/bin/../lib/gcc/arm-none-eabi/12.2.1/thumb/v8-m.main+fp/hard\libc_nano.a(libc_a-exit.o)
                0x080085c4                exit
 .text.__libc_init_array
                0x080085e8       0x48 c:/siliconlabs/simplicitystudio/v5/developer/toolchains/gnu_arm/12.2.rel1_2023.7/bin/../lib/gcc/arm-none-eabi/12.2.1/thumb/v8-m.main+fp/hard\libc_nano.a(libc_a-init.o)
                0x080085e8                __libc_init_array
 .text.app_init
                0x08008630       0x12 ./app_init.o
                0x08008630                app_init
 .text.app_process_action
                0x08008642        0x8 ./app_process.o
                0x08008642                app_process_action
 .text.sl_rail_util_on_event
                0x0800864a        0x2 ./app_process.o
                0x0800864a                sl_rail_util_on_event
 .text.RAILCb_ConfigFrameTypeLength
                0x0800864c        0x2 ./autogen/rail_config.o
                0x0800864c                RAILCb_ConfigFrameTypeLength
 .text.sl_emlib_gpio_simple_init
                0x0800864e      0x144 ./autogen/sl_emlib_gpio_simple_init.o
                0x0800864e                sl_emlib_gpio_simple_init
 .text.sl_platform_init
                0x08008792       0x1c ./autogen/sl_event_handler.o
                0x08008792                sl_platform_init
 .text.sl_driver_init
                0x080087ae        0x8 ./autogen/sl_event_handler.o
                0x080087ae                sl_driver_init
 .text.sl_stack_init
                0x080087b6       0x14 ./autogen/sl_event_handler.o
                0x080087b6                sl_stack_init
 .text.sl_internal_app_init
                0x080087ca        0x2 ./autogen/sl_event_handler.o
                0x080087ca                sl_internal_app_init
 .text.sl_platform_process_action
                0x080087cc        0x2 ./autogen/sl_event_handler.o
                0x080087cc                sl_platform_process_action
 .text.sl_service_process_action
                0x080087ce        0x2 ./autogen/sl_event_handler.o
                0x080087ce                sl_service_process_action
 .text.sl_stack_process_action
                0x080087d0        0x2 ./autogen/sl_event_handler.o
                0x080087d0                sl_stack_process_action
 .text.sl_internal_app_process_action
                0x080087d2        0x2 ./autogen/sl_event_handler.o
                0x080087d2                sl_internal_app_process_action
 .text.sl_iostream_init_instances
                0x080087d4        0x8 ./autogen/sl_event_handler.o
                0x080087d4                sl_iostream_init_instances
 .text.sl_service_init
                0x080087dc        0xc ./autogen/sl_event_handler.o
                0x080087dc                sl_service_init
 .text.sl_iostream_eusart_init_instances
                0x080087e8        0x8 ./autogen/sl_iostream_init_eusart_instances.o
                0x080087e8                sl_iostream_eusart_init_instances
 .text.sl_rail_util_on_assert_failed
                0x080087f0        0x2 ./autogen/sl_rail_util_callbacks.o
                0x080087f0                sl_rail_util_on_assert_failed
 .text.RAILCb_AssertFailed
                0x080087f2        0x8 ./autogen/sl_rail_util_callbacks.o
                0x080087f2                RAILCb_AssertFailed
 .text.sl_rail_util_on_rf_ready
                0x080087fa        0x2 ./autogen/sl_rail_util_callbacks.o
                0x080087fa                sl_rail_util_on_rf_ready
 .text.sli_rail_util_on_rf_ready
                0x080087fc        0x8 ./autogen/sl_rail_util_callbacks.o
                0x080087fc                sli_rail_util_on_rf_ready
 .text.sl_rail_util_on_channel_config_change
                0x08008804        0x2 ./autogen/sl_rail_util_callbacks.o
                0x08008804                sl_rail_util_on_channel_config_change
 .text.sli_rail_util_on_channel_config_change
                0x08008806       0x14 ./autogen/sl_rail_util_callbacks.o
                0x08008806                sli_rail_util_on_channel_config_change
 .text.sli_rail_util_on_event
                0x0800881a        0x8 ./autogen/sl_rail_util_callbacks.o
                0x0800881a                sli_rail_util_on_event
 .text.sl_rail_util_init
                0x08008822        0x8 ./autogen/sl_rail_util_init.o
                0x08008822                sl_rail_util_init
 .text.Default_Handler
                0x0800882a        0x2 ./gecko_sdk_4.4.6/platform/Device/SiliconLabs/EFR32FG23/Source/startup_efr32fg23.o
                0x0800882a                ULFRCO_IRQHandler
                0x0800882a                SW2_IRQHandler
                0x0800882a                TIMER2_IRQHandler
                0x0800882a                DebugMon_Handler
                0x0800882a                USART0_TX_IRQHandler
                0x0800882a                IADC_IRQHandler
                0x0800882a                EUSART0_TX_IRQHandler
                0x0800882a                I2C0_IRQHandler
                0x0800882a                LFXO_IRQHandler
                0x0800882a                VDAC_IRQHandler
                0x0800882a                HardFault_Handler
                0x0800882a                SMU_SECURE_IRQHandler
                0x0800882a                SysTick_Handler
                0x0800882a                EMUEFP_IRQHandler
                0x0800882a                EUSART2_TX_IRQHandler
                0x0800882a                PendSV_Handler
                0x0800882a                NMI_Handler
                0x0800882a                HFXO0_IRQHandler
                0x0800882a                I2C1_IRQHandler
                0x0800882a                WDOG0_IRQHandler
                0x0800882a                TIMER3_IRQHandler
                0x0800882a                SYSCFG_IRQHandler
                0x0800882a                MSC_IRQHandler
                0x0800882a                DPLL0_IRQHandler
                0x0800882a                UsageFault_Handler
                0x0800882a                WDOG1_IRQHandler
                0x0800882a                M33CTI1_IRQHandler
                0x0800882a                TIMER4_IRQHandler
                0x0800882a                GPIO_EVEN_IRQHandler
                0x0800882a                SEMBTX_IRQHandler
                0x0800882a                SW0_IRQHandler
                0x0800882a                TIMER0_IRQHandler
                0x0800882a                LCD_IRQHandler
                0x0800882a                LETIMER0_IRQHandler
                0x0800882a                TIMER1_IRQHandler
                0x0800882a                HFRCO0_IRQHandler
                0x0800882a                SecureFault_Handler
                0x0800882a                DCDC_IRQHandler
                0x0800882a                Default_Handler
                0x0800882a                EMU_IRQHandler
                0x0800882a                SW3_IRQHandler
                0x0800882a                KERNEL0_IRQHandler
                0x0800882a                PCNT0_IRQHandler
                0x0800882a                KERNEL1_IRQHandler
                0x0800882a                KEYSCAN_IRQHandler
                0x0800882a                sl_app_properties
                0x0800882a                HFRCOEM23_IRQHandler
                0x0800882a                BURTC_IRQHandler
                0x0800882a                SEMBRX_IRQHandler
                0x0800882a                LFRCO_IRQHandler
                0x0800882a                ACMP0_IRQHandler
                0x0800882a                USART0_RX_IRQHandler
                0x0800882a                SVC_Handler
                0x0800882a                EUSART2_RX_IRQHandler
                0x0800882a                SMU_S_PRIVILEGED_IRQHandler
                0x0800882a                SW1_IRQHandler
                0x0800882a                CMU_IRQHandler
                0x0800882a                EUSART0_RX_IRQHandler
                0x0800882a                SETAMPERHOST_IRQHandler
                0x0800882a                GPIO_ODD_IRQHandler
                0x0800882a                LESENSE_IRQHandler
                0x0800882a                AES_IRQHandler
                0x0800882a                M33CTI0_IRQHandler
                0x0800882a                ICACHE0_IRQHandler
                0x0800882a                SMU_NS_PRIVILEGED_IRQHandler
                0x0800882a                FPUEXH_IRQHandler
                0x0800882a                ACMP1_IRQHandler
                0x0800882a                BusFault_Handler
                0x0800882a                MPAHBRAM_IRQHandler
                0x0800882a                SYSRTC_APP_IRQHandler
 .text.FlashToRamCopy
                0x0800882c       0x18 ./gecko_sdk_4.4.6/platform/Device/SiliconLabs/EFR32FG23/Source/system_efr32fg23.o
                0x0800882c                FlashToRamCopy
 .text.SystemCLKIN0Get
                0x08008844        0x4 ./gecko_sdk_4.4.6/platform/Device/SiliconLabs/EFR32FG23/Source/system_efr32fg23.o
                0x08008844                SystemCLKIN0Get
 .text.SystemLFRCOClockGet
                0x08008848        0x6 ./gecko_sdk_4.4.6/platform/Device/SiliconLabs/EFR32FG23/Source/system_efr32fg23.o
                0x08008848                SystemLFRCOClockGet
 .text.SystemULFRCOClockGet
                0x0800884e        0x6 ./gecko_sdk_4.4.6/platform/Device/SiliconLabs/EFR32FG23/Source/system_efr32fg23.o
                0x0800884e                SystemULFRCOClockGet
 .text.DMADRV_PeripheralMemory
                0x08008854       0x36 ./gecko_sdk_4.4.6/platform/emdrv/dmadrv/src/dmadrv.o
                0x08008854                DMADRV_PeripheralMemory
 .text.traceClkGet
                0x0800888a       0x16 ./gecko_sdk_4.4.6/platform/emlib/src/em_cmu.o
 .text.sysTickClkGet
                0x080088a0       0x3c ./gecko_sdk_4.4.6/platform/emlib/src/em_cmu.o
 .text.BUS_RegMaskedWrite
                0x080088dc       0x1c ./gecko_sdk_4.4.6/platform/emlib/src/em_cmu.o
 .text.waitStateMax
                0x080088f8        0xe ./gecko_sdk_4.4.6/platform/emlib/src/em_cmu.o
 .text.CMU_ClockFreqGet
                0x08008906      0x3a8 ./gecko_sdk_4.4.6/platform/emlib/src/em_cmu.o
                0x08008906                CMU_ClockFreqGet
 .text.CMU_UpdateWaitStates
                0x08008cae       0x16 ./gecko_sdk_4.4.6/platform/emlib/src/em_cmu.o
                0x08008cae                CMU_UpdateWaitStates
 .text.pclkDivMax
                0x08008cc4        0xe ./gecko_sdk_4.4.6/platform/emlib/src/em_cmu.o
 .text.sli_em_cmu_SYSCLKInitPreClockSelect
                0x08008cd2       0x18 ./gecko_sdk_4.4.6/platform/emlib/src/em_cmu.o
                0x08008cd2                sli_em_cmu_SYSCLKInitPreClockSelect
 .text.CORE_EnterCritical
                0x08008cea        0x8 ./gecko_sdk_4.4.6/platform/emlib/src/em_core.o
                0x08008cea                CORE_EnterCritical
 .text.CORE_ExitCritical
                0x08008cf2        0x6 ./gecko_sdk_4.4.6/platform/emlib/src/em_core.o
                0x08008cf2                CORE_ExitCritical
 .text.CORE_EnterAtomic
                0x08008cf8        0xc ./gecko_sdk_4.4.6/platform/emlib/src/em_core.o
                0x08008cf8                CORE_EnterAtomic
 .text.CORE_ExitAtomic
                0x08008d04        0x6 ./gecko_sdk_4.4.6/platform/emlib/src/em_core.o
                0x08008d04                CORE_ExitAtomic
 .text.EMU_EFPEM01VScale
                0x08008d0a        0x2 ./gecko_sdk_4.4.6/platform/emlib/src/em_emu.o
                0x08008d0a                EMU_EFPEM01VScale
 .text.EUSART_Disable
                0x08008d0c       0x3e ./gecko_sdk_4.4.6/platform/emlib/src/em_eusart.o
 .text.EUSART_Enable
                0x08008d4a       0x4a ./gecko_sdk_4.4.6/platform/emlib/src/em_eusart.o
                0x08008d4a                EUSART_Enable
 .text.EUSART_Tx
                0x08008d94        0xc ./gecko_sdk_4.4.6/platform/emlib/src/em_eusart.o
                0x08008d94                EUSART_Tx
 .text.EUSART_UartInitHf
                0x08008da0        0xc ./gecko_sdk_4.4.6/platform/emlib/src/em_eusart.o
                0x08008da0                EUSART_UartInitHf
 .text.EUSART_UartInitLf
                0x08008dac        0xc ./gecko_sdk_4.4.6/platform/emlib/src/em_eusart.o
                0x08008dac                EUSART_UartInitLf
 .text.BUS_RegMaskedWrite
                0x08008db8       0x1c ./gecko_sdk_4.4.6/platform/emlib/src/em_gpio.o
 .text.sl_rail_util_protocol_config_proprietary
                0x08008dd4        0xc ./gecko_sdk_4.4.6/platform/radio/rail_lib/plugin/rail_util_protocol/sl_rail_util_protocol.o
 .text.sl_rail_util_protocol_config
                0x08008de0       0x1e ./gecko_sdk_4.4.6/platform/radio/rail_lib/plugin/rail_util_protocol/sl_rail_util_protocol.o
                0x08008de0                sl_rail_util_protocol_config
 .text.sl_rail_util_rssi_init
                0x08008dfe        0xe ./gecko_sdk_4.4.6/platform/radio/rail_lib/plugin/rail_util_rssi/sl_rail_util_rssi.o
                0x08008dfe                sl_rail_util_rssi_init
 .text.eusart_deinit
                0x08008e0c       0x7c ./gecko_sdk_4.4.6/platform/service/iostream/src/sl_iostream_eusart.o
 .text.eusart_set_next_byte_detect
                0x08008e88       0x34 ./gecko_sdk_4.4.6/platform/service/iostream/src/sl_iostream_eusart.o
 .text.eusart_tx
                0x08008ebc        0xc ./gecko_sdk_4.4.6/platform/service/iostream/src/sl_iostream_eusart.o
 .text.sl_iostream_eusart_irq_handler
                0x08008ec8       0x90 ./gecko_sdk_4.4.6/platform/service/iostream/src/sl_iostream_eusart.o
                0x08008ec8                sl_iostream_eusart_irq_handler
 .text._exit    0x08008f58        0x2 ./gecko_sdk_4.4.6/platform/service/iostream/src/sl_iostream_retarget_stdio.o
                0x08008f58                _exit
 .text.set_auto_cr_lf
                0x08008f5a        0x6 ./gecko_sdk_4.4.6/platform/service/iostream/src/sl_iostream_uart.o
 .text.get_auto_cr_lf
                0x08008f60        0x6 ./gecko_sdk_4.4.6/platform/service/iostream/src/sl_iostream_uart.o
 .text.scan_for_ctrl_char
                0x08008f66       0x62 ./gecko_sdk_4.4.6/platform/service/iostream/src/sl_iostream_uart.o
 .text.nolock_uart_write
                0x08008fc8       0x6a ./gecko_sdk_4.4.6/platform/service/iostream/src/sl_iostream_uart.o
 .text.uart_write
                0x08009032        0xa ./gecko_sdk_4.4.6/platform/service/iostream/src/sl_iostream_uart.o
 .text.read_rx_buffer
                0x0800903c       0xec ./gecko_sdk_4.4.6/platform/service/iostream/src/sl_iostream_uart.o
 .text.uart_read
                0x08009128       0x32 ./gecko_sdk_4.4.6/platform/service/iostream/src/sl_iostream_uart.o
 .text.ARM_MPU_SetMemAttrEx
                0x0800915a       0x32 ./gecko_sdk_4.4.6/platform/service/mpu/src/sl_mpu.o
 .text.mpu_fault_handler
                0x0800918c        0x6 ./gecko_sdk_4.4.6/platform/service/mpu/src/sl_mpu.o
                0x0800918c                mpu_fault_handler
 .text.MemManage_Handler
                0x08009192        0x8 ./gecko_sdk_4.4.6/platform/service/mpu/src/sl_mpu.o
                0x08009192                MemManage_Handler
 .text.sl_system_init
                0x0800919a       0x18 ./gecko_sdk_4.4.6/platform/service/system/src/sl_system_init.o
                0x0800919a                sl_system_init
 .text.sl_system_process_action
                0x080091b2       0x14 ./gecko_sdk_4.4.6/platform/service/system/src/sl_system_process_action.o
                0x080091b2                sl_system_process_action
 .text.RAILINT_6979ba8ef0cdf0533448ae6961caa387
                0x080091c6        0x6 C:/Users/SeigoSakaki/SimplicityStudio/SDKs/gecko_sdk//platform/radio/rail_lib/autogen/librail_release/librail_efr32xg23_gcc_release.a(rail_zwave_rf_hal.o)
                0x080091c6                RAILINT_6979ba8ef0cdf0533448ae6961caa387
 .text.RAILINT_d0b740e0d56386369c32583de8fcbef5
                0x080091cc        0x8 C:/Users/SeigoSakaki/SimplicityStudio/SDKs/gecko_sdk//platform/radio/rail_lib/autogen/librail_release/librail_efr32xg23_gcc_release.a(rail_zwave_rf_hal.o)
                0x080091cc                RAILINT_d0b740e0d56386369c32583de8fcbef5
 .text.RAILINT_5f7271c9289cd163a868296ec8a13255
                0x080091d4       0x68 C:/Users/SeigoSakaki/SimplicityStudio/SDKs/gecko_sdk//platform/radio/rail_lib/autogen/librail_release/librail_efr32xg23_gcc_release.a(rail_zwave_rf_hal.o)
                0x080091d4                RAILINT_5f7271c9289cd163a868296ec8a13255
 .text.RAILINT_5e8e9467b0c1450a5e8b8c0a2125b945
                0x0800923c       0x4c C:/Users/SeigoSakaki/SimplicityStudio/SDKs/gecko_sdk//platform/radio/rail_lib/autogen/librail_release/librail_efr32xg23_gcc_release.a(rfhal_ircal.o)
                0x0800923c                RAILINT_5e8e9467b0c1450a5e8b8c0a2125b945
 .text.RAILINT_6b0c5902ca813fd0fa7fd974a54fd3be
                0x08009288       0x48 C:/Users/SeigoSakaki/SimplicityStudio/SDKs/gecko_sdk//platform/radio/rail_lib/autogen/librail_release/librail_efr32xg23_gcc_release.a(rfhal_pa.o)
 .text.RAILINT_f39e32907732bd5a8a1ddb0f9d681d93
                0x080092d0        0xc C:/Users/SeigoSakaki/SimplicityStudio/SDKs/gecko_sdk//platform/radio/rail_lib/autogen/librail_release/librail_efr32xg23_gcc_release.a(rfhal_pa.o)
                0x080092d0                RAILINT_f39e32907732bd5a8a1ddb0f9d681d93
 .text.RAILINT_4afebab4d21eb082c7788c52f582aebd
                0x080092dc        0x4 C:/Users/SeigoSakaki/SimplicityStudio/SDKs/gecko_sdk//platform/radio/rail_lib/autogen/librail_release/librail_efr32xg23_gcc_release.a(rfhal_pa.o)
                0x080092dc                RAILINT_4afebab4d21eb082c7788c52f582aebd
 .text.RAILINT_fdb72a38ba19fe991e9d245e317c2d16
                0x080092e0        0x2 C:/Users/SeigoSakaki/SimplicityStudio/SDKs/gecko_sdk//platform/radio/rail_lib/autogen/librail_release/librail_efr32xg23_gcc_release.a(rfhal_pa.o)
                0x080092e0                RAILINT_fdb72a38ba19fe991e9d245e317c2d16
 .text.RAILINT_2223a417874d3df58e7836e188fbd679
                0x080092e2        0xe C:/Users/SeigoSakaki/SimplicityStudio/SDKs/gecko_sdk//platform/radio/rail_lib/autogen/librail_release/librail_efr32xg23_gcc_release.a(rfhal_protimer.o)
                0x080092e2                RAILINT_2223a417874d3df58e7836e188fbd679
 .text.RAILINT_880ea347ba5a380aeb65b9c33560ef79
                0x080092f0       0x16 C:/Users/SeigoSakaki/SimplicityStudio/SDKs/gecko_sdk//platform/radio/rail_lib/autogen/librail_release/librail_efr32xg23_gcc_release.a(rfhal_protimer.o)
                0x080092f0                RAILINT_880ea347ba5a380aeb65b9c33560ef79
 .text.RAILINT_f8a90379e9f3407300bb750a181afbe4
                0x08009306       0x12 C:/Users/SeigoSakaki/SimplicityStudio/SDKs/gecko_sdk//platform/radio/rail_lib/autogen/librail_release/librail_efr32xg23_gcc_release.a(rfhal_radio.o)
 .text.RAILINT_c174cd7e27ebfe1b2de47ff269c167ee
                0x08009318       0x7e C:/Users/SeigoSakaki/SimplicityStudio/SDKs/gecko_sdk//platform/radio/rail_lib/autogen/librail_release/librail_efr32xg23_gcc_release.a(rfhal_radio.o)
                0x08009318                RAILINT_c174cd7e27ebfe1b2de47ff269c167ee
 .text.RAILINT_43ae21a22b6204273e89e527a423910e